******************************************************************************
                  TI ARM Linker PC v16.9.6                     
******************************************************************************
>> Linked Fri Sep 28 17:14:07 2018

OUTPUT FILE NAME:   <xwr16xx_ods_ti_design_mss.xer4f>
ENTRY POINT SYMBOL: "_c_int00"  address: 00010e6c


MEMORY CONFIGURATION

         name            origin    length      used     unused   attr    fill
----------------------  --------  ---------  --------  --------  ----  --------
  VECTORS               00000000   00000100  0000003c  000000c4     X
  PROG_RAM              00000100   0003ff00  00017ba4  0002835c  R  X
  DATA_RAM              08000000   00030000  0000c8d0  00023730  RW  
  L3_RAM                51000000   000a0000  00000000  000a0000  RW  
  HWA_RAM               52030000   00010000  00000000  00010000  RW  
  HS_RAM                52080000   00008000  00000000  00008000  RW  


SEGMENT ALLOCATION MAP

run origin  load origin   length   init length attrs members
----------  ----------- ---------- ----------- ----- -------
00000000    00000000    0000003c   0000003c    r--
  00000000    00000000    0000003c   0000003c    r-- .vecs
00000100    00000100    00017ba8   00017ba8    r-x
  00000100    00000100    00014e84   00014e84    r-x .text
  00014f88    00014f88    00002968   00002968    r-- .const
  000178f0    000178f0    000003b8   000003b8    r-- .cinit
08000000    08000000    0000a184   00000000    rw-
  08000000    08000000    00008000   00000000    rw- systemHeap
  08008000    08008000    00002184   00000000    rw- .bss
0800a1a0    0800a1a0    00002750   00000000    rw-
  0800a1a0    0800a1a0    00001000   00000000    rw- .stack
  0800b1a0    0800b1a0    00000f4c   00000000    rw- .data
  0800c0f0    0800c0f0    00000800   00000000    rw- .myFiqStack


SECTION ALLOCATION MAP

 output                                  attributes/
section   page    origin      length       input sections
--------  ----  ----------  ----------   ----------------
.text      0    00000100    00014e84     
                  00000100    0000107a     rtsv7R4_T_le_v3D16_eabi.lib : _printfi.obj (.text)
                  0000117a    00000006     libosal_xwr16xx.aer4f : HwiP_tirtos.oer4f (.text:HwiP_restore)
                  00001180    00000760     sysbios.aer4f : BIOS.obj (.text:xdc_runtime_System_doPrint__I)
                  000018e0    00000646     mss_ods_cli.obj (.text:OdsDemo_CLIInit)
                  00001f26    0000000a     libosal_xwr16xx.aer4f : MemoryP_tirtos.oer4f (.text:MemoryP_ctrlFree)
                  00001f30    0000059c     sysbios.aer4f : BIOS.obj (.text:ti_sysbios_knl_Event_pend__E)
                  000024cc    00000004     libosal_xwr16xx.aer4f : HwiP_tirtos.oer4f (.text:HwiP_disableInterrupt)
                  000024d0    000004f0     sysbios.aer4f : BIOS.obj (.text:ti_sysbios_knl_Semaphore_pend__E)
                  000029c0    000004b0     mss_main.obj (.text:OdsDemo_mssInitTask)
                  00002e70    000003f4     sysbios.aer4f : BIOS.obj (.text:ti_sysbios_knl_Task_Instance_finalize__E)
                  00003264    0000000c     libmmwave_xwr16xx.aer4f : mmwave_xwr16xx.oer4f (.text:MMWave_deviceMailboxCallbackFxn)
                  00003270    000003f0     sysbios.aer4f : BIOS.obj (.text:ti_sysbios_heaps_HeapMem_freeUnprotected__E)
                  00003660    00000354                   : BIOS.obj (.text:ti_sysbios_heaps_HeapMem_allocUnprotected__E)
                  000039b4    0000034c     mss_main.obj (.text:OdsDemo_mboxReadTask)
                  00003d00    0000034c     sysbios.aer4f : BIOS.obj (.text:ti_sysbios_knl_Task_sleep__E)
                  0000404c    00000004     libmmwave_xwr16xx.aer4f : mmwave_link.oer4f (.text:MMWave_disableDevice)
                  00004050    000002fc     sysbios.aer4f : BIOS.obj (.text:ti_sysbios_family_arm_exc_Exception_excDumpContext__I)
                  0000434c    00000004     libmmwave_xwr16xx.aer4f : mmwave_link.oer4f (.text:MMWave_enableDevice)
                  00004350    000002d4     sysbios.aer4f : BIOS.obj (.text:ti_sysbios_family_arm_v7r_vim_Hwi_dispatchIRQC__I)
                  00004624    000002b8     rtsv7R4_T_le_v3D16_eabi.lib : ull_div32.obj (.text)
                  000048dc    00000004     libmmwave_xwr16xx.aer4f : mmwave_listlib.oer4f (.text:MMWave_listGetHead)
                  000048e0    000002b8     sysbios.aer4f : BIOS.obj (.text:ti_sysbios_timers_rti_Timer_Module_startup__E)
                  00004b98    00000008     libosal_xwr16xx.aer4f : HwiP_tirtos.oer4f (.text:HwiP_disable)
                  00004ba0    000002b4     sysbios.aer4f : BIOS.obj (.text:ti_sysbios_knl_Task_Instance_init__E)
                  00004e54    0000000c     libmmwave_xwr16xx.aer4f : mmwave_osal.oer4f (.text:MMWave_osalMutexUnlock)
                  00004e60    000002b4     sysbios.aer4f : BIOS.obj (.text:ti_sysbios_knl_Task_Module_startup__E)
                  00005114    0000000c     libmmwave_xwr16xx.aer4f : mmwave_osal.oer4f (.text:MMWave_osalSemSignal)
                  00005120    0000029c     sysbios.aer4f : BIOS.obj (.text:ti_sysbios_family_arm_exc_Exception_excHandler__I)
                  000053bc    00000284     libsoc_xwr16xx.aer4f : soc_xwr16xx_mss.oer4f (.text:SOC_deviceInit)
                  00005640    0000027c     libmmwave_xwr16xx.aer4f : mmwave_xwr16xx.oer4f (.text:MMWave_deviceExecuteFxn)
                  000058bc    00000004                             : mmwave_listlib.oer4f (.text:MMWave_listGetNext)
                  000058c0    00000268     sysbios.aer4f : BIOS.obj (.text:xdc_runtime_Error_policyDefault__E)
                  00005b28    00000260     libmailbox_xwr16xx.aer4f : mailbox.oer4f (.text:Mailbox_open)
                  00005d88    00000008     libmmwave_xwr16xx.aer4f : mmwave.oer4f (.text:MMWave_decodeErrorLevel)
                  00005d90    00000248     sysbios.aer4f : BIOS.obj (.text:ti_sysbios_knl_Event_post__E)
                  00005fd8    00000240     libcli_xwr16xx.aer4f : cli_mmwave.oer4f (.text:CLI_MMWaveProfileCfg)
                  00006218    00000240     mss_main.obj (.text:OdsDemo_mssCtrlPathTask)
                  00006458    00000008     libmmwave_xwr16xx.aer4f : mmwave_link.oer4f (.text:MMWave_mboxCallbackFxn)
                  00006460    00000218     sysbios.aer4f : BIOS.obj (.text:ti_sysbios_knl_Semaphore_post__E)
                  00006678    00000214     libuart_xwr16xx.aer4f : uartsci.oer4f (.text:UartSci_open)
                  0000688c    00000205     libcli_xwr16xx.aer4f : cli_mmwave.oer4f (.text:CLI_MMWaveVersion)
                  00006a91    00000001     --HOLE-- [fill = 0]
                  00006a92    00000002     libmmwave_xwr16xx.aer4f : mmwave_link.oer4f (.text:MMWave_maskHostIRQ)
                  00006a94    00000200     libcrc_xwr16xx.aer4f : crc.oer4f (.text:CRC_open)
                  00006c94    00000200     mss_main.obj (.text:OdsDemo_mssDataPathConfig)
                  00006e94    0000000c     mss_main.obj (.text:OdsDemo_mboxCallback)
                  00006ea0    000001f8     sysbios.aer4f : BIOS.obj (.text:ti_sysbios_family_arm_v7r_vim_Hwi_reconfig__E)
                  00007098    00000008     libosal_xwr16xx.aer4f : SemaphoreP_tirtos.oer4f (.text:SemaphoreP_Params_init)
                  000070a0    000001f8     sysbios.aer4f : BIOS.obj (.text:ti_sysbios_heaps_HeapMem_Instance_init__E)
                  00007298    000001f0     libDMA_xwr16xx.aer4f : dma.oer4f (.text:DMA_setChannelParams)
                  00007488    00000008     libmmwavelink_xwr16xx.aer4f : rl_driver.oer4f (.text:rlDriverGetHandle)
                  00007490    000001e8     sysbios.aer4f : BIOS.obj (.text:xdc_runtime_Core_createObject__I)
                  00007678    000001e4     rtsv7R4_T_le_v3D16_eabi.lib : strtod.obj (.text)
                  0000785c    000001d8     libcli_xwr16xx.aer4f : cli_mmwave.oer4f (.text:CLI_MMWaveChirpCfg)
                  00007a34    000001c8     rtsv7R4_T_le_v3D16_eabi.lib : fopen.obj (.text)
                  00007bfc    00000004     libmmwave_xwr16xx.aer4f : mmwave_link.oer4f (.text:MMWave_mboxClose)
                  00007c00    000001c4     sysbios.aer4f : BIOS.obj (.text:ti_sysbios_knl_Clock_workFunc__E)
                  00007dc4    000001ac     mss_main.obj (.text:OdsDemo_bpmConfig)
                  00007f70    000001a4     libcli_xwr16xx.aer4f : cli_mmwave.oer4f (.text:CLI_MMWaveSubFrameCfg)
                  00008114    000001a4     libmmwave_xwr16xx.aer4f : mmwave_xwr16xx.oer4f (.text:MMWave_serializeCfg)
                  000082b8    00000008     mss_ods_per4f.oer4f (.text:ti_sysbios_family_arm_TaskSupport_Module__startupDone__S)
                  000082c0    000001a0     sysbios.aer4f : BIOS.obj (.text:ti_sysbios_knl_Swi_run__I)
                  00008460    00000198     libmmwavelink_xwr16xx.aer4f : rl_driver.oer4f (.text:rlDriverCmdInvoke)
                  000085f8    00000008     sysbios.aer4f : BIOS.obj (.text:ti_sysbios_family_arm_v7a_Pmu_getEnabled__E)
                  00008600    00000190                   : BIOS.obj (.text:ti_sysbios_family_arm_v7r_vim_Hwi_Instance_init__E)
                  00008790    0000018c                   : BIOS.obj (.text:xdc_runtime_Core_constructObject__I)
                  0000891c    00000188     mss_ods_per4f.oer4f (.text:xdc_runtime_System_printfExtend__I)
                  00008aa4    00000184     libmmwavelink_xwr16xx.aer4f : rl_driver.oer4f (.text:rlDriverRxHdrRead)
                  00008c28    00000006                                 : rl_controller.oer4f (.text:rlGetSubBlockId)
                  00008c2e    00000002     mss_main.obj (.text:OdsDemo_mssMmwaveCloseCallbackFxn)
                  00008c30    00000184     sysbios.aer4f : BIOS.obj (.text:xdc_runtime_Startup_startMods__I)
                  00008db4    0000000c     libuart_xwr16xx.aer4f : UART.oer4f (.text:UART_Params_init)
                  00008dc0    00000174     sysbios.aer4f : BIOS.obj (.text:ti_sysbios_family_arm_v7r_vim_Hwi_Module_startup__E)
                  00008f34    0000000c     libuart_xwr16xx.aer4f : uartsci_dma.oer4f (.text:UartSci_isDMAEnabled)
                  00008f40    00000174     sysbios.aer4f : BIOS.obj (.text:ti_sysbios_heaps_HeapBuf_Module_startup__E)
                  000090b4    0000000c     rtsv7R4_T_le_v3D16_eabi.lib : copy_zero_init.obj (.text:decompress:ZI)
                  000090c0    00000174     sysbios.aer4f : BIOS.obj (.text:ti_sysbios_timers_rti_Timer_getFreq__E)
                  00009234    00000170     libgpio_xwr16xx.aer4f : gpio.oer4f (.text:GPIO_setConfig)
                  000093a4    0000000c     libmmwavelink_xwr16xx.aer4f : rl_driver.oer4f (.text:rlDriverGetPlatformId)
                  000093b0    00000154     sysbios.aer4f : BIOS.obj (.text:ti_sysbios_knl_Task_exit__E)
                  00009504    00000150     mss_ods_cli.obj (.text:OdsDemo_CLICalibDcRangeSig)
                  00009654    0000014c     libcli_xwr16xx.aer4f : cli_mmwave.oer4f (.text:CLI_MMWaveFrameCfg)
                  000097a0    0000014c                          : cli.oer4f (.text:CLI_task)
                  000098ec    0000014c     libmmwave_xwr16xx.aer4f : mmwave_link.oer4f (.text:MMWave_initMMWaveLink)
                  00009a38    0000014a     libuart_xwr16xx.aer4f : uartsci.oer4f (.text:UartSci_ISR)
                  00009b82    0000000e     mss_ods_cli.obj (.text:OdsDemo_CLISensorStop)
                  00009b90    00000148     sysbios.aer4f : BIOS.obj (.text:ti_sysbios_knl_Task_checkStacks__E)
                  00009cd8    00000138     mss_main.obj (.text:main)
                  00009e10    00000138     sysbios.aer4f : BIOS.obj (.text:ti_sysbios_family_arm_v7a_Pmu_configureCounter__E)
                  00009f48    00000006     libmmwavelink_xwr16xx.aer4f : rl_controller.oer4f (.text:rlGetSubBlockLen)
                  00009f4e    00000002     mss_main.obj (.text:OdsDemo_mssMmwaveOpenCallbackFxn)
                  00009f50    00000138     sysbios.aer4f : BIOS.obj (.text:ti_sysbios_knl_Task_schedule__I)
                  0000a088    00000130     mss_ods_cli.obj (.text:OdsDemo_CLICompRangeBiasAndRxChanPhaseCfg)
                  0000a1b8    00000004     libmmwave_xwr16xx.aer4f : mmwave_link.oer4f (.text:MMWave_mboxRead)
                  0000a1bc    00000004                             : mmwave_link.oer4f (.text:MMWave_registerInterruptHandler)
                  0000a1c0    00000130     sysbios.aer4f : BIOS.obj (.text:ti_sysbios_knl_Task_postInit__I)
                  0000a2f0    00000130                   : BIOS.obj (.text:ti_sysbios_knl_Task_startCore__E)
                  0000a420    00000128     libcli_xwr16xx.aer4f : cli_mmwave.oer4f (.text:CLI_MMWaveContModeCfg)
                  0000a548    00000128     libmmwavelink_xwr16xx.aer4f : rl_driver.oer4f (.text:rlDriverMsgRead)
                  0000a670    00000124     libcli_xwr16xx.aer4f : cli_mmwave.oer4f (.text:CLI_MMWaveAdvFrameCfg)
                  0000a794    0000000c     sysbios.aer4f : BIOS.obj (.text:ti_sysbios_family_arm_v7a_Pmu_configureCounterI__I)
                  0000a7a0    00000124                   : BIOS.obj (.text:ti_sysbios_gates_GateMutex_enter__E)
                  0000a8c4    0000000c                   : tms570_Core_asm.obj (.text:ti_sysbios_family_arm_v7r_tms570_Core_getId__E)
                  0000a8d0    00000120                   : BIOS.obj (.text:ti_sysbios_knl_Swi_post__E)
                  0000a9f0    0000011c                   : BIOS.obj (.text:ti_sysbios_timers_rti_Timer_startup__E)
                  0000ab0c    00000114     libmmwavelink_xwr16xx.aer4f : rl_driver.oer4f (.text:rlDriverCmdSendRetry)
                  0000ac20    0000010c     libmmwave_xwr16xx.aer4f : mmwave_xwr16xx.oer4f (.text:MMWave_deviceInitFxn)
                  0000ad2c    00000108     libmailbox_xwr16xx.aer4f : mailbox.oer4f (.text:Mailbox_write)
                  0000ae34    0000000a     libosal_xwr16xx.aer4f : SemaphoreP_tirtos.oer4f (.text:SemaphoreP_post)
                  0000ae3e    00000002     libuart_xwr16xx.aer4f : uartsci.oer4f (.text:UartSci_init)
                  0000ae40    00000108     sysbios.aer4f : BIOS.obj (.text:ti_sysbios_knl_Semaphore_Instance_init__E)
                  0000af48    00000104     libmmwave_xwr16xx.aer4f : mmwave_link.oer4f (.text:MMWave_startLink)
                  0000b04c    00000104     mss_main.obj (.text:OdsDemo_mssMmwaveEventCallbackFxn)
                  0000b150    00000100     libcli_xwr16xx.aer4f : cli_mmwave.oer4f (.text:CLI_MMWaveBPMCfgAdvanced)
                  0000b250    00000100     libmmwave_xwr16xx.aer4f : mmwave_link.oer4f (.text:MMWave_openLink)
                  0000b350    00000100     libmmwavelink_xwr16xx.aer4f : rl_driver.oer4f (.text:rlDriverInit)
                  0000b450    00000100     sysbios.aer4f : BIOS.obj (.text:xdc_runtime_Text_putMod__E)
                  0000b550    000000fc     libcrc_xwr16xx.aer4f : crc.oer4f (.text:CRC_computeSignature)
                  0000b64c    000000fc     libDMA_xwr16xx.aer4f : dma.oer4f (.text:DMA_disableInterrupt)
                  0000b748    00000004     libmmwave_xwr16xx.aer4f : mmwave_link.oer4f (.text:MMWave_unmaskHostIRQ)
                  0000b74c    00000004                             : mmwave_link.oer4f (.text:MMWave_waitIRQStatus)
                  0000b750    000000fc     sysbios.aer4f : BIOS.obj (.text:ti_sysbios_knl_Task_blockI__E)
                  0000b84c    000000f8     libmmwavelink_xwr16xx.aer4f : rl_driver.oer4f (.text:rlDriverRdVerifyMsg)
                  0000b944    0000000a     libuart_xwr16xx.aer4f : UART.oer4f (.text:UART_read)
                  0000b94e    00000002     rtsv7R4_T_le_v3D16_eabi.lib : i_div0.obj (.text)
                  0000b950    000000f6     sysbios.aer4f : BIOS.obj (.text:xdc_runtime_Text_putSite__E)
                  0000ba46    0000000a     libuart_xwr16xx.aer4f : UART.oer4f (.text:UART_write)
                  0000ba50    000000f4     sysbios.aer4f : BIOS.obj (.text:ti_sysbios_family_arm_v7r_vim_Hwi_mapChannel__I)
                  0000bb44    0000000a     libuart_xwr16xx.aer4f : UART.oer4f (.text:UART_writePolling)
                  0000bb4e    00000002     --HOLE-- [fill = 0]
                  0000bb50    000000f4     sysbios.aer4f : BIOS.obj (.text:ti_sysbios_knl_Task_unblockI__E)
                  0000bc44    000000ec     auto_init.aer4f : auto_init.oer4f (.text)
                  0000bd30    000000ec     rtsv7R4_T_le_v3D16_eabi.lib : s_scalbn.obj (.text)
                  0000be1c    000000e4     libDMA_xwr16xx.aer4f : dma.oer4f (.text:DMA_clearChannelInterruptFlag)
                  0000bf00    000000e4     libmmwave_xwr16xx.aer4f : mmwave_link.oer4f (.text:MMWave_asyncEventHandler)
                  0000bfe4    000000e0     libcli_xwr16xx.aer4f : cli.oer4f (.text:CLI_open)
                  0000c0c4    00000004     mss_main.obj (.text:OdsDemo_sleep)
                  0000c0c8    00000004     mss_ods_per4f.oer4f (.text:ti_sysbios_BIOS_RtsGateProxy_enter__E)
                  0000c0cc    00000004     mss_ods_per4f.oer4f (.text:ti_sysbios_BIOS_RtsGateProxy_leave__E)
                  0000c0d0    000000e0     sysbios.aer4f : BIOS.obj (.text:ti_sysbios_family_arm_v7a_Pmu_startCounter__E)
                  0000c1b0    000000dc     mss_ods_cli.obj (.text:OdsDemo_CLIPeakGroupingCfg)
                  0000c28c    000000dc     rtsv7R4_T_le_v3D16_eabi.lib : setvbuf.obj (.text)
                  0000c368    00000004     mss_ods_per4f.oer4f (.text:ti_sysbios_BIOS_nullFunc__I)
                  0000c36c    00000004     mss_ods_per4f.oer4f (.text:ti_sysbios_family_arm_v7r_vim_Hwi_delete)
                  0000c370    000000dc     sysbios.aer4f : BIOS.obj (.text:ti_sysbios_family_arm_v7r_vim_Hwi_initIntController__I)
                  0000c44c    00000004     mss_ods_per4f.oer4f (.text:ti_sysbios_heaps_HeapMem_Module_GateProxy_enter__E)
                  0000c450    000000dc     sysbios.aer4f : BIOS.obj (.text:xdc_runtime_Memory_alloc__E)
                  0000c52c    000000d8     libDMA_xwr16xx.aer4f : dma.oer4f (.text:DMA_enableInterrupt)
                  0000c604    000000d8     libmmwave_xwr16xx.aer4f : mmwave.oer4f (.text:MMWave_init)
                  0000c6dc    000000d8     mss_ods_cli.obj (.text:OdsDemo_CLIChirpQualityRxSatMonCfg)
                  0000c7b4    000000d4     libmailbox_xwr16xx.aer4f : mailbox.oer4f (.text:Mailbox_read)
                  0000c888    000000d4     mss_main.obj (.text:OdsDemo_mssDataPathStop)
                  0000c95c    000000d4     libmmwavelink_xwr16xx.aer4f : rl_sensor.oer4f (.text:rlSetMultiBpmChirpConfig)
                  0000ca30    000000d0     sysbios.aer4f : exc_Exception_asm.obj (.text:ti_sysbios_family_arm_exc_Exception_excHandlerAsm__I)
                  0000cb00    000000cc     libmmwavelink_xwr16xx.aer4f : rl_sensor.oer4f (.text:rlSetChirpConfig)
                  0000cbcc    000000cc     rtsv7R4_T_le_v3D16_eabi.lib : fflush.obj (.text)
                  0000cc98    00000004     mss_ods_per4f.oer4f (.text:ti_sysbios_heaps_HeapMem_Module_GateProxy_leave__E)
                  0000cc9c    00000004     mss_ods_per4f.oer4f (.text:ti_sysbios_knl_Clock_TimerProxy_getMaxTicks__E)
                  0000cca0    000000cc     sysbios.aer4f : BIOS.obj (.text:ti_sysbios_timers_rti_Timer_initDevice__I)
                  0000cd6c    000000c8     libmmwave_xwr16xx.aer4f : mmwave_fullcfg.oer4f (.text:MMWave_addChirp)
                  0000ce34    000000c8                             : mmwave_link.oer4f (.text:MMWave_configBPM)
                  0000cefc    000000c8                             : mmwave_fullcfg.oer4f (.text:MMWave_flushCfg)
                  0000cfc4    000000c8                             : mmwave_fullcfg.oer4f (.text:MMWave_getChirpHandle)
                  0000d08c    000000c4     mss_ods_cli.obj (.text:OdsDemo_CLILvdsStreamCfg)
                  0000d150    000000c4     sysbios.aer4f : BIOS.obj (.text:ti_sysbios_family_arm_v7r_vim_Hwi_Instance_finalize__E)
                  0000d214    000000c0     mss_ods_cli.obj (.text:OdsDemo_CLIChirpQualitySigImgMonCfg)
                  0000d2d4    000000c0     libmmwavelink_xwr16xx.aer4f : rl_sensor.oer4f (.text:rlSetFrameConfig)
                  0000d394    000000bc     libcli_xwr16xx.aer4f : cli.oer4f (.text:CLI_help)
                  0000d450    000000bc     libgpio_xwr16xx.aer4f : gpio.oer4f (.text:GPIO_write)
                  0000d50c    000000bc     libmmwave_xwr16xx.aer4f : mmwave_link.oer4f (.text:MMWave_computeCRC)
                  0000d5c8    000000bc     mss_ods_cli.obj (.text:OdsDemo_CLIBpmCfg)
                  0000d684    000000bc     mss_ods_cli.obj (.text:OdsDemo_CLICfarCfg)
                  0000d740    000000bc     rtsv7R4_T_le_v3D16_eabi.lib : open.obj (.text)
                  0000d7fc    00000004     mss_ods_per4f.oer4f (.text:ti_sysbios_knl_Semaphore_delete)
                  0000d800    000000bc     sysbios.aer4f : BIOS.obj (.text:xdc_runtime_Core_deleteObject__I)
                  0000d8bc    000000b8     mss_ods_cli.obj (.text:OdsDemo_CLIMeasureRangeBiasAndRxChanPhaseCfg)
                  0000d974    000000b8     libmmwavelink_xwr16xx.aer4f : rl_driver.oer4f (.text:rlDriverMsgWrite)
                  0000da2c    000000b6     libsoc_xwr16xx.aer4f : soc_mpu.o (.text)
                  0000dae2    00000002     --HOLE-- [fill = 0]
                  0000dae4    000000b4     mss_main.obj (.text:OdsDemo_mssDataPathStart)
                  0000db98    00000004     mss_ods_per4f.oer4f (.text:xdc_runtime_Startup_reset__I)
                  0000db9c    00000004     mss_ods_per4f.oer4f (.text:xdc_runtime_System_Module_GateProxy_enter__E)
                  0000dba0    000000b4     sysbios.aer4f : BIOS.obj (.text:ti_sysbios_knl_Swi_restoreHwi__E)
                  0000dc54    000000b2     libuart_xwr16xx.aer4f : uartsci_dma.oer4f (.text:UartSci_openDMA)
                  0000dd06    00000002     --HOLE-- [fill = 0]
                  0000dd08    000000b0     libmmwave_xwr16xx.aer4f : mmwave_fullcfg.oer4f (.text:MMWave_addProfile)
                  0000ddb8    000000b0     libmmwavelink_xwr16xx.aer4f : rl_sensor.oer4f (.text:rlSetProfileConfig)
                  0000de68    000000ae     rtsv7R4_T_le_v3D16_eabi.lib : _io_perm.obj (.text)
                  0000df16    00000002     --HOLE-- [fill = 0]
                  0000df18    000000ac     libesm_xwr16xx.aer4f : esm.oer4f (.text:ESM_processInterrupt)
                  0000dfc4    000000ac     mss_ods_cli.obj (.text:OdsDemo_CLISetDataLogger)
                  0000e070    000000ac     sysbios.aer4f : BIOS.obj (.text:xdc_runtime_Text_visitRope2__I)
                  0000e11c    000000a8     libcli_xwr16xx.aer4f : cli_mmwave.oer4f (.text:CLI_MMWaveExtensionHelp)
                  0000e1c4    000000a8     libmmwave_xwr16xx.aer4f : mmwave_link.oer4f (.text:MMWave_configureProfileChirp)
                  0000e26c    000000a8                             : mmwave_fullcfg.oer4f (.text:MMWave_getBpmChirpHandle)
                  0000e314    000000a8     libpinmux_xwr16xx.aer4f : pinmux.oer4f (.text:Pinmux_Set_OverrideCtrl)
                  0000e3bc    000000a8     libmmwavelink_xwr16xx.aer4f : rl_sensor.oer4f (.text:rlSetAdvFrameConfig)
                  0000e464    00000004     mss_ods_per4f.oer4f (.text:xdc_runtime_System_Module_GateProxy_leave__E)
                  0000e468    00000008     sysbios.aer4f : BIOS.obj (.tramp.ti_sysbios_family_arm_v7r_vim_Hwi_disableInterrupt__E.1)
                  0000e470    000000a8                   : BIOS.obj (.text:ti_sysbios_knl_Swi_schedule__I)
                  0000e518    00000008                   : BIOS.obj (.tramp.xdc_runtime_Memory_free__E.1)
                  0000e520    000000a8                   : BIOS.obj (.text:xdc_runtime_Error_print__E)
                  0000e5c8    000000a4     libDMA_xwr16xx.aer4f : dma.oer4f (.text:DMA_assignChannel)
                  0000e66c    000000a4                          : dma.oer4f (.text:DMA_getChannelInterruptFlag)
                  0000e710    000000a4     libesm_xwr16xx.aer4f : esm.oer4f (.text:ESM_init)
                  0000e7b4    000000a4     libmmwave_xwr16xx.aer4f : mmwave_fullcfg.oer4f (.text:MMWave_addBpmChirp)
                  0000e858    000000a4                             : mmwave.oer4f (.text:MMWave_start)
                  0000e8fc    000000a4     mss_ods_cli.obj (.text:OdsDemo_CLIGuiMonSel)
                  0000e9a0    000000a4     libsoc_xwr16xx.aer4f : soc_xwr16xx_mss.oer4f (.text:SOC_unhaltDSS)
                  0000ea44    000000a0     libmmwavelink_xwr16xx.aer4f : rl_driver.oer4f (.text:rlDriverWaitForResponse)
                  0000eae4    0000000c     rtsv7R4_T_le_v3D16_eabi.lib : fputc.obj (.tramp.putchar.1)
                  0000eaf0    000000a0     sysbios.aer4f : BIOS.obj (.text:xdc_runtime_Startup_exec__E)
                  0000eb90    0000009f                   : BIOS.obj (.text:xdc_runtime_Text_putLab__E)
                  0000ec2f    00000001     --HOLE-- [fill = 0]
                  0000ec30    0000009c     libmmwave_xwr16xx.aer4f : mmwave_link.oer4f (.text:MMWave_configLink)
                  0000eccc    0000009c                             : mmwave_fullcfg.oer4f (.text:MMWave_getProfileHandle)
                  0000ed68    0000009c     mss_main.obj (.text:OdsDemo_waitSensorStopComplete)
                  0000ee04    0000009c     libuart_xwr16xx.aer4f : uartsci.oer4f (.text:UartSci_write)
                  0000eea0    0000009c     rtsv7R4_T_le_v3D16_eabi.lib : memcpy_t2.obj (.text)
                  0000ef3c    00000004     --HOLE-- [fill = 0]
                  0000ef40    0000009c     sysbios.aer4f : BIOS.obj (.text:ti_sysbios_heaps_HeapMem_alloc__E)
                  0000efdc    00000004     --HOLE-- [fill = 0]
                  0000efe0    0000009c                   : BIOS.obj (.text:ti_sysbios_knl_Clock_logTick__E)
                  0000f07c    00000098     libmmwave_xwr16xx.aer4f : mmwave_fullcfg.oer4f (.text:MMWave_getChirpCfg)
                  0000f114    00000098     rtsv7R4_T_le_v3D16_eabi.lib : fclose.obj (.text)
                  0000f1ac    00000098                                 : fputc.obj (.text)
                  0000f244    00000098     sysbios.aer4f : vim_Hwi_asm_switch.obj (.text)
                  0000f2dc    00000004     --HOLE-- [fill = 0]
                  0000f2e0    00000098                   : BIOS.obj (.text:xdc_runtime_Assert_raise__I)
                  0000f378    00000096     libuart_xwr16xx.aer4f : uartsci.oer4f (.text:UartSci_readChar)
                  0000f40e    00000002     --HOLE-- [fill = 0]
                  0000f410    00000094     libmmwavelink_xwr16xx.aer4f : rl_driver.oer4f (.text:rlDriverDeInit)
                  0000f4a4    00000094                                 : rl_driver.oer4f (.text:rlDriverMsgReadCmdCtx)
                  0000f538    00000094     sysbios.aer4f : vim_Hwi_asm.obj (.text:ti_sysbios_family_arm_v7r_vim_Hwi_dispatchIRQ__I)
                  0000f5cc    00000090     libgpio_xwr16xx.aer4f : gpio.oer4f (.text:GPIO_init)
                  0000f65c    00000090     libmailbox_xwr16xx.aer4f : mailbox.oer4f (.text:Mailbox_close)
                  0000f6ec    00000090     mss_ods_cli.obj (.text:OdsDemo_CLIADCBufCfg)
                  0000f77c    00000090     libuart_xwr16xx.aer4f : uartsci_dma.oer4f (.text:UartSci_initiateTxDMA)
                  0000f80c    00000090                           : uartsci.oer4f (.text:UartSci_read)
                  0000f89c    00000004     --HOLE-- [fill = 0]
                  0000f8a0    00000090     sysbios.aer4f : BIOS.obj (.text:xdc_runtime_Core_assignLabel__I)
                  0000f930    0000008c     libcli_xwr16xx.aer4f : cli_mmwave.oer4f (.text:CLI_MMWaveDataOutputMode)
                  0000f9bc    0000008c     mss_ods_cli.obj (.text:OdsDemo_CLIAnalogMonitorCfg)
                  0000fa48    0000008c     libsoc_xwr16xx.aer4f : soc_xwr16xx.oer4f (.text:SOC_translateAddress)
                  0000fad4    0000008c     libuart_xwr16xx.aer4f : uartsci_dma.oer4f (.text:UartSci_initiateRxDMA)
                  0000fb60    0000008c     libmmwavelink_xwr16xx.aer4f : rl_device.oer4f (.text:rlDevicePowerOn)
                  0000fbec    0000008c                                 : rl_driver.oer4f (.text:rlDriverMsgCmdReply)
                  0000fc78    00000008     sysbios.aer4f : BIOS.obj (.tramp.ti_sysbios_knl_Semaphore_post__E.1)
                  0000fc80    0000008c                   : BIOS.obj (.text:ti_sysbios_knl_Swi_runLoop__I)
                  0000fd0c    00000088     libmmwave_xwr16xx.aer4f : mmwave_fullcfg.oer4f (.text:MMWave_getProfileCfg)
                  0000fd94    00000088     mss_ods_cli.obj (.text:OdsDemo_CLIMultiObjBeamForming)
                  0000fe1c    00000088     mss_ods_cli.obj (.text:OdsDemo_CLINearFieldCorrection)
                  0000fea4    00000088     mss_main.obj (.text:OdsDemo_waitSensorStartComplete)
                  0000ff2c    00000088     rtsv7R4_T_le_v3D16_eabi.lib : vsnprintf.obj (.text)
                  0000ffb4    00000088     mss_ods_per4f.oer4f (.text:ti_sysbios_family_arm_v7r_vim_Hwi_create)
                  0001003c    00000084     libmmwave_xwr16xx.aer4f : mmwave_xwr16xx.oer4f (.text:MMWave_deviceCfgAsyncEvent)
                  000100c0    00000084                             : mmwave_xwr16xx.oer4f (.text:MMWave_deviceEventFxn)
                  00010144    00000084                             : mmwave_fullcfg.oer4f (.text:MMWave_getNumBpmChirp)
                  000101c8    00000084     mss_main.obj (.text:OdsDemo_gpioSwitchTask)
                  0001024c    00000004     --HOLE-- [fill = 0]
                  00010250    00000084     sysbios.aer4f : BIOS.obj (.text:ti_sysbios_heaps_HeapMem_getStats__E)
                  000102d4    0000000c     rtsv7R4_T_le_v3D16_eabi.lib : fflush.obj (.tramp.fflush.1)
                  000102e0    00000084     sysbios.aer4f : BIOS.obj (.text:ti_sysbios_knl_Swi_startup__E)
                  00010364    00000080     libcli_xwr16xx.aer4f : cli_mmwave.oer4f (.text:CLI_MMWaveChannelCfg)
                  000103e4    00000080     libmmwave_xwr16xx.aer4f : mmwave_fullcfg.oer4f (.text:MMWave_getBpmChirpCfg)
                  00010464    00000080     libuart_xwr16xx.aer4f : uartsci.oer4f (.text:UartSci_writePolling)
                  000104e4    00000080     libmmwavelink_xwr16xx.aer4f : rl_driver.oer4f (.text:rlDriverExecuteGetApi)
                  00010564    00000080     mss_ods_per4f.oer4f (.text:ti_sysbios_knl_Task_create)
                  000105e4    0000007e     libosal_xwr16xx.aer4f : HwiP_tirtos.oer4f (.text:HwiP_create)
                  00010662    00000002     --HOLE-- [fill = 0]
                  00010664    0000007c     libmailbox_xwr16xx.aer4f : mailbox.oer4f (.text:Mailbox_init)
                  000106e0    0000007c     libuart_xwr16xx.aer4f : uartsci.oer4f (.text:UartSci_readPolling)
                  0001075c    0000007c     sysbios.aer4f : arm_TaskSupport_asm.obj (.text:_ti_sysbios_family_arm_TaskSupport_buildTaskStack)
                  000107d8    00000008                   : BIOS.obj (.tramp.xdc_runtime_Assert_raise__I.1)
                  000107e0    0000007c                   : BIOS.obj (.text:ti_sysbios_family_arm_v7r_vim_Hwi_phantomIntHandler__I)
                  0001085c    0000007b     mss_ods_cli.obj (.text:OdsDemo_CLIGetSubframe)
                  000108d7    00000001     --HOLE-- [fill = 0]
                  000108d8    0000007a     rtsv7R4_T_le_v3D16_eabi.lib : memset_t2.obj (.text)
                  00010952    00000002     --HOLE-- [fill = 0]
                  00010954    00000078     libcli_xwr16xx.aer4f : cli_mmwave.oer4f (.text:CLI_MMWaveADCCfg)
                  000109cc    00000078     libmmwave_xwr16xx.aer4f : mmwave_xwr16xx.oer4f (.text:MMWave_deviceOpenFxn)
                  00010a44    00000078                             : mmwave_fullcfg.oer4f (.text:MMWave_getNumChirps)
                  00010abc    00000078                             : mmwave.oer4f (.text:MMWave_open)
                  00010b34    00000078     mss_ods_cli.obj (.text:OdsDemo_CLIExtendedMaxVelocity)
                  00010bac    00000004     --HOLE-- [fill = 0]
                  00010bb0    00000078     sysbios.aer4f : BIOS.obj (.text:xdc_runtime_System_exit__E)
                  00010c28    00000074     libmmwave_xwr16xx.aer4f : mmwave.oer4f (.text:MMWave_config)
                  00010c9c    00000074                             : mmwave_xwr16xx.oer4f (.text:MMWave_deviceStartFxn)
                  00010d10    00000074     mss_ods_cli.obj (.text:OdsDemo_CLIClutterRemoval)
                  00010d84    00000074     mss_main.obj (.text:OdsDemo_Dss2MssISR)
                  00010df8    00000074     libsoc_xwr16xx.aer4f : soc.oer4f (.text:SOC_init)
                  00010e6c    00000074     boot.aer4f : boot.oer4f (.text)
                  00010ee0    00000074     libmmwavelink_xwr16xx.aer4f : rl_driver.oer4f (.text:rlDriverAsyncEventHandler)
                  00010f54    00000074                                 : rl_driver.oer4f (.text:rlDriverProcRdMsg)
                  00010fc8    00000074     rtsv7R4_T_le_v3D16_eabi.lib : getdevice.obj (.text)
                  0001103c    00000074                                 : s_frexp.obj (.text)
                  000110b0    00000072     libmmwavelink_xwr16xx.aer4f : rl_driver.oer4f (.text:rlDriverClientCbCheck)
                  00011122    00000002     --HOLE-- [fill = 0]
                  00011124    00000070     libmmwave_xwr16xx.aer4f : mmwave_xwr16xx.oer4f (.text:MMWave_deviceCfgFxn)
                  00011194    00000008     sysbios.aer4f : BIOS.obj (.tramp.ti_sysbios_knl_Event_post__E.1)
                  0001119c    00000004     --HOLE-- [fill = 0]
                  000111a0    00000070                   : BIOS.obj (.text:ti_sysbios_family_arm_v7r_vim_Hwi_getStackInfo__E)
                  00011210    00000070                   : BIOS.obj (.text:xdc_runtime_Text_xprintf__I)
                  00011280    0000006c     libDMA_xwr16xx.aer4f : dma.oer4f (.text:DMA_disableChannel)
                  000112ec    0000006c     libgpio_xwr16xx.aer4f : gpio.oer4f (.text:GPIO_enableInt)
                  00011358    0000006c     libmmwave_xwr16xx.aer4f : mmwave_link.oer4f (.text:MMWave_spawn)
                  000113c4    0000006c                             : mmwave_link.oer4f (.text:MMWave_stopLink)
                  00011430    0000006c     libpinmux_xwr16xx.aer4f : pinmux.oer4f (.text:Pinmux_Set_FuncSel)
                  0001149c    0000006c     rtsv7R4_T_le_v3D16_eabi.lib : copy_decompress_lzss.obj (.text:decompress:lzss)
                  00011508    0000006c                                 : trgmsg.obj (.text)
                  00011574    0000000c                                 : memset_t2.obj (.tramp.memset.1)
                  00011580    0000006c     sysbios.aer4f : BIOS.obj (.text:ti_sysbios_heaps_HeapMem_init__I)
                  000115ec    00000004     --HOLE-- [fill = 0]
                  000115f0    0000006c                   : BIOS.obj (.text:ti_sysbios_knl_Task_allBlockedFunction__I)
                  0001165c    00000004     --HOLE-- [fill = 0]
                  00011660    0000006c                   : BIOS.obj (.text:xdc_runtime_System_atexit__E)
                  000116cc    0000006a     libuart_xwr16xx.aer4f : uartsci.oer4f (.text:UartSci_control)
                  00011736    00000002     --HOLE-- [fill = 0]
                  00011738    00000068     libDMA_xwr16xx.aer4f : dma.oer4f (.text:DMA_enableChannel)
                  000117a0    00000068     libmmwave_xwr16xx.aer4f : mmwave_xwr16xx.oer4f (.text:MMWave_deviceStopFxn)
                  00011808    00000068     libmailbox_xwr16xx.aer4f : mailbox.oer4f (.text:Mailbox_readFlush)
                  00011870    00000068     libmmwavelink_xwr16xx.aer4f : rl_driver.oer4f (.text:rlDriverExecuteSetApi)
                  000118d8    00000068                                 : rl_driver.oer4f (.text:rlDriverHostIrqHandler)
                  00011940    00000068     rtsv7R4_T_le_v3D16_eabi.lib : hostlseek.obj (.text)
                  000119a8    00000068                                 : hostrename.obj (.text)
                  00011a10    00000068     sysbios.aer4f : BIOS.obj (.text:ti_sysbios_family_arm_v7r_tms570_Core_Module_startup__E)
                  00011a78    00000067     mss_main.obj (.text:OdsDemo_mssSetHsiClk)
                  00011adf    00000001     --HOLE-- [fill = 0]
                  00011ae0    00000066     libmmwavelink_xwr16xx.aer4f : rl_device.oer4f (.text:rlDevicePowerOff)
                  00011b46    00000002     --HOLE-- [fill = 0]
                  00011b48    00000064     libcli_xwr16xx.aer4f : cli_mmwave.oer4f (.text:CLI_MMWaveLowPowerCfg)
                  00011bac    00000064     libosal_xwr16xx.aer4f : SemaphoreP_tirtos.oer4f (.text:SemaphoreP_create)
                  00011c10    00000064     rtsv7R4_T_le_v3D16_eabi.lib : fseek.obj (.text)
                  00011c74    00000064                                 : sprintf.obj (.text)
                  00011cd8    00000064     sysbios.aer4f : exc_Exception_asm.obj (.text:ti_sysbios_family_arm_exc_Exception_initCore0__I)
                  00011d3c    00000004     --HOLE-- [fill = 0]
                  00011d40    00000064                   : BIOS.obj (.text:ti_sysbios_hal_Hwi_checkStack)
                  00011da4    0000000c     rtsv7R4_T_le_v3D16_eabi.lib : cpy_tbl.obj (.tramp.copy_in.1)
                  00011db0    00000064     sysbios.aer4f : BIOS.obj (.text:xdc_runtime_Core_assignParams__I)
                  00011e14    00000060     libcli_xwr16xx.aer4f : cli_mmwave.oer4f (.text:CLI_MMWaveExtensionHandler)
                  00011e74    00000060     libgpio_xwr16xx.aer4f : gpio.oer4f (.text:GPIO_setCallback)
                  00011ed4    0000000c     --HOLE-- [fill = 0]
                  00011ee0    00000060     sysbios.aer4f : BIOS.obj (.text:ti_sysbios_timers_rti_Timer_stop__E)
                  00011f40    0000005e     libuart_xwr16xx.aer4f : uartsci.oer4f (.text:UartSci_writeChar)
                  00011f9e    00000002     --HOLE-- [fill = 0]
                  00011fa0    0000005c     libmmwave_xwr16xx.aer4f : mmwave_link.oer4f (.text:MMWave_mboxOpen)
                  00011ffc    0000005c                             : mmwave.oer4f (.text:MMWave_stop)
                  00012058    0000005c     rtsv7R4_T_le_v3D16_eabi.lib : hostopen.obj (.text)
                  000120b4    0000005c                                 : hostread.obj (.text)
                  00012110    0000005a     libuart_xwr16xx.aer4f : uartsci.oer4f (.text:UartSci_readCancel)
                  0001216a    0000005a     libmmwavelink_xwr16xx.aer4f : rl_driver.oer4f (.text:rlDriverCalChkSum)
                  000121c4    00000058     libesm_xwr16xx.aer4f : esm.oer4f (.text:ESM_highpriority_FIQ)
                  0001221c    00000058     libmmwave_xwr16xx.aer4f : mmwave.oer4f (.text:MMWave_execute)
                  00012274    00000058                             : mmwave_link.oer4f (.text:MMWave_initCRC)
                  000122cc    00000058     mss_main.obj (.text:OdsDemo_mmWaveCtrlTask)
                  00012324    00000058     libuart_xwr16xx.aer4f : uartsci_dma.oer4f (.text:UartSci_closeDMA)
                  0001237c    00000058     libmmwavelink_xwr16xx.aer4f : rl_driver.oer4f (.text:rlDriverMsgReadSpawnCtx)
                  000123d4    00000058     rtsv7R4_T_le_v3D16_eabi.lib : close.obj (.text)
                  0001242c    00000058                                 : hostwrite.obj (.text)
                  00012484    0000000c     --HOLE-- [fill = 0]
                  00012490    00000058     sysbios.aer4f : BIOS.obj (.text:ti_sysbios_family_arm_TaskSupport_start__E)
                  000124e8    00000058     mss_ods_per4f.oer4f (.text:ti_sysbios_rts_gnu_MemAlloc_alloc)
                  00012540    00000056     libmmwavelink_xwr16xx.aer4f : rl_driver.oer4f (.text:rlDriverOsiCbCheck)
                  00012596    00000002     --HOLE-- [fill = 0]
                  00012598    00000054     libcrc_xwr16xx.aer4f : crc.oer4f (.text:CRC_getTransactionId)
                  000125ec    00000054     libDMA_xwr16xx.aer4f : dma.oer4f (.text:DMA_freeChannel)
                  00012640    00000054     libmmwave_xwr16xx.aer4f : mmwave_link.oer4f (.text:MMWave_initLink)
                  00012694    00000054     rtsv7R4_T_le_v3D16_eabi.lib : ltoa.obj (.text)
                  000126e8    00000008     --HOLE-- [fill = 0]
                  000126f0    00000054     sysbios.aer4f : BIOS.obj (.text:ti_sysbios_hal_Hwi_initStack)
                  00012744    00000054     mss_ods_per4f.oer4f (.text:ti_sysbios_knl_Semaphore_create)
                  00012798    00000008     --HOLE-- [fill = 0]
                  000127a0    00000053     sysbios.aer4f : BIOS.obj (.text:xdc_runtime_Text_printVisFxn__I)
                  000127f3    00000001     --HOLE-- [fill = 0]
                  000127f4    00000050     libcrc_xwr16xx.aer4f : crc.oer4f (.text:CRC_getSignature)
                  00012844    00000050     libmmwave_xwr16xx.aer4f : mmwave.oer4f (.text:MMWave_sync)
                  00012894    00000050     libmmwavelink_xwr16xx.aer4f : rl_driver.oer4f (.text:rlDeviceIdentifyCmdDir)
                  000128e4    00000050                                 : rl_driver.oer4f (.text:rlDriverVerifyCRC)
                  00012934    00000050     rtsv7R4_T_le_v3D16_eabi.lib : atoi.obj (.text)
                  00012984    00000050                                 : exit.obj (.text)
                  000129d4    00000050                                 : u_div32.obj (.text)
                  00012a24    0000000c     --HOLE-- [fill = 0]
                  00012a30    00000050     sysbios.aer4f : BIOS.obj (.text:ti_sysbios_knl_Event_pendTimeout__I)
                  00012a80    00000050                   : BIOS.obj (.text:ti_sysbios_knl_Semaphore_pendTimeout__I)
                  00012ad0    0000004c     libmailbox_xwr16xx.aer4f : mailbox.oer4f (.text:Mailbox_boxEmptyISRProcessing)
                  00012b1c    0000004c     libuart_xwr16xx.aer4f : uartsci.oer4f (.text:UartSci_writeCancel)
                  00012b68    0000004c     rtsv7R4_T_le_v3D16_eabi.lib : cpy_tbl.obj (.text)
                  00012bb4    0000004c     mss_ods_per4f.oer4f (.text:ti_sysbios_gates_GateHwi_Object__create__S)
                  00012c00    0000004c     mss_ods_per4f.oer4f (.text:ti_sysbios_gates_GateMutex_Object__create__S)
                  00012c4c    0000004c     mss_ods_per4f.oer4f (.text:ti_sysbios_heaps_HeapMem_Object__create__S)
                  00012c98    0000004c     mss_ods_per4f.oer4f (.text:ti_sysbios_knl_Event_create)
                  00012ce4    0000004c     mss_ods_per4f.oer4f (.text:ti_sysbios_knl_Semaphore_construct)
                  00012d30    0000004a     libmailbox_xwr16xx.aer4f : mailbox.oer4f (.text:Mailbox_boxFullISRProcessing)
                  00012d7a    00000002     --HOLE-- [fill = 0]
                  00012d7c    00000048     libcli_xwr16xx.aer4f : cli.oer4f (.text:CLI_write)
                  00012dc4    00000048     libmmwavelink_xwr16xx.aer4f : rl_device.oer4f (.text:rlDeviceGetVersion)
                  00012e0c    00000048                                 : rl_driver.oer4f (.text:rlDriverOsiInit)
                  00012e54    00000046     libmailbox_xwr16xx.aer4f : mailbox.oer4f (.text:CSL_FINSR)
                  00012e9a    00000044     libcrc_xwr16xx.aer4f : crc.oer4f (.text:CRC_resetSignature)
                  00012ede    00000002     --HOLE-- [fill = 0]
                  00012ee0    00000044     libmailbox_xwr16xx.aer4f : mailbox.oer4f (.text:Mailbox_boxFullISRMssDss)
                  00012f24    00000044     mss_ods_cli.obj (.text:OdsDemo_mssCfgUpdate)
                  00012f68    00000044     rtsv7R4_T_le_v3D16_eabi.lib : hostclose.obj (.text)
                  00012fac    00000044                                 : hostunlink.obj (.text)
                  00012ff0    00000044     mss_ods_per4f.oer4f (.text:ti_sysbios_BIOS_atExitFunc__I)
                  00013034    0000000c     --HOLE-- [fill = 0]
                  00013040    00000044     sysbios.aer4f : BIOS.obj (.text:ti_sysbios_heaps_HeapMem_free__E)
                  00013084    00000044     mss_ods_per4f.oer4f (.text:ti_sysbios_knl_Clock_doTick__I)
                  000130c8    00000044     mss_ods_per4f.oer4f (.text:ti_sysbios_knl_Queue_construct)
                  0001310c    00000004     --HOLE-- [fill = 0]
                  00013110    00000044     sysbios.aer4f : BIOS.obj (.text:ti_sysbios_knl_Swi_Module_startup__E)
                  00013154    0000000c     --HOLE-- [fill = 0]
                  00013160    00000044                   : BIOS.obj (.text:ti_sysbios_knl_Task_restoreHwi__E)
                  000131a4    0000000c     --HOLE-- [fill = 0]
                  000131b0    00000044                   : BIOS.obj (.text:ti_sysbios_timers_rti_Timer_periodicStub__E)
                  000131f4    00000042     libmmwave_xwr16xx.aer4f : mmwave_link.oer4f (.text:MMWave_executeLink)
                  00013236    00000040     libmmwavelink_xwr16xx.aer4f : rl_driver.oer4f (.text:rlDriverValidateHdr)
                  00013276    00000002     --HOLE-- [fill = 0]
                  00013278    00000040     rtsv7R4_T_le_v3D16_eabi.lib : strtok.obj (.text)
                  000132b8    0000003e     libDMA_xwr16xx.aer4f : dma.oer4f (.text:CSL_FINSR)
                  000132f6    0000003e     libcrc_xwr16xx.aer4f : crc.oer4f (.text:CSL_FINSR)
                  00013334    0000003e     libgpio_xwr16xx.aer4f : gpio.oer4f (.text:CSL_FINSR)
                  00013372    0000003e     libpinmux_xwr16xx.aer4f : pinmux.oer4f (.text:CSL_FINSR)
                  000133b0    0000003e     libsoc_xwr16xx.aer4f : soc.oer4f (.text:CSL_FINSR)
                  000133ee    0000003e                          : soc_xwr16xx.oer4f (.text:CSL_FINSR)
                  0001342c    0000003e                          : soc_xwr16xx_mss.oer4f (.text:CSL_FINSR)
                  0001346a    0000003e     libuart_xwr16xx.aer4f : uartsci.oer4f (.text:CSL_FINSR)
                  000134a8    0000003e     libmmwave_xwr16xx.aer4f : mmwave.oer4f (.text:MMWave_decodeError)
                  000134e6    0000003e     libuart_xwr16xx.aer4f : uartsci.oer4f (.text:UartSci_close)
                  00013524    0000003c     libcli_xwr16xx.aer4f : cli_mmwave.oer4f (.text:CLI_MMWaveFlushCfg)
                  00013560    0000003c     libmailbox_xwr16xx.aer4f : mailbox.oer4f (.text:Mailbox_writeReset)
                  0001359c    0000003c     libsoc_xwr16xx.aer4f : soc.oer4f (.text:SOC_unhaltBSS)
                  000135d8    0000003c     libmmwavelink_xwr16xx.aer4f : rl_controller.oer4f (.text:rlGetSubBlock)
                  00013614    0000003c     sysbios.aer4f : vim_Hwi_asm.obj (.text:ti_sysbios_family_arm_v7r_vim_Hwi_init__I)
                  00013650    0000003c                   : BIOS.obj (.text:xdc_runtime_System_aprintf_va__F)
                  0001368c    0000003a     libosal_xwr16xx.aer4f : HwiP_tirtos.oer4f (.text:HwiP_delete)
                  000136c6    00000002     --HOLE-- [fill = 0]
                  000136c8    00000038     libuart_xwr16xx.aer4f : UART.oer4f (.text:UART_init)
                  00013700    00000038     mss_ods_per4f.oer4f (.text:ti_sysbios_BIOS_startFunc__I)
                  00013738    00000008     --HOLE-- [fill = 0]
                  00013740    00000038     sysbios.aer4f : BIOS.obj (.text:xdc_runtime_System_printf_va__F)
                  00013778    00000036     libmmwavelink_xwr16xx.aer4f : rl_controller.oer4f (.text:rlAppendSubBlock)
                  000137ae    00000036     rtsv7R4_T_le_v3D16_eabi.lib : strncpy.obj (.text)
                  000137e4    00000034     libmmwave_xwr16xx.aer4f : mmwave_link.oer4f (.text:MMWave_mboxWrite)
                  00013818    00000034     mss_main.obj (.text:OdsDemo_installDss2MssExceptionSignallingISR)
                  0001384c    00000034     libsoc_xwr16xx.aer4f : soc_xwr16xx.oer4f (.text:SOC_setMMWaveDSSLinkState)
                  00013880    00000034                          : soc_xwr16xx.oer4f (.text:SOC_setMMWaveMSSLinkState)
                  000138b4    00000034     libuart_xwr16xx.aer4f : UART.oer4f (.text:UART_open)
                  000138e8    00000034     mss_ods_per4f.oer4f (.text:ti_sysbios_BIOS_errorRaiseHook__I)
                  0001391c    00000034     mss_ods_per4f.oer4f (.text:ti_sysbios_BIOS_registerRTSLock__I)
                  00013950    00000034     mss_ods_per4f.oer4f (.text:ti_sysbios_BIOS_removeRTSLock__I)
                  00013984    00000034     mss_ods_per4f.oer4f (.text:ti_sysbios_family_arm_v7r_vim_Hwi_Object__delete__S)
                  000139b8    00000034     mss_ods_per4f.oer4f (.text:ti_sysbios_gates_GateMutex_Object__delete__S)
                  000139ec    00000004     --HOLE-- [fill = 0]
                  000139f0    00000034     sysbios.aer4f : BIOS.obj (.text:ti_sysbios_knl_Clock_Module_startup__E)
                  00013a24    0000000c     --HOLE-- [fill = 0]
                  00013a30    00000034                   : BIOS.obj (.text:ti_sysbios_knl_Idle_run__E)
                  00013a64    00000034     mss_ods_per4f.oer4f (.text:ti_sysbios_knl_Semaphore_Object__delete__S)
                  00013a98    00000008     --HOLE-- [fill = 0]
                  00013aa0    00000034     sysbios.aer4f : BIOS.obj (.text:xdc_runtime_SysStd_abort__E)
                  00013ad4    00000032     libcrc_xwr16xx.aer4f : crc.oer4f (.text:CRC_getCRCDataSelectBitValue)
                  00013b06    00000002     --HOLE-- [fill = 0]
                  00013b08    00000032                          : crc.oer4f (.text:CRC_getCRCTypeBitValue)
                  00013b3a    00000030     libmmwave_xwr16xx.aer4f : mmwave_listlib.oer4f (.text:MMWave_listRemoveNode)
                  00013b6a    00000030     libmmwavelink_xwr16xx.aer4f : rl_sensor.oer4f (.text:rlSensorStart)
                  00013b9a    00000002     --HOLE-- [fill = 0]
                  00013b9c    00000030     mss_ods_per4f.oer4f (.text:ti_sysbios_BIOS_rtsLock__I)
                  00013bcc    00000004     --HOLE-- [fill = 0]
                  00013bd0    00000030     sysbios.aer4f : BIOS.obj (.text:ti_sysbios_family_arm_v7r_vim_Hwi_disableInterrupt__E)
                  00013c00    00000030                   : BIOS.obj (.text:ti_sysbios_family_arm_v7r_vim_Hwi_enableInterrupt__E)
                  00013c30    00000030     mss_ods_per4f.oer4f (.text:ti_sysbios_gates_GateHwi_Object__delete__S)
                  00013c60    00000030     sysbios.aer4f : BIOS.obj (.text:ti_sysbios_gates_GateMutex_Instance_init__E)
                  00013c90    00000030     mss_ods_per4f.oer4f (.text:ti_sysbios_heaps_HeapMem_Object__delete__S)
                  00013cc0    0000002c     libgpio_xwr16xx.aer4f : gpio.oer4f (.text:GPIO_HighPriorityISR)
                  00013cec    0000002c                           : gpio.oer4f (.text:GPIO_LowPriorityISR)
                  00013d18    0000002c     libmmwave_xwr16xx.aer4f : mmwave_osal.oer4f (.text:MMWave_osalMutexCreate)
                  00013d44    0000002c                             : mmwave_osal.oer4f (.text:MMWave_osalSemCreate)
                  00013d70    0000002c     libsoc_xwr16xx.aer4f : soc_xwr16xx_mss.oer4f (.text:SOC_waitBSSPowerUp)
                  00013d9c    0000002c     libmmwavelink_xwr16xx.aer4f : rl_device.oer4f (.text:rlDeviceGetMssVersion)
                  00013dc8    0000002c                                 : rl_sensor.oer4f (.text:rlSensorStop)
                  00013df4    0000002c     rtsv7R4_T_le_v3D16_eabi.lib : unlink.obj (.text)
                  00013e20    0000002c     mss_ods_per4f.oer4f (.text:ti_sysbios_gates_GateHwi_Handle__label__S)
                  00013e4c    0000002c     mss_ods_per4f.oer4f (.text:ti_sysbios_gates_GateMutex_Handle__label__S)
                  00013e78    0000002c     mss_ods_per4f.oer4f (.text:ti_sysbios_heaps_HeapMem_Handle__label__S)
                  00013ea4    0000002c     mss_ods_per4f.oer4f (.text:ti_sysbios_knl_Semaphore_destruct)
                  00013ed0    0000002c     sysbios.aer4f : BIOS.obj (.text:ti_sysbios_knl_Task_enter__I)
                  00013efc    0000002a     libsoc_xwr16xx.aer4f : soc.oer4f (.text:SOC_SystemISR)
                  00013f26    0000002a     rtsv7R4_T_le_v3D16_eabi.lib : strspn.obj (.text)
                  00013f50    00000028     libmailbox_xwr16xx.aer4f : mailbox.oer4f (.text:Mailbox_Config_init)
                  00013f78    00000028     libuart_xwr16xx.aer4f : uartsci_dma.oer4f (.text:UartSci_RxDMACallbackFxn)
                  00013fa0    00000028                           : uartsci_dma.oer4f (.text:UartSci_TxDMACallbackFxn)
                  00013fc8    00000028     mss_ods_per4f.oer4f (.text:free)
                  00013ff0    00000028     mss_ods_cli.obj (.text:log2Approx)
                  00014018    00000028     libmmwavelink_xwr16xx.aer4f : rl_device.oer4f (.text:rlDeviceGetMmWaveLinkVersion)
                  00014040    00000028                                 : rl_driver.oer4f (.text:rlDriverConstructInMsg)
                  00014068    00000028     rtsv7R4_T_le_v3D16_eabi.lib : lseek.obj (.text)
                  00014090    00000028                                 : write.obj (.text)
                  000140b8    00000028     mss_ods_per4f.oer4f (.text:ti_sysbios_BIOS_rtsUnlock__I)
                  000140e0    00000028     sysbios.aer4f : BIOS.obj (.text:ti_sysbios_family_arm_v7a_Pmu_Module_startup__E)
                  00014108    00000028     mss_ods_per4f.oer4f (.text:ti_sysbios_family_arm_v7r_vim_Hwi_Module__startupDone__F)
                  00014130    00000028     sysbios.aer4f : BIOS.obj (.text:ti_sysbios_gates_GateMutex_leave__E)
                  00014158    00000028     mss_ods_per4f.oer4f (.text:ti_sysbios_knl_Queue_destruct)
                  00014180    00000028     mss_ods_per4f.oer4f (.text:ti_sysbios_timers_rti_Timer_Module__startupDone__F)
                  000141a8    00000008     --HOLE-- [fill = 0]
                  000141b0    00000028     sysbios.aer4f : BIOS.obj (.text:xdc_runtime_Error_init__E)
                  000141d8    00000028     mss_ods_per4f.oer4f (.text:xdc_runtime_System_aprintf__E)
                  00014200    00000028     mss_ods_per4f.oer4f (.text:xdc_runtime_System_printf__E)
                  00014228    00000026     libmmwavelink_xwr16xx.aer4f : rl_sensor.oer4f (.text:rlRfInitCalibConfig)
                  0001424e    00000026                                 : rl_sensor.oer4f (.text:rlRfRunTimeCalibConfig)
                  00014274    00000026                                 : rl_sensor.oer4f (.text:rlRfSetCalMonFreqLimitConfig)
                  0001429a    00000026                                 : rl_sensor.oer4f (.text:rlRfSetDeviceCfg)
                  000142c0    00000026                                 : rl_sensor.oer4f (.text:rlSetAdcOutConfig)
                  000142e6    00000026                                 : rl_sensor.oer4f (.text:rlSetBpmCommonConfig)
                  0001430c    00000026                                 : rl_sensor.oer4f (.text:rlSetChannelConfig)
                  00014332    00000026                                 : rl_sensor.oer4f (.text:rlSetContModeConfig)
                  00014358    00000026     rtsv7R4_T_le_v3D16_eabi.lib : memcmp.obj (.text)
                  0001437e    00000024     libcrc_xwr16xx.aer4f : crc.oer4f (.text:CRC_isTransactionIdValid)
                  000143a2    00000002     --HOLE-- [fill = 0]
                  000143a4    00000024     libgpio_xwr16xx.aer4f : gpio.oer4f (.text:GPIO_processInterrupt)
                  000143c8    00000024     mss_main.obj (.text:OdsDemo_notifySensorStart)
                  000143ec    00000024     libsoc_xwr16xx.aer4f : soc_xwr16xx.oer4f (.text:SOC_isMMWaveDSSOperational)
                  00014410    00000024                          : soc_xwr16xx.oer4f (.text:SOC_isMMWaveMSSOperational)
                  00014434    00000024     libmmwavelink_xwr16xx.aer4f : rl_device.oer4f (.text:rlDeviceSetHsiClk)
                  00014458    00000024                                 : rl_sensor.oer4f (.text:rlEnableContMode)
                  0001447c    00000024                                 : rl_sensor.oer4f (.text:rlRfSetCalMonTimeUnitConfig)
                  000144a0    00000024                                 : rl_sensor.oer4f (.text:rlSetLowPowerModeConfig)
                  000144c4    00000022     mss_ods_cli.obj (.text:OdsDemo_CLISensorStart)
                  000144e6    00000022     libuart_xwr16xx.aer4f : uartsci.oer4f (.text:UartSci_disableRxDMA)
                  00014508    00000022                           : uartsci.oer4f (.text:UartSci_enableRxDMA)
                  0001452a    00000022     rtsv7R4_T_le_v3D16_eabi.lib : strcspn.obj (.text)
                  0001454c    00000020     libcli_xwr16xx.aer4f : cli_mmwave.oer4f (.text:CLI_MMWaveExtensionInit)
                  0001456c    00000020     libesm_xwr16xx.aer4f : esm.oer4f (.text:ESM_lowpriority_IRQ)
                  0001458c    00000020     libmmwave_xwr16xx.aer4f : mmwave_listlib.oer4f (.text:MMWave_listCat)
                  000145ac    00000020     libpinmux_xwr16xx.aer4f : pinmux.oer4f (.text:Pinmux_Unlock)
                  000145cc    00000020     libmmwavelink_xwr16xx.aer4f : rl_sensor.oer4f (.text:rlRfInit)
                  000145ec    00000020     mss_ods_per4f.oer4f (.text:ti_sysbios_BIOS_exitFunc__I)
                  0001460c    00000004     --HOLE-- [fill = 0]
                  00014610    00000020     sysbios.aer4f : BIOS.obj (.text:ti_sysbios_family_arm_v7r_vim_Hwi_clearInterrupt__E)
                  00014630    00000020                   : BIOS.obj (.text:ti_sysbios_knl_Task_sleepTimeout__I)
                  00014650    0000001e     libmmwave_xwr16xx.aer4f : mmwave_fullcfg.oer4f (.text:MMWave_internalDelChirp)
                  0001466e    0000001e     libsoc_xwr16xx.aer4f : soc_xwr16xx_mss.oer4f (.text:SOC_getOutAddr_LUTType)
                  0001468c    0000001c     libcrc_xwr16xx.aer4f : crc.oer4f (.text:CRC_releaseTransactionId)
                  000146a8    0000001c     libDMA_xwr16xx.aer4f : dma.oer4f (.text:CSL_FEXTR)
                  000146c4    0000001c     libmmwave_xwr16xx.aer4f : mmwave.oer4f (.text:CSL_FEXTR)
                  000146e0    0000001c     libsoc_xwr16xx.aer4f : soc_xwr16xx.oer4f (.text:CSL_FEXTR)
                  000146fc    0000001c                          : soc_xwr16xx_mss.oer4f (.text:CSL_FEXTR)
                  00014718    0000001c     libuart_xwr16xx.aer4f : uartsci.oer4f (.text:CSL_FEXTR)
                  00014734    0000001c     libmmwave_xwr16xx.aer4f : mmwave_listlib.oer4f (.text:MMWave_listRemove)
                  00014750    0000001c     mss_main.obj (.text:OdsDemo_mboxWrite)
                  0001476c    0000001c     mss_main.obj (.text:OdsDemo_mssMmwaveStartCallbackFxn)
                  00014788    0000001c     mss_main.obj (.text:OdsDemo_notifySensorStop)
                  000147a4    0000001c     libsoc_xwr16xx.aer4f : soc_xwr16xx_mss.oer4f (.text:SOC_getInAddr_LUTType)
                  000147c0    0000001c     sysbios.aer4f : arm_TaskSupport_asm.obj (.text:_ti_sysbios_family_arm_TaskSupport_glue)
                  000147dc    0000001c     rtsv7R4_T_le_v3D16_eabi.lib : memccpy.obj (.text)
                  000147f8    0000001c     mss_ods_per4f.oer4f (.text:ti_sysbios_heaps_HeapMem_Object__get__S)
                  00014814    0000000c     --HOLE-- [fill = 0]
                  00014820    0000001c     sysbios.aer4f : BIOS.obj (.text:ti_sysbios_knl_Event_Instance_init__E)
                  0001483c    0000001c     mss_ods_per4f.oer4f (.text:ti_sysbios_knl_Swi_Object__get__S)
                  00014858    0000001c     mss_ods_per4f.oer4f (.text:xdc_runtime_Startup_exec__I)
                  00014874    0000001a     libsoc_xwr16xx.aer4f : soc.oer4f (.text:CSL_FEXTR)
                  0001488e    0000001a     libmmwave_xwr16xx.aer4f : mmwave_xwr16xx.oer4f (.text:MMWave_deviceSyncFxn)
                  000148a8    0000001a                             : mmwave.oer4f (.text:MMWave_encodeError)
                  000148c2    0000001a                             : mmwave_listlib.oer4f (.text:MMWave_listAdd)
                  000148dc    0000001a     rtsv7R4_T_le_v3D16_eabi.lib : s_copysign.obj (.text)
                  000148f6    00000018     libmmwave_xwr16xx.aer4f : mmwave_osal.oer4f (.text:MMWave_osalMutexLock)
                  0001490e    00000018                             : mmwave_osal.oer4f (.text:MMWave_osalSemWait)
                  00014926    00000002     --HOLE-- [fill = 0]
                  00014928    00000018     libmailbox_xwr16xx.aer4f : mailbox.oer4f (.text:Mailbox_boxEmptyISRBss)
                  00014940    00000018                              : mailbox.oer4f (.text:Mailbox_boxEmptyISRMssDss)
                  00014958    00000018                              : mailbox.oer4f (.text:Mailbox_boxFullISRBss)
                  00014970    00000018     sysbios.aer4f : arm_TaskSupport_asm.obj (.text:_ti_sysbios_family_arm_TaskSupport_swap__E)
                  00014988    00000018     libmmwavelink_xwr16xx.aer4f : rl_device.oer4f (.text:rlDeviceGetRfVersion)
                  000149a0    00000018                                 : rl_driver.oer4f (.text:rlDriverCalCRC)
                  000149b8    00000018                                 : rl_driver.oer4f (.text:rlDriverFillPayload)
                  000149d0    00000018                                 : rl_driver.oer4f (.text:rlDriverIsDeviceMapValid)
                  000149e8    00000018     rtsv7R4_T_le_v3D16_eabi.lib : args_main.obj (.text)
                  00014a00    00000018                                 : strcmp.obj (.text)
                  00014a18    00000008     --HOLE-- [fill = 0]
                  00014a20    00000018     sysbios.aer4f : BIOS.obj (.text:ti_sysbios_BIOS_setThreadType__E)
                  00014a38    00000008     --HOLE-- [fill = 0]
                  00014a40    00000018                   : BIOS.obj (.text:ti_sysbios_BIOS_start__E)
                  00014a58    00000018                   : BIOS.obj (.text:ti_sysbios_family_arm_v7a_Pmu_initCounters__I)
                  00014a70    00000018                   : BIOS.obj (.text:ti_sysbios_hal_Hwi_Module_startup__E)
                  00014a88    00000018     mss_ods_per4f.oer4f (.text:ti_sysbios_heaps_HeapBuf_Object__get__S)
                  00014aa0    00000018     sysbios.aer4f : BIOS.obj (.text:ti_sysbios_knl_Idle_loop__E)
                  00014ab8    00000008     --HOLE-- [fill = 0]
                  00014ac0    00000018                   : BIOS.obj (.text:ti_sysbios_knl_Queue_empty__E)
                  00014ad8    00000008     --HOLE-- [fill = 0]
                  00014ae0    00000018                   : BIOS.obj (.text:ti_sysbios_knl_Swi_disable__E)
                  00014af8    00000018     mss_ods_per4f.oer4f (.text:ti_sysbios_knl_Task_Object__get__S)
                  00014b10    00000018     sysbios.aer4f : BIOS.obj (.text:ti_sysbios_knl_Task_disable__E)
                  00014b28    00000018     mss_ods_per4f.oer4f (.text:xdc_runtime_Text_visitRope__I)
                  00014b40    00000016     rtsv7R4_T_le_v3D16_eabi.lib : strchr.obj (.text)
                  00014b56    00000016                                 : strlen.obj (.text)
                  00014b6c    00000014     libcli_xwr16xx.aer4f : cli_mmwave.oer4f (.text:CLI_getMMWaveExtensionOpenConfig)
                  00014b80    00000014     libosal_xwr16xx.aer4f : HwiP_tirtos.oer4f (.text:HwiP_Params_init)
                  00014b94    00000014     libmmwave_xwr16xx.aer4f : mmwave_fullcfg.oer4f (.text:MMWave_internalDelBpmChirp)
                  00014ba8    00000014                             : mmwave_fullcfg.oer4f (.text:MMWave_internalDelProfile)
                  00014bbc    00000014                             : mmwave_osal.oer4f (.text:MMWave_osalMutexDelete)
                  00014bd0    00000014                             : mmwave_osal.oer4f (.text:MMWave_osalSemDelete)
                  00014be4    00000014     libpinmux_xwr16xx.aer4f : pinmux.oer4f (.text:Pinmux_Lock)
                  00014bf8    00000014     libuart_xwr16xx.aer4f : uartsci.oer4f (.text:UartSci_disableTxDMA)
                  00014c0c    00000014                           : uartsci.oer4f (.text:UartSci_enableTxDMA)
                  00014c20    00000014     libosal_xwr16xx.aer4f : DebugP_tirtos.oer4f (.text:_DebugP_assert)
                  00014c34    00000014     libmmwavelink_xwr16xx.aer4f : rl_controller.oer4f (.text:rlAppendDummy)
                  00014c48    00000014     rtsv7R4_T_le_v3D16_eabi.lib : _lock.obj (.text)
                  00014c5c    00000014                                 : strcpy.obj (.text)
                  00014c70    00000014     sysbios.aer4f : BIOS.obj (.text:ti_sysbios_family_arm_TaskSupport_checkStack__E)
                  00014c84    0000000c     --HOLE-- [fill = 0]
                  00014c90    00000014                   : BIOS.obj (.text:ti_sysbios_family_arm_v7r_vim_Hwi_switchFromBootStack__E)
                  00014ca4    0000000c     --HOLE-- [fill = 0]
                  00014cb0    00000014                   : BIOS.obj (.text:ti_sysbios_gates_GateMutex_Instance_finalize__E)
                  00014cc4    0000000c     --HOLE-- [fill = 0]
                  00014cd0    00000014                   : BIOS.obj (.text:ti_sysbios_knl_Semaphore_Instance_finalize__E)
                  00014ce4    00000014     mss_ods_per4f.oer4f (.text:xdc_runtime_IHeap_alloc)
                  00014cf8    00000014     mss_ods_per4f.oer4f (.text:xdc_runtime_IHeap_free)
                  00014d0c    00000004     --HOLE-- [fill = 0]
                  00014d10    00000014     sysbios.aer4f : BIOS.obj (.text:xdc_runtime_Memory_free__E)
                  00014d24    00000012     libcrc_xwr16xx.aer4f : crc.oer4f (.text:CRC_initConfigParams)
                  00014d36    00000012     libosal_xwr16xx.aer4f : MemoryP_tirtos.oer4f (.text:MemoryP_ctrlAlloc)
                  00014d48    00000012                           : SemaphoreP_tirtos.oer4f (.text:SemaphoreP_pend)
                  00014d5a    00000002     --HOLE-- [fill = 0]
                  00014d5c    00000010     libcli_xwr16xx.aer4f : cli_mmwave.oer4f (.text:CLI_getMMWaveExtensionConfig)
                  00014d6c    00000010     libcrc_xwr16xx.aer4f : crc.oer4f (.text:CRC_getSignatureRegister)
                  00014d7c    00000010     libmmwave_xwr16xx.aer4f : mmwave_xwr16xx.oer4f (.text:MMWave_deviceGetDeviceInfo)
                  00014d8c    00000010     mss_main.obj (.text:OdsDemo_mssMmwaveConfigCallbackFxn)
                  00014d9c    00000010     mss_main.obj (.text:OdsDemo_mssMmwaveStopCallbackFxn)
                  00014dac    00000010     mss_main.obj (.text:OdsDemo_switchPressFxn)
                  00014dbc    00000004     --HOLE-- [fill = 0]
                  00014dc0    00000010     sysbios.aer4f : BIOS.obj (.text:ti_sysbios_family_arm_TaskSupport_getStackAlignment__E)
                  00014dd0    00000010                   : BIOS.obj (.text:ti_sysbios_family_arm_exc_Exception_Module_startup__E)
                  00014de0    00000010                   : BIOS.obj (.text:ti_sysbios_family_arm_v7a_Pmu_disableInterruptI__E)
                  00014df0    00000010                   : BIOS.obj (.text:ti_sysbios_family_arm_v7a_Pmu_enableInterruptI__E)
                  00014e00    00000010                   : BIOS.obj (.text:ti_sysbios_family_arm_v7a_Pmu_getNumCounters__E)
                  00014e10    00000010                   : BIOS.obj (.text:ti_sysbios_family_arm_v7a_Pmu_startCounterI__E)
                  00014e20    00000010                   : BIOS.obj (.text:ti_sysbios_family_arm_v7a_Pmu_stopCounterI__E)
                  00014e30    00000010     mss_ods_per4f.oer4f (.text:ti_sysbios_family_arm_v7r_vim_Hwi_Params__init__S)
                  00014e40    00000010     mss_ods_per4f.oer4f (.text:ti_sysbios_knl_Queue_Object__get__S)
                  00014e50    00000010     mss_ods_per4f.oer4f (.text:ti_sysbios_knl_Semaphore_Params__init__S)
                  00014e60    00000010     mss_ods_per4f.oer4f (.text:ti_sysbios_knl_Task_Params__init__S)
                  00014e70    00000010     sysbios.aer4f : BIOS.obj (.text:xdc_runtime_Startup_rtsDone__E)
                  00014e80    0000000e     libosal_xwr16xx.aer4f : SemaphoreP_tirtos.oer4f (.text:SemaphoreP_delete)
                  00014e8e    0000000e     rtsv7R4_T_le_v3D16_eabi.lib : copy_decompress_none.obj (.text:decompress:none)
                  00014e9c    00000004     --HOLE-- [fill = 0]
                  00014ea0    0000000c     sysbios.aer4f : BIOS.obj (.text:ti_sysbios_family_arm_v7r_vim_Hwi_startup__E)
                  00014eac    00000004     --HOLE-- [fill = 0]
                  00014eb0    0000000c                   : BIOS.obj (.text:ti_sysbios_gates_GateHwi_enter__E)
                  00014ebc    00000004     --HOLE-- [fill = 0]
                  00014ec0    0000000c                   : BIOS.obj (.text:ti_sysbios_knl_Queue_Instance_init__E)
                  00014ecc    00000004     --HOLE-- [fill = 0]
                  00014ed0    0000000c                   : BIOS.obj (.text:xdc_runtime_SysStd_exit__E)
                  00014edc    00000004     --HOLE-- [fill = 0]
                  00014ee0    00000008                   : BIOS.obj (.text:ti_sysbios_gates_GateHwi_leave__E)
                  00014ee8    00000008     --HOLE-- [fill = 0]
                  00014ef0    00000008                   : BIOS.obj (.text:ti_sysbios_gates_GateHwi_query__E)
                  00014ef8    00000008     --HOLE-- [fill = 0]
                  00014f00    00000008                   : BIOS.obj (.text:ti_sysbios_gates_GateMutex_query__E)
                  00014f08    00000008     --HOLE-- [fill = 0]
                  00014f10    00000008                   : BIOS.obj (.text:ti_sysbios_heaps_HeapMem_isBlocking__E)
                  00014f18    00000008     --HOLE-- [fill = 0]
                  00014f20    00000008                   : BIOS.obj (.text:ti_sysbios_timers_rti_Timer_getMaxTicks__E)
                  00014f28    00000008     --HOLE-- [fill = 0]
                  00014f30    00000008                   : BIOS.obj (.text:xdc_runtime_SysStd_ready__E)
                  00014f38    00000008     --HOLE-- [fill = 0]
                  00014f40    00000008                   : BIOS.obj (.text:xdc_runtime_System_Module_startup__E)
                  00014f48    00000008     --HOLE-- [fill = 0]
                  00014f50    00000004                   : BIOS.obj (.text:ti_sysbios_BIOS_linkedWithIncorrectBootLibrary__E)
                  00014f54    0000000c     --HOLE-- [fill = 0]
                  00014f60    00000004                   : BIOS.obj (.text:ti_sysbios_gates_GateHwi_Instance_init__E)
                  00014f64    0000000c     --HOLE-- [fill = 0]
                  00014f70    00000004                   : BIOS.obj (.text:ti_sysbios_knl_Task_startup__E)
                  00014f74    0000000c     --HOLE-- [fill = 0]
                  00014f80    00000004                   : BIOS.obj (.text:xdc_runtime_SysStd_putch__E)

.const     0    00014f88    00002968     
                  00014f88    00001a98     mss_ods_per4f.oer4f (.const:xdc_runtime_Text_charTab__A)
                  00016a20    00000254     libmmwavelink_xwr16xx.aer4f : rl_sensor.oer4f (.const:$O1$$)
                  00016c74    000001de     mss_ods_cli.obj (.const:.string)
                  00016e52    00000101     rtsv7R4_T_le_v3D16_eabi.lib : ctype.obj (.const:.string:_ctypes_)
                  00016f53    00000001     --HOLE-- [fill = 0]
                  00016f54    000000d8     mss_ods_per4f.oer4f (.const:xdc_runtime_Text_nodeTab__A)
                  0001702c    000000a0     libcli_xwr16xx.aer4f : cli_mmwave.oer4f (.const:.string)
                  000170cc    00000004                          : cli.oer4f (.const:.string:$P$T0$1)
                  000170d0    00000098     rtsv7R4_T_le_v3D16_eabi.lib : strtod.obj (.const:$O1$$)
                  00017168    00000080     mss_ods_per4f.oer4f (.const:ti_sysbios_family_arm_v7r_vim_Hwi_channelMap__A)
                  000171e8    00000078     libmmwavelink_xwr16xx.aer4f : rl_driver.oer4f (.const:$O2$$)
                  00017260    00000048     mss_ods_per4f.oer4f (.const:.string)
                  000172a8    0000003c     libuart_xwr16xx.aer4f : UART.oer4f (.const:UART_defaultParams)
                  000172e4    0000003c     mss_ods_per4f.oer4f (.const:ti_sysbios_knl_Task_Object__PARAMS__C)
                  00017320    00000030     mss_ods_per4f.oer4f (.const:ti_sysbios_family_arm_v7r_vim_Hwi_Object__PARAMS__C)
                  00017350    0000002c     mss_ods_per4f.oer4f (.const:xdc_runtime_Startup_sfxnTab__A)
                  0001737c    00000028     mss_ods_per4f.oer4f (.const:ti_sysbios_heaps_HeapMem_Module__FXNS__C)
                  000173a4    00000024     libmailbox_xwr16xx.aer4f : mailbox.oer4f (.const:Mailbox_defaultCfg)
                  000173c8    00000024     mss_ods_per4f.oer4f (.const:ti_sysbios_gates_GateHwi_Module__FXNS__C)
                  000173ec    00000024     mss_ods_per4f.oer4f (.const:ti_sysbios_gates_GateMutex_Module__FXNS__C)
                  00017410    00000024     mss_ods_per4f.oer4f (.const:ti_sysbios_heaps_HeapMem_Object__PARAMS__C)
                  00017434    00000024     mss_ods_per4f.oer4f (.const:ti_sysbios_knl_Semaphore_Object__PARAMS__C)
                  00017458    00000020     mss_ods_per4f.oer4f (.const:ti_sysbios_family_arm_v7r_vim_Hwi_Object__DESC__C)
                  00017478    00000020     mss_ods_per4f.oer4f (.const:ti_sysbios_gates_GateHwi_Object__DESC__C)
                  00017498    00000020     mss_ods_per4f.oer4f (.const:ti_sysbios_gates_GateMutex_Object__DESC__C)
                  000174b8    00000020     mss_ods_per4f.oer4f (.const:ti_sysbios_heaps_HeapMem_Object__DESC__C)
                  000174d8    00000020     mss_ods_per4f.oer4f (.const:ti_sysbios_knl_Event_Object__DESC__C)
                  000174f8    00000020     mss_ods_per4f.oer4f (.const:ti_sysbios_knl_Queue_Object__DESC__C)
                  00017518    00000020     mss_ods_per4f.oer4f (.const:ti_sysbios_knl_Semaphore_Object__DESC__C)
                  00017538    00000020     mss_ods_per4f.oer4f (.const:ti_sysbios_knl_Task_Object__DESC__C)
                  00017558    00000018     mss_ods_per4f.oer4f (.const:ti_sysbios_gates_GateHwi_Object__PARAMS__C)
                  00017570    00000018     mss_ods_per4f.oer4f (.const:ti_sysbios_gates_GateMutex_Object__PARAMS__C)
                  00017588    00000018     mss_ods_per4f.oer4f (.const:ti_sysbios_knl_Event_Object__PARAMS__C)
                  000175a0    00000018     mss_ods_per4f.oer4f (.const:ti_sysbios_knl_Queue_Object__PARAMS__C)
                  000175b8    00000016     mss_ods_per4f.oer4f (.const:xdc_runtime_Startup_sfxnRts__A)
                  000175ce    00000002     mss_ods_per4f.oer4f (.const:ti_sysbios_family_arm_exc_Exception_Module__id__C)
                  000175d0    00000010     mss_ods_per4f.oer4f (.const:ti_sysbios_family_arm_v7r_vim_Hwi_intReqEnaSet__A)
                  000175e0    00000010     mss_ods_per4f.oer4f (.const:ti_sysbios_family_arm_v7r_vim_Hwi_wakeEnaSet__A)
                  000175f0    00000008     mss_ods_per4f.oer4f (.const:ti_sysbios_knl_Idle_funcList__A)
                  000175f8    00000008     mss_ods_per4f.oer4f (.const:ti_sysbios_knl_Idle_funcList__C)
                  00017600    00000008     mss_ods_per4f.oer4f (.const:xdc_runtime_Startup_firstFxns__A)
                  00017608    00000008     mss_ods_per4f.oer4f (.const:xdc_runtime_Startup_firstFxns__C)
                  00017610    00000008     mss_ods_per4f.oer4f (.const:xdc_runtime_Startup_lastFxns__C)
                  00017618    00000004     mss_ods_per4f.oer4f (.const:ti_sysbios_family_arm_TaskSupport_stackAlignment__C)
                  0001761c    00000004     mss_ods_per4f.oer4f (.const:ti_sysbios_family_arm_exc_Exception_E_dataAbort__C)
                  00017620    00000004     mss_ods_per4f.oer4f (.const:ti_sysbios_family_arm_exc_Exception_E_prefetchAbort__C)
                  00017624    00000004     mss_ods_per4f.oer4f (.const:ti_sysbios_family_arm_exc_Exception_E_swi__C)
                  00017628    00000004     mss_ods_per4f.oer4f (.const:ti_sysbios_family_arm_exc_Exception_E_undefinedInstruction__C)
                  0001762c    00000004     mss_ods_per4f.oer4f (.const:ti_sysbios_family_arm_exc_Exception_excHookFuncs__A)
                  00017630    00000004     mss_ods_per4f.oer4f (.const:ti_sysbios_family_arm_exc_Exception_excHookFuncs__C)
                  00017634    00000004     mss_ods_per4f.oer4f (.const:ti_sysbios_family_arm_v7a_Pmu_A_invalidCounterId__C)
                  00017638    00000004     mss_ods_per4f.oer4f (.const:ti_sysbios_family_arm_v7a_Pmu_Module__diagsEnabled__C)
                  0001763c    00000004     mss_ods_per4f.oer4f (.const:ti_sysbios_family_arm_v7a_Pmu_Module__diagsIncluded__C)
                  00017640    00000004     mss_ods_per4f.oer4f (.const:ti_sysbios_family_arm_v7a_Pmu_Module__diagsMask__C)
                  00017644    00000004     mss_ods_per4f.oer4f (.const:ti_sysbios_family_arm_v7r_tms570_Core_E_mismatchedIds__C)
                  00017648    00000004     mss_ods_per4f.oer4f (.const:ti_sysbios_family_arm_v7r_tms570_Core_id__C)
                  0001764c    00000004     mss_ods_per4f.oer4f (.const:ti_sysbios_family_arm_v7r_vim_Hwi_A_badChannelId__C)
                  00017650    00000004     mss_ods_per4f.oer4f (.const:ti_sysbios_family_arm_v7r_vim_Hwi_E_alreadyDefined__C)
                  00017654    00000004     mss_ods_per4f.oer4f (.const:ti_sysbios_family_arm_v7r_vim_Hwi_E_badIntNum__C)
                  00017658    00000004     mss_ods_per4f.oer4f (.const:ti_sysbios_family_arm_v7r_vim_Hwi_E_phantomInterrupt__C)
                  0001765c    00000004     mss_ods_per4f.oer4f (.const:ti_sysbios_family_arm_v7r_vim_Hwi_E_undefined__C)
                  00017660    00000004     mss_ods_per4f.oer4f (.const:ti_sysbios_family_arm_v7r_vim_Hwi_E_unsupportedMaskingOption__C)
                  00017664    00000004     mss_ods_per4f.oer4f (.const:ti_sysbios_family_arm_v7r_vim_Hwi_LD_end__C)
                  00017668    00000004     mss_ods_per4f.oer4f (.const:ti_sysbios_family_arm_v7r_vim_Hwi_LM_begin__C)
                  0001766c    00000004     mss_ods_per4f.oer4f (.const:ti_sysbios_family_arm_v7r_vim_Hwi_Module__diagsEnabled__C)
                  00017670    00000004     mss_ods_per4f.oer4f (.const:ti_sysbios_family_arm_v7r_vim_Hwi_Module__diagsIncluded__C)
[...]
000176f8  ti_sysbios_knl_Clock_LM_begin__C                                     
000176fc  ti_sysbios_knl_Clock_LM_tick__C                                      
00017700  ti_sysbios_knl_Clock_LW_delayed__C                                   
00017704  ti_sysbios_knl_Clock_Module_State_clockQ__O                          
00017708  ti_sysbios_knl_Clock_Module__diagsEnabled__C                         
0001770c  ti_sysbios_knl_Clock_Module__diagsIncluded__C                        
00017710  ti_sysbios_knl_Clock_Module__diagsMask__C                            
00017714  ti_sysbios_knl_Clock_Module__loggerFxn1__C                           
00017718  ti_sysbios_knl_Clock_Module__loggerFxn2__C                           
0001771c  ti_sysbios_knl_Clock_Module__loggerObj__C                            
00017720  ti_sysbios_knl_Event_A_badContext__C                                 
00017724  ti_sysbios_knl_Event_A_eventInUse__C                                 
00017728  ti_sysbios_knl_Event_A_nullEventId__C                                
0001772c  ti_sysbios_knl_Event_A_nullEventMasks__C                             
00017730  ti_sysbios_knl_Event_A_pendTaskDisabled__C                           
00017734  ti_sysbios_knl_Event_Instance_State_pendQ__O                         
00017738  ti_sysbios_knl_Event_LM_pend__C                                      
0001773c  ti_sysbios_knl_Event_LM_post__C                                      
00017740  ti_sysbios_knl_Event_Module__diagsEnabled__C                         
00017744  ti_sysbios_knl_Event_Module__diagsIncluded__C                        
00017748  ti_sysbios_knl_Event_Module__diagsMask__C                            
0001774c  ti_sysbios_knl_Event_Module__loggerFxn4__C                           
00017750  ti_sysbios_knl_Event_Module__loggerFxn8__C                           
00017754  ti_sysbios_knl_Event_Module__loggerObj__C                            
00017758  ti_sysbios_knl_Semaphore_A_badContext__C                             
0001775c  ti_sysbios_knl_Semaphore_A_noEvents__C                               
00017760  ti_sysbios_knl_Semaphore_A_overflow__C                               
00017764  ti_sysbios_knl_Semaphore_A_pendTaskDisabled__C                       
00017768  ti_sysbios_knl_Semaphore_Instance_State_pendQ__O                     
0001776c  ti_sysbios_knl_Semaphore_LM_pend__C                                  
00017770  ti_sysbios_knl_Semaphore_LM_post__C                                  
00017774  ti_sysbios_knl_Semaphore_Module__diagsEnabled__C                     
00017778  ti_sysbios_knl_Semaphore_Module__diagsIncluded__C                    
0001777c  ti_sysbios_knl_Semaphore_Module__diagsMask__C                        
00017780  ti_sysbios_knl_Semaphore_Module__loggerFxn2__C                       
00017784  ti_sysbios_knl_Semaphore_Module__loggerFxn4__C                       
00017788  ti_sysbios_knl_Semaphore_Module__loggerObj__C                        
0001778c  ti_sysbios_knl_Swi_LD_end__C                                         
00017790  ti_sysbios_knl_Swi_LM_begin__C                                       
00017794  ti_sysbios_knl_Swi_LM_post__C                                        
00017798  ti_sysbios_knl_Swi_Module__diagsEnabled__C                           
0001779c  ti_sysbios_knl_Swi_Module__diagsIncluded__C                          
000177a0  ti_sysbios_knl_Swi_Module__diagsMask__C                              
000177a4  ti_sysbios_knl_Swi_Module__loggerFxn1__C                             
000177a8  ti_sysbios_knl_Swi_Module__loggerFxn4__C                             
000177ac  ti_sysbios_knl_Swi_Module__loggerObj__C                              
000177b0  ti_sysbios_knl_Swi_Object__count__C                                  
000177b4  ti_sysbios_knl_Task_A_badPriority__C                                 
000177b8  ti_sysbios_knl_Task_A_badTaskState__C                                
000177bc  ti_sysbios_knl_Task_A_badThreadType__C                               
000177c0  ti_sysbios_knl_Task_A_badTimeout__C                                  
000177c4  ti_sysbios_knl_Task_A_noPendElem__C                                  
000177c8  ti_sysbios_knl_Task_A_sleepTaskDisabled__C                           
000177cc  ti_sysbios_knl_Task_E_spOutOfBounds__C                               
000177d0  ti_sysbios_knl_Task_E_stackOverflow__C                               
000177d4  ti_sysbios_knl_Task_LD_block__C                                      
000177d8  ti_sysbios_knl_Task_LD_exit__C                                       
000177dc  ti_sysbios_knl_Task_LD_ready__C                                      
000177e0  ti_sysbios_knl_Task_LM_sleep__C                                      
000177e4  ti_sysbios_knl_Task_LM_switch__C                                     
000177e8  ti_sysbios_knl_Task_Module_State_inactiveQ__O                        
000177ec  ti_sysbios_knl_Task_Module__diagsEnabled__C                          
000177f0  ti_sysbios_knl_Task_Module__diagsIncluded__C                         
000177f4  ti_sysbios_knl_Task_Module__diagsMask__C                             
000177f8  ti_sysbios_knl_Task_Module__loggerFxn2__C                            
000177fc  ti_sysbios_knl_Task_Module__loggerFxn4__C                            
00017800  ti_sysbios_knl_Task_Module__loggerObj__C                             
00017804  ti_sysbios_knl_Task_Object__count__C                                 
00017808  ti_sysbios_knl_Task_allBlockedFunc__C                                
0001780c  ti_sysbios_knl_Task_defaultStackHeap__C                              
00017810  ti_sysbios_knl_Task_defaultStackSize__C                              
00017814  ti_sysbios_knl_Task_numConstructedTasks__C                           
00017818  ti_sysbios_timers_rti_Timer_E_cannotSupport__C                       
0001781c  ti_sysbios_timers_rti_Timer_Module__diagsEnabled__C                  
00017820  ti_sysbios_timers_rti_Timer_Module__diagsIncluded__C                 
00017824  ti_sysbios_timers_rti_Timer_Module__diagsMask__C                     
00017828  ti_sysbios_timers_rti_Timer_numTimerDevices__C                       
0001782c  ti_sysbios_timers_rti_Timer_startupNeeded__C                         
00017830  xdc_runtime_Assert_E_assertFailed__C                                 
00017834  xdc_runtime_Core_A_initializedParams__C                              
00017838  xdc_runtime_Core_Module__diagsEnabled__C                             
0001783c  xdc_runtime_Core_Module__diagsIncluded__C                            
00017840  xdc_runtime_Core_Module__diagsMask__C                                
00017844  xdc_runtime_Error_E_memory__C                                        
00017848  xdc_runtime_Error_Module__diagsEnabled__C                            
0001784c  xdc_runtime_Error_Module__diagsIncluded__C                           
00017850  xdc_runtime_Error_Module__diagsMask__C                               
00017854  xdc_runtime_Error_Module__loggerFxn8__C                              
00017858  xdc_runtime_Error_Module__loggerObj__C                               
0001785c  xdc_runtime_Error_policyFxn__C                                       
00017860  xdc_runtime_Error_policy__C                                          
00017864  xdc_runtime_Error_raiseHook__C                                       
00017868  xdc_runtime_IGateProvider_Interface__BASE__C                         
0001786c  xdc_runtime_IHeap_Interface__BASE__C                                 
00017870  xdc_runtime_IModule_Interface__BASE__C                               
00017874  xdc_runtime_Log_L_error__C                                           
00017878  xdc_runtime_Memory_defaultHeapInstance__C                            
0001787c  xdc_runtime_Startup_execImpl__C                                      
00017880  xdc_runtime_Startup_maxPasses__C                                     
00017884  xdc_runtime_Startup_sfxnRts__C                                       
00017888  xdc_runtime_Startup_sfxnTab__C                                       
0001788c  xdc_runtime_System_Module__gateObj__C                                
00017890  xdc_runtime_System_abortFxn__C                                       
00017894  xdc_runtime_System_exitFxn__C                                        
00017898  xdc_runtime_System_extendFxn__C                                      
0001789c  xdc_runtime_System_maxAtexitHandlers__C                              
000178a0  xdc_runtime_Text_charTab__C                                          
000178a4  xdc_runtime_Text_nameEmpty__C                                        
000178a8  xdc_runtime_Text_nameStatic__C                                       
000178ac  xdc_runtime_Text_nameUnknown__C                                      
000178b0  xdc_runtime_Text_nodeTab__C                                          
000178b4  xdc_runtime_Text_visitRopeFxn__C                                     
000178b8  ti_sysbios_family_arm_v7a_Pmu_Module__id__C                          
000178ba  ti_sysbios_family_arm_v7r_tms570_Core_Module__id__C                  
000178bc  ti_sysbios_family_arm_v7r_vim_Hwi_Module__id__C                      
000178be  ti_sysbios_family_arm_v7r_vim_Hwi_Module__loggerDefined__C           
000178c0  ti_sysbios_gates_GateMutex_Module__id__C                             
000178c2  ti_sysbios_hal_Hwi_Module__id__C                                     
000178c4  ti_sysbios_heaps_HeapMem_Module__id__C                               
000178c6  ti_sysbios_knl_Clock_Module__id__C                                   
000178c8  ti_sysbios_knl_Clock_Module__loggerDefined__C                        
000178ca  ti_sysbios_knl_Event_Module__id__C                                   
000178cc  ti_sysbios_knl_Event_Module__loggerDefined__C                        
000178ce  ti_sysbios_knl_Semaphore_Module__id__C                               
000178d0  ti_sysbios_knl_Semaphore_Module__loggerDefined__C                    
000178d2  ti_sysbios_knl_Swi_Module__id__C                                     
000178d4  ti_sysbios_knl_Swi_Module__loggerDefined__C                          
000178d6  ti_sysbios_knl_Task_Module__id__C                                    
000178d8  ti_sysbios_knl_Task_Module__loggerDefined__C                         
000178da  ti_sysbios_timers_rti_Timer_Module__id__C                            
000178dc  ti_sysbios_timers_rti_Timer_continueOnSuspend__C                     
000178de  xdc_runtime_Core_Module__id__C                                       
000178e0  xdc_runtime_Error_Module__loggerDefined__C                           
000178e2  xdc_runtime_Error_maxDepth__C                                        
000178e4  xdc_runtime_Main_Module__id__C                                       
000178e6  xdc_runtime_Memory_Module__id__C                                     
000178e8  xdc_runtime_Text_charCnt__C                                          
000178ea  xdc_runtime_Text_isLoaded__C                                         
000178ec  xdc_runtime_Text_registryModsLastId__C                               
000178ee  xdc_runtime_Text_unnamedModsLastId__C                                
000178f0  __TI_static_base__                                                   
00017c60  __TI_Handler_Table_Base                                              
00017c6c  __TI_Handler_Table_Limit                                             
00017c88  __TI_CINIT_Base                                                      
00017ca8  __TI_CINIT_Limit                                                     
08000000  ti_sysbios_heaps_HeapMem_Instance_State_0_buf__A                     
08008000  ti_sysbios_family_arm_exc_Exception_Module_State_0_excStack_0__A     
08009000  ti_sysbios_knl_Task_Instance_State_0_stack__A                        
08009800  gOdsMssMCB                                                           
08009b18  gCLI                                                                 
08009cb8  gGPIOMCB                                                             
08009e4c  __CIOBUF_                                                            
08009f6c  gMMWave_MCB                                                          
0800a064  __TI_tmpnams                                                         
0800a104  gEsmMCB                                                              
0800a174  gMMWave_XWR16xxMCB                                                   
0800a17c  parmbuf                                                              
0800a1a0  __stack                                                              
0800b1a0  D2H_SYNC_PATTERN                                                     
0800b1a0  __STACK_END                                                          
0800b1a4  H2D_SYNC_PATTERN                                                     
0800b1a8  H2D_CNYS_PATTERN                                                     
0800b1ac  rl_txMsg                                                             
0800b2ac  rl_rxMsg                                                             
0800b590  ti_sysbios_family_arm_v7r_vim_Hwi_Module_State_0_dispatchTable__A    
0800b790  gCLIMMWaveOpenCfg                                                    
0800b7b0  gCLIMMWaveExtensionTable                                             
0800b858  gCLIMMWaveControlCfg                                                 
0800b924  _ftable                                                              
0800ba14  ti_sysbios_knl_Swi_Module_State_0_readyQ__A                          
0800ba94  ti_sysbios_knl_Task_Module_State_0_readyQ__A                         
0800bb14  _device                                                              
0800bb8c  gUartSciHwCfg                                                        
0800bbe4  _stream                                                              
0800bc34  gMailboxMCB                                                          
0800bc84  ti_sysbios_knl_Task_Object__table__V                                 
0800bcd0  ti_sysbios_knl_Task_Module__state__V                                 
0800bd14  SOC_TranslateAddr_LUT                                                
0800bd54  ti_sysbios_gates_GateMutex_Object__table__V                          
0800bd94  ti_sysbios_timers_rti_Timer_Object__table__V                         
0800bdd0  ti_sysbios_family_arm_v7r_vim_Hwi_Module__state__V                   
0800be04  ti_sysbios_knl_Swi_Object__table__V                                  
0800be34  ti_sysbios_family_arm_v7r_vim_Hwi_Object__table__V                   
0800be60  ti_sysbios_knl_Clock_Module__state__V                                
0800be8c  gUartSciFxnTable                                                     
0800beb4  UART_config                                                          
0800bed8  ti_sysbios_BIOS_Module__state__V                                     
0800befc  xdc_runtime_Error_IgnoreBlock                                        
0800bf1c  xdc_runtime_System_Module_State_0_atexitHandlers__A                  
0800bf3c  ti_sysbios_knl_Swi_Module__state__V                                  
0800bf58  gMailboxMssBssHwCfg                                                  
0800bf70  gMailboxMssDssHwCfg                                                  
0800bf88  ti_sysbios_heaps_HeapMem_Object__table__V                            
0800bfa0  ti_sysbios_timers_rti_Timer_Module_State_0_device__A                 
0800bfb8  gSOCHwAttrib                                                         
0800bfcc  ti_sysbios_family_arm_exc_Exception_Module__state__V                 
0800bfe0  __TI_ft_end                                                          
0800bfe4  __aeabi_stdin                                                        
0800bfe8  __aeabi_stdout                                                       
0800bfec  __aeabi_stderr                                                       
0800bff0  ti_sysbios_timers_rti_Timer_Module_State_0_intFreqs__A               
0800c000  ti_sysbios_timers_rti_Timer_Module__state__V                         
0800c010  __TI_cleanup_ptr                                                     
0800c014  __TI_dtors_ptr                                                       
0800c018  __TI_enable_exit_profile_output                                      
0800c01c  gESMHwCfgAttrs                                                       
0800c028  ti_sysbios_family_arm_v7a_Pmu_Module__state__V                       
0800c034  _lock                                                                
0800c038  _unlock                                                              
0800c03c  gGPIOHwAtrrib                                                        
0800c044  ti_sysbios_family_arm_v7r_vim_Hwi_Module__root__V                    
0800c04c  ti_sysbios_gates_GateHwi_Module__root__V                             
0800c054  ti_sysbios_gates_GateMutex_Module__root__V                           
0800c05c  ti_sysbios_hal_Hwi_Object__table__V                                  
0800c064  ti_sysbios_heaps_HeapMem_Module__root__V                             
0800c06c  ti_sysbios_knl_Event_Module__root__V                                 
0800c074  ti_sysbios_knl_Queue_Module__root__V                                 
0800c07c  ti_sysbios_knl_Semaphore_Module__root__V                             
0800c084  ti_sysbios_knl_Task_Module__root__V                                  
0800c08c  ti_sysbios_timers_rti_Timer_Module_State_0_handles__A                
0800c094  xdc_runtime_Registry_Module__state__V                                
0800c09c  xdc_runtime_Startup_Module__state__V                                 
0800c0a4  xdc_runtime_System_Module__state__V                                  
0800c0ac  gCRCRegister                                                         
0800c0b0  gPinmuxRegs                                                          
0800c0b8  errno                                                                
0800c0c4  main_func_sp                                                         
0800c0cc  ti_sysbios_family_arm_exc_Exception_Module_State_0_excContext__A     
0800c0d0  ti_sysbios_family_arm_exc_Exception_Module_State_0_excStackBuffers__A
0800c0d4  ti_sysbios_family_arm_exc_Exception_Module_State_0_excStack__A       
0800c0d8  ti_sysbios_gates_GateHwi_Object__table__V                            
0800c0dc  ti_sysbios_heaps_HeapBuf_Module__state__V                            
0800c0e0  ti_sysbios_knl_Task_Module_State_0_idleTask__A                       
0800c0e4  xdc_runtime_Memory_Module__state__V                                  
0800c0e8  ti_sysbios_family_arm_exc_Exception_Module_State_0_excActive__A      
0800c0ea  xdc_runtime_Error_Module__state__V                                   
0800c0f0  ti_sysbios_family_arm_v7r_vim_Hwi_Module_State_0_fiqStack__A         
fffffdec  ti_sysbios_family_arm_v7r_vim_Hwi_vim                                
ffffffff  __TI_pprof_out_hndl                                                  
ffffffff  __TI_prof_data_size                                                  
ffffffff  __TI_prof_data_start                                                 
ffffffff  __binit__                                                            
ffffffff  __c_args__                                                           
ffffffff  binit                                                                
UNDEFED   SHT$$INIT_ARRAY$$Base                                                
UNDEFED   SHT$$INIT_ARRAY$$Limit                                               

[907 symbols]
