******************************************************************************
               TMS320C6x Linker PC v8.1.3                      
******************************************************************************
>> Linked Fri Sep 28 17:05:54 2018

OUTPUT FILE NAME:   <xwr16xx_ods_ti_design_dss.xe674>
ENTRY POINT SYMBOL: "_c_int00"  address: 007fee40


MEMORY CONFIGURATION

         name            origin    length      used     unused   attr    fill
----------------------  --------  ---------  --------  --------  ----  --------
PAGE 0:
  L2SRAM_UMAP1          007e0000   00020000  00020000  00000000  RWIX
  L2SRAM_UMAP0          00800000   00020000  00016f19  000090e7  RWIX
  L1PSRAM               00e00000   00004000  00003d00  00000300  RWIX
  L1DSRAM               00f00000   00004000  00004000  00000000  RWIX
  L3SRAM                20000000   000c0000  000045e0  000bba20  RWIX
  HSRAM                 21080000   00008000  00008000  00000000  RWIX

PAGE 1:
  L3SRAM                20000000   000c0000  000c0000  00000000  RWIX


SEGMENT ALLOCATION MAP

run origin  load origin   length   init length attrs members
----------  ----------- ---------- ----------- ----- -------
007e0000    007e0000    00025760   00025760    r-x
  007e0000    007e0000    00000200   00000200    r-x .vecs
  007e0200    007e0200    0001fe00   0001fe00    r-x .text.1
  00800000    00800000    00005760   00005760    r-x .text.2
00805760    00805760    0000bc00   00000000    rw-
  00805760    00805760    00006c00   00000000    rw- .l2data
  0080c360    0080c360    00005000   00000000    rw- systemHeap
00811360    00811360    00002b71   00002b71    r--
  00811360    00811360    00002b71   00002b71    r-- .const
00813ed8    00813ed8    0000164c   00000000    rw-
  00813ed8    00813ed8    0000164c   00000000    rw- .far
00815528    00815528    000016f0   000012d4    rw-
  00815528    00815528    000012d4   000012d4    rw- .fardata
  00816800    00816800    00000418   00000000    rw- .stack
00816c18    00816c18    000001d4   000001d4    r--
  00816c18    00816c18    000001d4   000001d4    r-- .switch
00816df0    00816df0    00000120   00000000    rw-
  00816df0    00816df0    00000120   00000000    rw- .cio
00816f10    00816f10    0000000c   0000000c    rw-
  00816f10    00816f10    0000000c   0000000c    rw- .neardata
00816f20    00816f20    00000010   00000010    r--
  00816f20    00816f20    00000010   00000010    r-- .ovly
00e00000    20000000    00003d00   00003d00    r-x
  00e00000    20000000    00003d00   00003d00    r-x .fastCode
00f00000    00f00000    00004000   00000000    rw-
  00f00000    00f00000    00004000   00000000    rw- .l1data
20003d00    20003d00    000008e0   000008e0    r-x
  20003d00    20003d00    000008e0   000008e0    r-x .overlay
21080000    21080000    00008000   00000000    rw-
  21080000    21080000    00008000   00000000    rw- .demoSharedMem
20000000    20000000    000c0000   00000000    rw-
  20000000    20000000    000c0000   00000000    rw- .l3data


SECTION ALLOCATION MAP

 output                                  attributes/
section   page    origin      length       input sections
--------  ----  ----------  ----------   ----------------
.vecs      0    007e0000    00000200     
                  007e0000    00000200     dss_ods_pe674.oe674 (.vecs)

.text.1    0    007e0200    0001fe00     
                  007e0200    00000bc0     dss_main.oe674 (.text:OdsDemo_parseProfileAndChirpConfig)
                  007e0dc0    000008a0     ti.targets.rts6000.ae674 : System.oe674 (.text:xdc_runtime_System_doPrint__I)
                  007e1660    00000740     dss_main.oe674 (.text:OdsDemo_mboxReadTask)
                  007e1da0    00000700     sysbios.ae674 : BIOS.obj (.text:ti_sysbios_family_c64p_Exception_handler__I)
                  007e24a0    000005c0     rts6740_elf.lib : divd.obj (.text:__c6xabi_divd)
                  007e2a60    000005a0     dss_data_path.oe674 (.text:OdsDemo_dataPathConfigEdma)
                  007e3000    00000560     dss_data_path.oe674 (.text:OdsDemo_cfarPeakGroupingCfarQualified)
                  007e3560    00000520     dss_main.oe674 (.text:OdsDemo_dssDataPathConfig)
                  007e3a80    00000500     libcbuff_xwr16xx.ae674 : cbuff.oe674 (.text:CBUFF_init)
                  007e3f80    00000500     libhsiheader_xwr16xx.ae674 : hsiheader.oe674 (.text:HSIHeader_createHeader)
                  007e4480    00000500     rx_ch_bias_measure.oe674 (.text:MmwDemo_rangeBiasRxChPhaseMeasure)
                  007e4980    00000500     dss_data_path.oe674 (.text:OdsDemo_dataPathConfigBuffers)
                  007e4e80    00000500     sysbios.ae674 : BIOS.obj (.text:ti_sysbios_knl_Semaphore_pend__E)
                  007e5380    000004e0                   : BIOS.obj (.text:ti_sysbios_knl_Event_pend__E)
                  007e5860    000004c0     libcbuff_xwr16xx.ae674 : cbuff.oe674 (.text:CBUFF_createSession)
                  007e5d20    000004c0     sysbios.ae674 : BIOS.obj (.text:ti_sysbios_heaps_HeapMem_allocUnprotected__E)
                  007e61e0    000004a0     libmmwave_xwr16xx.ae674 : mmwave_xwr16xx.oe674 (.text:MMWave_deviceExecuteFxn)
                  007e6680    00000480     dss_main.oe674 (.text:OdsDemo_dssSendProcessOutputToMSS)
                  007e6b00    00000460     dss_data_path.oe674 (.text:OdsDemo_gen_twiddle_fft16x16_fast)
                  007e6f60    00000460     sysbios.ae674 : BIOS.obj (.text:ti_sysbios_heaps_HeapMem_freeUnprotected__E)
                  007e73c0    00000420     libmailbox_xwr16xx.ae674 : mailbox.oe674 (.text:Mailbox_open)
                  007e77e0    00000420     sysbios.ae674 : BIOS.obj (.text:ti_sysbios_knl_Task_Instance_finalize__E)
                  007e7c00    000003e0     libmmwavelink_xwr16xx.ae674 : rl_driver.oe674 (.text:rlDriverRxHdrRead)
                  007e7fe0    000003c0     dss_data_path.oe674 (.text:OdsDemo_dcRangeSignatureCompensation)
                  007e83a0    000003a0     libadcbuf_xwr16xx.ae674 : adcbuf_mmwave.oe674 (.text:ADCBUF_MMWave_control)
                  007e8740    00000360     libcbuff_xwr16xx.ae674 : cbuff.oe674 (.text:CBUFF_validateHWSessionCfg)
                  007e8aa0    00000360     libcrc_xwr16xx.ae674 : crc.oe674 (.text:CRC_open)
                  007e8e00    00000340     libcbuff_xwr16xx.ae674 : cbuff_lvds.oe674 (.text:CBUFF_openLVDS)
                  007e9140    00000340     dss_main.oe674 (.text:OdsDemo_dssDataPathTask)
                  007e9480    00000320     libcbuff_xwr16xx.ae674 : cbuff_lvds.oe674 (.text:CBUFF_initLVDS)
                  007e97a0    00000320     rts6740_elf.lib : cos.obj (.text:cos)
                  007e9ac0    00000320     sysbios.ae674 : BIOS.obj (.text:ti_sysbios_knl_Task_Instance_init__E)
                  007e9de0    00000300     libcbuff_xwr16xx.ae674 : cbuff.oe674 (.text:CBUFF_activateSession)
                  007ea0e0    00000300     dss_main.oe674 (.text:OdsDemo_dssDataPathReconfig)
                  007ea3e0    000002e0     libcbuff_xwr16xx.ae674 : cbuff_edma.oe674 (.text:CBUFF_configEDMA)
                  007ea6c0    000002e0     libedma_xwr16xx.ae674 : edma.oe674 (.text:EDMA_error_isr)
                  007ea9a0    000002e0     libmmwavelink_xwr16xx.ae674 : rl_driver.oe674 (.text:rlDriverCmdInvoke)
                  007eac80    000002e0     rts6740_elf.lib : sin.obj (.text:sin)
                  007eaf60    000002c0     dss_main.oe674 (.text:OdsDemo_dssDataPathInit)
                  007eb220    000002c0     dss_data_path.oe674 (.text:OdsDemo_genWindow)
                  007eb4e0    000002c0     sysbios.ae674 : BIOS.obj (.text:ti_sysbios_knl_Task_sleep__E)
                  007eb7a0    000002a0     libcrc_xwr16xx.ae674 : crc.oe674 (.text:CRC_computeSignature)
                  007eba40    000002a0     rts6740_elf.lib : divf.obj (.text:__c6xabi_divf)
                  007ebce0    00000280     libedma_xwr16xx.ae674 : edma.oe674 (.text:EDMA_configChannel)
                  007ebf60    00000260                           : edma.oe674 (.text:EDMA_open)
                  007ec1c0    00000260     rts6740_elf.lib : imath64.obj (.text:__c6xabi_divull)
                  007ec420    00000260     libmmwavelink_xwr16xx.ae674 : rl_driver.oe674 (.text:rlDriverMsgRead)
                  007ec680    00000260     sysbios.ae674 : BIOS.obj (.text:ti_sysbios_knl_Clock_workFunc__E)
                  007ec8e0    00000260     ti.targets.rts6000.ae674 : Startup.oe674 (.text:xdc_runtime_Startup_startMods__I)
                  007ecb40    00000240     libedma_xwr16xx.ae674 : edma.oe674 (.text:EDMA_configErrorMonitoring)
                  007ecd80    00000240     libmmwave_xwr16xx.ae674 : mmwave_link.oe674 (.text:MMWave_startLink)
                  007ecfc0    00000240     dss_main.oe674 (.text:OdsDemo_dssDataPathProcessEvents)
                  007ed200    00000240     libmmwavelink_xwr16xx.ae674 : rl_driver.oe674 (.text:rlDriverCmdSendRetry)
                  007ed440    00000240                                 : rl_driver.oe674 (.text:rlDriverInit)
                  007ed680    00000240     rts6740_elf.lib : setvbuf.obj (.text:setvbuf)
                  007ed8c0    00000240     sysbios.ae674 : BIOS.obj (.text:ti_sysbios_knl_Event_post__E)
                  007edb00    00000240     ti.targets.rts6000.ae674 : Core-mem.oe674 (.text:xdc_runtime_Core_createObject__I)
                  007edd40    00000240     dss_ods_pe674.oe674 (.text:xdc_runtime_System_printfExtend__I)
                  007edf80    00000220     libcbuff_xwr16xx.ae674 : cbuff.oe674 (.text:CBUFF_deinit)
                  007ee1a0    00000220                            : cbuff_transfer.oe674 (.text:CBUFF_setupNonInterleaved_ADC)
                  007ee3c0    00000220     libedma_xwr16xx.ae674 : edma.oe674 (.text:EDMA_transferComplete_isr)
                  007ee5e0    00000220     libmailbox_xwr16xx.ae674 : mailbox.oe674 (.text:Mailbox_write)
                  007ee800    00000220     dss_data_path.oe674 (.text:OdsDemo_EDMA_CQTransferCompletionCallbackFxn)
                  007eea20    00000220     dss_main.oe674 (.text:OdsDemo_parseAdcBufCfg)
                  007eec40    00000220     rts6740_elf.lib : fputc.obj (.text:fputc)
                  007eee60    00000220     sysbios.ae674 : BIOS.obj (.text:ti_sysbios_family_c64p_Hwi_dispatchCore__I)
                  007ef080    00000220                   : BIOS.obj (.text:ti_sysbios_heaps_HeapMem_Instance_init__E)
                  007ef2a0    00000220                   : BIOS.obj (.text:ti_sysbios_knl_Task_schedule__I)
                  007ef4c0    00000220                   : BIOS.obj (.text:ti_sysbios_utils_Load_updateThreadContexts__E)
                  007ef6e0    00000200     libcbuff_xwr16xx.ae674 : cbuff_transfer.oe674 (.text:CBUFF_setupNonInterleaved_MultiChirp_CP_ADC_CQ_USER)
                  007ef8e0    00000200     libmmwave_xwr16xx.ae674 : mmwave_link.oe674 (.text:MMWave_initMMWaveLink)
                  007efae0    00000200     dss_lvds_stream.oe674 (.text:OdsDemo_LVDSStreamHwConfig)
                  007efce0    00000200     dss_data_path.oe674 (.text:OdsDemo_processChirp)
                  007efee0    00000200     sysbios.ae674 : c64p_Hwi_disp_always.obj (.text:_ti_sysbios_family_c64p_Hwi_dispatchAlways)
                  007f00e0    00000200                   : BIOS.obj (.text:ti_sysbios_knl_Semaphore_post__E)
                  007f02e0    00000200     ti.targets.rts6000.ae674 : Error.oe674 (.text:xdc_runtime_Error_policyDefault__E)
                  007f04e0    000001e0     libadcbuf_xwr16xx.ae674 : adcbuf_mmwave.oe674 (.text:ADCBUF_MMWave_open)
                  007f06c0    000001e0     libcbuff_xwr16xx.ae674 : cbuff_transfer.oe674 (.text:CBUFF_setupNonInterleaved_MultiChirp_CP_ADC)
                  007f08a0    000001e0                            : cbuff_transfer.oe674 (.text:CBUFF_setupNonInterleaved_MultiChirp_CP_ADC_CQ)
                  007f0a80    000001e0                            : cbuff_transfer.oe674 (.text:CBUFF_setupTransfer)
                  007f0c60    000001e0     libedma_xwr16xx.ae674 : edma.oe674 (.text:EDMA_init)
                  007f0e40    000001e0     libhsiheader_xwr16xx.ae674 : hsiheader.oe674 (.text:HSIHeader_init)
                  007f1020    000001e0     dss_data_path.oe674 (.text:OdsDemo_gen_twiddle_fft32x32_fast)
                  007f1200    000001e0     rts6740_elf.lib : log.obj (.text:log)
                  007f13e0    000001e0     libmmwavelink_xwr16xx.ae674 : rl_driver.oe674 (.text:rlDriverRdVerifyMsg)
                  007f15c0    000001e0     sysbios.ae674 : BIOS.obj (.text:ti_sysbios_knl_Task_postInit__I)
                  007f17a0    000001e0                   : BIOS.obj (.text:ti_sysbios_knl_Task_startCore__E)
                  007f1980    000001e0     ti.targets.rts6000.ae674 : Text.oe674 (.text:xdc_runtime_Text_putSite__E)
                  007f1b60    000001c0     libcbuff_xwr16xx.ae674 : cbuff_transfer.oe674 (.text:CBUFF_setupNonInterleaved_MultiChirp_ADC_CP)
                  007f1d20    000001c0     libmmwave_xwr16xx.ae674 : mmwave_xwr16xx.oe674 (.text:MMWave_deviceInitFxn)
                  007f1ee0    000001c0     libmailbox_xwr16xx.ae674 : mailbox.oe674 (.text:Mailbox_read)
                  007f20a0    000001c0     dss_main.oe674 (.text:OdsDemo_dssChirpIntHandler)
                  007f2260    000001c0     dss_main.oe674 (.text:OdsDemo_edmaBlockCopy)
                  007f2420    000001c0     dss_data_path.oe674 (.text:OdsDemo_genDftSinCosTable)
                  007f25e0    000001c0     libsoc_xwr16xx.ae674 : soc.oe674 (.text:SOC_deregisterSysIntListener)
                  007f27a0    000001c0     rts6740_elf.lib : frexp.obj (.text:frexp)
                  007f2960    000001c0     sysbios.ae674 : BIOS.obj (.text:ti_sysbios_timers_rti_Timer_getFreq__E)
                  007f2b20    000001a0     libadcbuf_xwr16xx.ae674 : adcbuf_mmwave.oe674 (.text:ADCBUFTestPatternConfig)
                  007f2cc0    000001a0     libedma_xwr16xx.ae674 : edma.oe674 (.text:EDMA_paramConfig_assist)
                  007f2e60    000001a0     dss_config_edma_util.oe674 (.text:EDMAutil_configType2b)
                  007f3000    000001a0     rts6740_elf.lib : trgdrv.obj (.text:HOSTrename)
                  007f31a0    000001a0                     : asin.obj (.text:asin)
                  007f3340    000001a0                     : lowlev.obj (.text:getdevice)
                  007f34e0    000001a0     libmmwavelink_xwr16xx.ae674 : rl_driver.oe674 (.text:rlDriverDeInit)
                  007f3680    000001a0     sysbios.ae674 : BIOS.obj (.text:ti_sysbios_family_c64p_EventCombiner_dispatch__E)
                  007f3820    000001a0     ti.targets.rts6000.ae674 : Core-smem.oe674 (.text:xdc_runtime_Core_constructObject__I)
                  007f39c0    00000180     libadcbuf_xwr16xx.ae674 : adcbuf_mmwave.oe674 (.text:ADCBUFCmdParamCheck)
                  007f3b40    00000180     libcbuff_xwr16xx.ae674 : cbuff_transfer.oe674 (.text:CBUFF_setupNonInterleaved_CP_ADC)
                  007f3cc0    00000180                            : cbuff_transfer.oe674 (.text:CBUFF_setupNonInterleaved_CP_ADC_CQ_USER)
                  007f3e40    00000180     libmmwave_xwr16xx.ae674 : mmwave_fullcfg.oe674 (.text:MMWave_flushCfg)
                  007f3fc0    00000180                             : mmwave_fullcfg.oe674 (.text:MMWave_getChirpHandle)
                  007f4140    00000180                             : mmwave.oe674 (.text:MMWave_start)
                  007f42c0    00000180     libmmwavelink_xwr16xx.ae674 : rl_driver.oe674 (.text:rlDriverMsgWrite)
                  007f4440    00000180     sysbios.ae674 : c64p_Exception_asm.obj (.text)
                  007f45c0    00000180                   : BIOS.obj (.text:ti_sysbios_family_c64p_Exception_internalHandler__I)
                  007f4740    00000180                   : BIOS.obj (.text:ti_sysbios_knl_Task_exit__E)
                  007f48c0    00000180                   : BIOS.obj (.text:ti_sysbios_knl_Task_unblockI__E)
                  007f4a40    00000180                   : BIOS.obj (.text:ti_sysbios_utils_Load_startup__E)
                  007f4bc0    00000160     libcbuff_xwr16xx.ae674 : cbuff_transfer.oe674 (.text:CBUFF_setupNonInterleaved_ADC_CP)
                  007f4d20    00000160                            : cbuff_transfer.oe674 (.text:CBUFF_setupNonInterleaved_CP_ADC_CQ)
                  007f4e80    00000160     dss_config_edma_util.oe674 (.text:EDMAutil_configType1)
                  007f4fe0    00000160     dss_config_edma_util.oe674 (.text:EDMAutil_configType3)
                  007f5140    00000160     libmmwave_xwr16xx.ae674 : mmwave_link.oe674 (.text:MMWave_asyncEventHandler)
                  007f52a0    00000160                             : mmwave_link.oe674 (.text:MMWave_computeCRC)
                  007f5400    00000160     libmailbox_xwr16xx.ae674 : mailbox.oe674 (.text:Mailbox_close)
                  007f5560    00000160     rx_ch_bias_measure.oe674 (.text:MmwDemo_quadFit)
                  007f56c0    00000160     dss_lvds_stream.oe674 (.text:OdsDemo_LVDSStreamSwConfig)
                  007f5820    00000160     dss_main.oe674 (.text:OdsDemo_dssDataPathOutputLogging)
                  007f5980    00000160     dss_main.oe674 (.text:OdsDemo_dssDataPathStop)
                  007f5ae0    00000160     libsoc_xwr16xx.ae674 : soc.oe674 (.text:SOC_registerSysIntListener)
                  007f5c40    00000160     libmmwavelink_xwr16xx.ae674 : rl_driver.oe674 (.text:rlDriverMsgReadCmdCtx)
                  007f5da0    00000160                                 : rl_driver.oe674 (.text:rlDriverWaitForResponse)
                  007f5f00    00000160     rts6740_elf.lib : sqrt.obj (.text:sqrt)
                  007f6060    00000160     sysbios.ae674 : BIOS.obj (.text:ti_sysbios_knl_Task_checkStacks__E)
                  007f61c0    00000160                   : BIOS.obj (.text:ti_sysbios_timers_rti_Timer_postInit__I)
                  007f6320    00000160                   : BIOS.obj (.text:ti_sysbios_utils_Load_idleFxn__E)
                  007f6480    00000160                   : BIOS.obj (.text:ti_sysbios_utils_Load_logLoads__I)
                  007f65e0    00000160                   : BIOS.obj (.text:ti_sysbios_utils_Load_updateLoads__E)
                  007f6740    00000160     ti.targets.rts6000.ae674 : Text.oe674 (.text:xdc_runtime_Text_putMod__E)
                  007f68a0    00000140     libcbuff_xwr16xx.ae674 : cbuff.oe674 (.text:CBUFF_ISR)
                  007f69e0    00000140                            : cbuff.oe674 (.text:CBUFF_deactivateSession)
                  007f6b20    00000140                            : cbuff.oe674 (.text:CBUFF_deregisterFrameDone)
                  007f6c60    00000140     libedma_xwr16xx.ae674 : edma_low_level.oe674 (.text:EDMA3Init)
                  007f6da0    00000140                           : edma.oe674 (.text:EDMA_transferController_error_isr)
                  007f6ee0    00000140     libmmwave_xwr16xx.ae674 : mmwave_fullcfg.oe674 (.text:MMWave_addChirp)
                  007f7020    00000140                             : mmwave.oe674 (.text:MMWave_init)
                  007f7160    00000140     dss_data_path.oe674 (.text:OdsDemo_checkDynamicConfigErrors)
                  007f72a0    00000140     dss_main.oe674 (.text:OdsDemo_dssMmwaveEventCallbackFxn)
                  007f73e0    00000140     rts6740_elf.lib : fclose.obj (.text:__TI_closefile)
                  007f7520    00000140                     : fflush.obj (.text:fflush)
                  007f7660    00000140     libmmwavelink_xwr16xx.ae674 : rl_device.oe674 (.text:rlDevicePowerOn)
                  007f77a0    00000140                                 : rl_driver.oe674 (.text:rlDriverMsgCmdReply)
                  007f78e0    00000140     sysbios.ae674 : BIOS.obj (.text:ti_sysbios_gates_GateMutex_enter__E)
                  007f7a20    00000140                   : BIOS.obj (.text:ti_sysbios_knl_Task_Module_startup__E)
                  007f7b60    00000140                   : BIOS.obj (.text:ti_sysbios_knl_Task_blockI__E)
                  007f7ca0    00000140                   : BIOS.obj (.text:ti_sysbios_timers_rti_Timer_Module_startup__E)
                  007f7de0    00000140     ti.targets.rts6000.ae674 : Core-mem.oe674 (.text:xdc_runtime_Core_deleteObject__I)
                  007f7f20    00000140                              : Text.oe674 (.text:xdc_runtime_Text_putLab__E)
                  007f8060    00000120     libadcbuf_xwr16xx.ae674 : adcbuf_mmwave.oe674 (.text:ADCBUF_MMWave_getChanBufAddr)
                  007f8180    00000120     libcbuff_xwr16xx.ae674 : cbuff_transfer.oe674 (.text:CBUFF_setupNonInterleaved_ADC_USER)
                  007f82a0    00000120     dss_lvds_stream.oe674 (.text:OdsDemo_LVDSStream_EDMAAllocateCBUFFHwChannel)
                  007f83c0    00000120     dss_lvds_stream.oe674 (.text:OdsDemo_LVDSStream_EDMAAllocateCBUFFSwChannel)
                  007f84e0    00000120     dss_data_path.oe674 (.text:OdsDemo_dataPathConfigCQEdma)
                  007f8600    00000120     boot.ae674 : autoinit.oe674 (.text:_auto_init_elf)
                  007f8720    00000120     rts6740_elf.lib : fseek.obj (.text:fseek)
                  007f8840    00000120     libmmwavelink_xwr16xx.ae674 : rl_driver.oe674 (.text:rlDriverAsyncEventHandler)
                  007f8960    00000120     sysbios.ae674 : BIOS.obj (.text:ti_sysbios_family_c64p_EventCombiner_dispatchPlug__E)
                  007f8a80    00000120                   : BIOS.obj (.text:ti_sysbios_knl_Semaphore_Instance_init__E)
                  007f8ba0    00000100     libcbuff_xwr16xx.ae674 : cbuff_transfer.oe674 (.text:CBUFF_addLinkedList)
                  007f8ca0    00000100                            : cbuff_edma.oe674 (.text:CBUFF_closeEDMA)
                  007f8da0    00000100                            : cbuff_transfer.oe674 (.text:CBUFF_configUserBufferEDMA)
                  007f8ea0    00000100                            : cbuff_transfer.oe674 (.text:CBUFF_displayLinkedList)
                  007f8fa0    00000100                            : cbuff_edma.oe674 (.text:CBUFF_setupEDMAShadowLink)
                  007f90a0    00000100     rts6740_elf.lib : trgdrv.obj (.text:HOSTlseek)
                  007f91a0    00000100     libhsiheader_xwr16xx.ae674 : hsiheader.oe674 (.text:HSIHeader_deleteHeader)
                  007f92a0    00000100     libmmwave_xwr16xx.ae674 : mmwave_fullcfg.oe674 (.text:MMWave_addBpmChirp)
                  007f93a0    00000100                             : mmwave_fullcfg.oe674 (.text:MMWave_addProfile)
                  007f94a0    00000100                             : mmwave_fullcfg.oe674 (.text:MMWave_getChirpCfg)
                  007f95a0    00000100     libmailbox_xwr16xx.ae674 : mailbox.oe674 (.text:Mailbox_readFlush)
                  007f96a0    00000100     dss_lvds_stream.oe674 (.text:OdsDemo_LVDSStreamDeleteHwSession)
                  007f97a0    00000100     dss_lvds_stream.oe674 (.text:OdsDemo_LVDSStreamDeleteSwSession)
                  007f98a0    00000100     dss_lvds_stream.oe674 (.text:OdsDemo_LVDSStreamInit)
                  007f99a0    00000100     dss_lvds_stream.oe674 (.text:OdsDemo_LVDSStream_EDMAFreeCBUFFHwChannel)
                  007f9aa0    00000100     dss_lvds_stream.oe674 (.text:OdsDemo_LVDSStream_EDMAFreeCBUFFSwChannel)
                  007f9ba0    00000100     dss_lvds_stream.oe674 (.text:OdsDemo_LVDSStream_EDMAInit)
                  007f9ca0    00000100     dss_data_path.oe674 (.text:OdsDemo_getDopplerLine)
                  007f9da0    00000100     libsoc_xwr16xx.ae674 : soc_xwr16xx_dss.oe674 (.text:SOC_deviceInit)
                  007f9ea0    00000100                          : soc_xwr16xx.oe674 (.text:SOC_translateAddress)
                  007f9fa0    00000100     rts6740_elf.lib : _io_perm.obj (.text:__TI_wrt_ok)
                  007fa0a0    00000100     libmmwavelink_xwr16xx.ae674 : rl_device.oe674 (.text:rlDevicePowerOff)
                  007fa1a0    00000100                                 : rl_driver.oe674 (.text:rlDriverClientCbCheck)
                  007fa2a0    00000100                                 : rl_driver.oe674 (.text:rlDriverOsiCbCheck)
                  007fa3a0    00000100                                 : rl_driver.oe674 (.text:rlDriverValidateHdr)
                  007fa4a0    00000100     sysbios.ae674 : BIOS.obj (.text:ti_sysbios_timers_rti_Timer_initDevice__I)
                  007fa5a0    00000100                   : BIOS.obj (.text:ti_sysbios_timers_rti_Timer_start__E)
                  007fa6a0    00000100     ti.targets.rts6000.ae674 : Error.oe674 (.text:xdc_runtime_Error_print__E)
                  007fa7a0    00000100                              : Memory.oe674 (.text:xdc_runtime_Memory_alloc__E)
                  007fa8a0    00000100                              : Startup.oe674 (.text:xdc_runtime_Startup_exec__E)
                  007fa9a0    000000e0     libadcbuf_xwr16xx.ae674 : adcbuf_mmwave.oe674 (.text:ADCBUFChannelEnSetOffset)
                  007faa80    000000e0                             : adcbuf_mmwave.oe674 (.text:ADCBUF_MMWave_getCQBufAddr)
                  007fab60    000000e0     libcbuff_xwr16xx.ae674 : cbuff_transfer.oe674 (.text:CBUFF_configCQEDMA)
                  007fac40    000000e0                            : cbuff_lvds.oe674 (.text:CBUFF_initLVDSLinkListParams)
                  007fad20    000000e0     libcrc_xwr16xx.ae674 : crc.oe674 (.text:CRC_getTransactionId)
                  007fae00    000000e0     libosal_xwr16xx.ae674 : DebugP_tirtos.oe674 (.text:DebugP_log3)
                  007faee0    000000e0     libedma_xwr16xx.ae674 : edma.oe674 (.text:EDMA_configParamSet)
                  007fafc0    000000e0                           : edma.oe674 (.text:EDMA_isTransferComplete)
                  007fb0a0    000000e0     dss_config_edma_util.oe674 (.text:EDMA_setup_shadow_link)
                  007fb180    000000e0     dss_config_edma_util.oe674 (.text:EDMAutil_triggerType3)
                  007fb260    000000e0     rts6740_elf.lib : trgdrv.obj (.text:HOSTopen)
                  007fb340    000000e0                     : trgdrv.obj (.text:HOSTwrite)
                  007fb420    000000e0     libmmwave_xwr16xx.ae674 : mmwave_xwr16xx.oe674 (.text:MMWave_deviceStartFxn)
                  007fb500    000000e0                             : mmwave_fullcfg.oe674 (.text:MMWave_getProfileCfg)
                  007fb5e0    000000e0     libmailbox_xwr16xx.ae674 : mailbox.oe674 (.text:Mailbox_boxFullISRMssDss)
                  007fb6c0    000000e0                              : mailbox.oe674 (.text:Mailbox_init)
                  007fb7a0    000000e0     dss_main.oe674 (.text:OdsDemo_dssDataPathStart)
                  007fb880    000000e0     dss_data_path.oe674 (.text:OdsDemo_log2AbsAccum)
                  007fb960    000000e0     rts6740_elf.lib : divi.obj (.text:__divi)
                  007fba40    000000e0                     : lowlev.obj (.text:close)
                  007fbb20    000000e0                     : memset.obj (.text:memset)
                  007fbc00    000000e0     libmmwavelink_xwr16xx.ae674 : rl_device.oe674 (.text:rlDeviceGetVersion)
                  007fbce0    000000e0                                 : rl_driver.oe674 (.text:rlDriverCalChkSum)
                  007fbdc0    000000e0                                 : rl_driver.oe674 (.text:rlDriverHostIrqHandler)
                  007fbea0    000000e0                                 : rl_driver.oe674 (.text:rlDriverMsgReadSpawnCtx)
                  007fbf80    000000e0                                 : rl_driver.oe674 (.text:rlDriverProcRdMsg)
                  007fc060    000000e0     sysbios.ae674 : BIOS.obj (.text:ti_sysbios_family_c64p_Cache_Module_startup__E)
                  007fc140    000000e0                   : BIOS.obj (.text:ti_sysbios_family_c64p_Cache_getL2InitSize__I)
                  007fc220    000000e0                   : BIOS.obj (.text:ti_sysbios_utils_Load_updateCurrentThreadTime__E)
                  007fc300    000000c0     libcbuff_xwr16xx.ae674 : cbuff.oe674 (.text:CBUFF_deleteSession)
                  007fc3c0    000000c0     libcrc_xwr16xx.ae674 : crc.oe674 (.text:CRC_getSignature)
                  007fc480    000000c0     libosal_xwr16xx.ae674 : DebugP_tirtos.oe674 (.text:DebugP_log0)
                  007fc540    000000c0                           : DebugP_tirtos.oe674 (.text:DebugP_log1)
                  007fc600    000000c0                           : DebugP_tirtos.oe674 (.text:DebugP_log2)
                  007fc6c0    000000c0     libedma_xwr16xx.ae674 : edma.oe674 (.text:EDMA_startDmaTransfer)
                  007fc780    000000c0     rts6740_elf.lib : trgdrv.obj (.text:HOSTread)
                  007fc840    000000c0                     : trgdrv.obj (.text:HOSTunlink)
                  007fc900    000000c0     libmmwave_xwr16xx.ae674 : mmwave_xwr16xx.oe674 (.text:MMWave_deviceEventFxn)
                  007fc9c0    000000c0                             : mmwave_fullcfg.oe674 (.text:MMWave_getNumChirps)
                  007fca80    000000c0                             : mmwave_link.oe674 (.text:MMWave_initCRC)
                  007fcb40    000000c0                             : mmwave_link.oe674 (.text:MMWave_spawn)
                  007fcc00    000000c0     libmailbox_xwr16xx.ae674 : mailbox.oe674 (.text:Mailbox_boxFullISRProcessing)
                  007fccc0    000000c0     dss_lvds_stream.oe674 (.text:OdsDemo_LVDSStream_SwTriggerFrameDone)
                  007fcd80    000000c0     dss_data_path.oe674 (.text:OdsDemo_dataPathConfigFFTs)
                  007fce40    000000c0     dss_data_path.oe674 (.text:OdsDemo_decodeBPM)
                  007fcf00    000000c0     dss_main.oe674 (.text:OdsDemo_dssFrameStartIntHandler)
                  007fcfc0    000000c0     libsoc_xwr16xx.ae674 : soc.oe674 (.text:SOC_enableLVDS)
                  007fd080    000000c0     dss_main.oe674 (.text:_OdsDemo_dssAssert)
                  007fd140    000000c0     rts6740_elf.lib : fflush.obj (.text:__TI_doflush)
                  007fd200    000000c0                     : divu.obj (.text:__divu)
                  007fd2c0    000000c0                     : remi.obj (.text:__remi)
                  007fd380    000000c0                     : exit.obj (.text:exit)
                  007fd440    000000c0     libmmwavelink_xwr16xx.ae674 : rl_driver.oe674 (.text:rlDriverExecuteGetApi)
                  007fd500    000000c0     sysbios.ae674 : BIOS.obj (.text:ti_sysbios_family_c64p_Cache_getL1DInitSize__I)
                  007fd5c0    000000c0                   : BIOS.obj (.text:ti_sysbios_family_c64p_Cache_getL1PInitSize__I)
                  007fd680    000000c0                   : BIOS.obj (.text:ti_sysbios_heaps_HeapMem_getStats__E)
                  007fd740    000000c0                   : BIOS.obj (.text:ti_sysbios_knl_Clock_logTick__E)
                  007fd800    000000c0     dss_ods_pe674.oe674 (.text:ti_sysbios_knl_Task_create)
                  007fd8c0    000000c0     sysbios.ae674 : BIOS.obj (.text:ti_sysbios_timers_rti_Timer_startup__E)
                  007fd980    000000c0                   : BIOS.obj (.text:ti_sysbios_utils_Load_logCPULoad__I)
                  007fda40    000000c0                   : BIOS.obj (.text:ti_sysbios_utils_Load_taskCreateHook__E)
                  007fdb00    000000c0                   : BIOS.obj (.text:ti_sysbios_utils_Load_taskSwitchHook__E)
                  007fdbc0    000000c0     rts6740_elf.lib : tls.obj (.text:tls:init:__TI_tls_init)
                  007fdc80    000000c0     ti.targets.rts6000.ae674 : Assert.oe674 (.text:xdc_runtime_Assert_raise__I)
                  007fdd40    000000c0                              : Error.oe674 (.text:xdc_runtime_Error_setX__E)
                  007fde00    000000a0     libcbuff_xwr16xx.ae674 : cbuff_transfer.oe674 (.text:CBUFF_addCQLLEntry)
                  007fdea0    000000a0                            : cbuff_transfer.oe674 (.text:CBUFF_addUserBufferLLEntry)
                  007fdf40    000000a0                            : cbuff.oe674 (.text:CBUFF_setVC)
                  007fdfe0    000000a0                            : cbuff_transfer.oe674 (.text:CBUFF_shutdownTransfer)
                  007fe080    000000a0     libedma_xwr16xx.ae674 : edma_low_level.oe674 (.text:EDMA3EnableChInShadowReg)
                  007fe120    000000a0                           : edma.oe674 (.text:EDMA_disableChannel)
                  007fe1c0    000000a0     rts6740_elf.lib : trgdrv.obj (.text:HOSTclose)
                  007fe260    000000a0     libmmwave_xwr16xx.ae674 : mmwave.oe674 (.text:MMWave_execute)
                  007fe300    000000a0                             : mmwave_link.oe674 (.text:MMWave_executeLink)
                  007fe3a0    000000a0                             : mmwave_link.oe674 (.text:MMWave_initLink)
                  007fe440    000000a0                             : mmwave_link.oe674 (.text:MMWave_mboxOpen)
                  007fe4e0    000000a0                             : mmwave.oe674 (.text:MMWave_sync)
                  007fe580    000000a0     libmailbox_xwr16xx.ae674 : mailbox.oe674 (.text:Mailbox_boxEmptyISRProcessing)
                  007fe620    000000a0     dss_lvds_stream.oe674 (.text:OdsDemo_LVDSStream_HwTriggerFrameDone)
                  007fe6c0    000000a0     dss_data_path.oe674 (.text:OdsDemo_addDopplerCompensation)
                  007fe760    000000a0     dss_data_path.oe674 (.text:OdsDemo_dataPathWait1DInputData)
                  007fe800    000000a0     dss_data_path.oe674 (.text:OdsDemo_dataPathWait1DOutputData)
                  007fe8a0    000000a0     dss_data_path.oe674 (.text:OdsDemo_dataPathWait2DInputData)
                  007fe940    000000a0     dss_data_path.oe674 (.text:OdsDemo_dataPathWait3DInputData)
                  007fe9e0    000000a0     dss_data_path.oe674 (.text:OdsDemo_dataPathWaitTransDetMatrix2)
                  007fea80    000000a0     dss_data_path.oe674 (.text:OdsDemo_dataPathWaitTransDetMatrix)
                  007feb20    000000a0     libsoc_xwr16xx.ae674 : soc.oe674 (.text:SOC_SystemISR)
                  007febc0    000000a0                          : soc_xwr16xx_dss.oe674 (.text:SOC_triggerDSStoMSSsoftwareInterrupt)
                  007fec60    000000a0     rts6740_elf.lib : fopen.obj (.text:__TI_cleanup)
                  007fed00    000000a0                     : round.obj (.text:__c6xabi_nround)
                  007feda0    000000a0                     : remu.obj (.text:__remu)
                  007fee40    000000a0     boot.ae674 : boot.oe674 (.text:_c_int00)
                  007feee0    000000a0     rts6740_elf.lib : memcpy64.obj (.text:memcpy)
                  007fef80    000000a0                     : modf.obj (.text:modf)
                  007ff020    000000a0     libmmwavelink_xwr16xx.ae674 : rl_controller.oe674 (.text:rlAppendSubBlock)
                  007ff0c0    000000a0                                 : rl_driver.oe674 (.text:rlDriverExecuteSetApi)
                  007ff160    000000a0                                 : rl_driver.oe674 (.text:rlDriverVerifyCRC)
                  007ff200    000000a0                                 : rl_controller.oe674 (.text:rlGetSubBlock)
                  007ff2a0    000000a0     sysbios.ae674 : BIOS.obj (.text:ti_sysbios_family_c64p_Hwi_Module_startup__E)
                  007ff340    000000a0                   : BIOS.obj (.text:ti_sysbios_family_c64p_Hwi_getStackInfo__E)
                  007ff3e0    000000a0                   : BIOS.obj (.text:ti_sysbios_heaps_HeapMem_alloc__E)
                  007ff480    000000a0                   : BIOS.obj (.text:ti_sysbios_knl_Task_allBlockedFunction__I)
                  007ff520    000000a0                   : BIOS.obj (.text:ti_sysbios_timers_rti_Timer_setPeriodMicroSecs__E)
                  007ff5c0    000000a0                   : BIOS.obj (.text:ti_sysbios_utils_Load_addTask__E)
                  007ff660    000000a0                   : BIOS.obj (.text:ti_sysbios_utils_Load_taskDeleteHook__E)
                  007ff700    000000a0     ti.targets.rts6000.ae674 : Core-params.oe674 (.text:xdc_runtime_Core_assignParams__I)
                  007ff7a0    000000a0                              : System.oe674 (.text:xdc_runtime_System_formatNum__I)
                  007ff840    000000a0                              : System.oe674 (.text:xdc_runtime_System_putchar__I)
                  007ff8e0    000000a0                              : Text.oe674 (.text:xdc_runtime_Text_printVisFxn__I)
                  007ff980    000000a0                              : Text.oe674 (.text:xdc_runtime_Text_xprintf__I)
                  007ffa20    00000080     libadcbuf_xwr16xx.ae674 : ADCBuf.oe674 (.text:ADCBuf_init)
                  007ffaa0    00000080     libcbuff_xwr16xx.ae674 : cbuff_lvds.oe674 (.text:CBUFF_closeLVDS)
                  007ffb20    00000080                            : cbuff_transfer.oe674 (.text:CBUFF_setupHeader)
                  007ffba0    00000080                            : cbuff_transfer.oe674 (.text:CBUFF_setup_USER)
                  007ffc20    00000080     libedma_xwr16xx.ae674 : edma_low_level.oe674 (.text:EDMA3MapChToEvtQ)
                  007ffca0    00000080                           : edma.oe674 (.text:EDMA_chainChannels)
                  007ffd20    00000080                           : edma.oe674 (.text:EDMA_linkParamSets)
                  007ffda0    00000080     libhsiheader_xwr16xx.ae674 : hsiheader.oe674 (.text:HSIHeader_processUserBuffer)
                  007ffe20    00000080     libmmwave_xwr16xx.ae674 : mmwave_link.oe674 (.text:MMWave_mboxWrite)
                  007ffea0    00000080     libmailbox_xwr16xx.ae674 : mailbox.oe674 (.text:Mailbox_writeReset)
                  007fff20    00000060     libadcbuf_xwr16xx.ae674 : adcbuf_mmwave.oe674 (.text:ADCBUF_MMWave_close)
                  007fff80    00000010     libmmwavealg_xwr16xx.ae674 : mmwavelib_miscutils.oe674 ($Tramp$S$$mmwavelib_accum16)
                  007fff90    00000010                                : mmwavelib_log2abs.oe674 ($Tramp$S$$mmwavelib_log2Abs32)
                  007fffa0    00000010     dss_data_path.oe674 ($Tramp$S$$OdsDemo_interChirpProcessing)
                  007fffb0    00000010     dss_data_path.oe674 ($Tramp$S$$OdsDemo_interFrameProcessing)
                  007fffc0    00000010     mathlib.ae674 : sinsp.oe674 ($Tramp$S$$sinsp)
                  007fffd0    00000010                   : cossp.oe674 ($Tramp$S$$cossp)
                  007fffe0    00000010     dss_data_path.oe674 ($Tramp$S$$OdsDemo_dataPathInitEdma)
                  007ffff0    00000010     mathlib.ae674 : sqrtsp.oe674 ($Tramp$S$$sqrtsp)

.text.2    0    00800000    00005760     
                  00800000    00000080     dss_main.oe674 (.text:OdsDemo_cfgUpdate)
                  00800080    00000080     dss_data_path.oe674 (.text:OdsDemo_dataPathComputeDerivedConfig)
                  00800100    00000080     dss_main.oe674 (.text:OdsDemo_measurementResultOutput)
                  00800180    00000080     libosal_xwr16xx.ae674 : SemaphoreP_tirtos.oe674 (.text:SemaphoreP_create)
                  00800200    00000080     rts6740_elf.lib : trgmsg.obj (.text:__TI_readmsg)
                  00800280    00000080                     : trgmsg.obj (.text:__TI_writemsg)
                  00800300    00000080                     : fixdu.obj (.text:__c6xabi_fixdu)
                  00800380    00000080                     : llshift.obj (.text:__c6xabi_llshl)
                  00800400    00000080     sysbios.ae674 : c62_TaskSupport_asm.obj (.text:_ti_sysbios_family_c62_TaskSupport_swap__E)
                  00800480    00000080     mmwDemo_monitor.oe674 (.text:mmwDemo_cfgAnalogMonitor)
                  00800500    00000080     libmmwavelink_xwr16xx.ae674 : rl_driver.oe674 (.text:rlDeviceIdentifyCmdDir)
                  00800580    00000080                                 : rl_driver.oe674 (.text:rlDriverOsiInit)
                  00800600    00000080     dss_ods_pe674.oe674 (.text:ti_sysbios_BIOS_atExitFunc__I)
                  00800680    00000080     dss_ods_pe674.oe674 (.text:ti_sysbios_BIOS_registerRTSLock__I)
                  00800700    00000080     sysbios.ae674 : BIOS.obj (.text:ti_sysbios_family_c64p_Cache_marInit__I)
                  00800780    00000080                   : BIOS.obj (.text:ti_sysbios_family_c64p_Exception_Module_startup__E)
                  00800800    00000080                   : BIOS.obj (.text:ti_sysbios_family_c64p_Hwi_eventMap__E)
                  00800880    00000080     dss_ods_pe674.oe674 (.text:ti_sysbios_gates_GateHwi_Object__create__S)
                  00800900    00000080     dss_ods_pe674.oe674 (.text:ti_sysbios_gates_GateMutex_Object__create__S)
                  00800980    00000080     sysbios.ae674 : BIOS.obj (.text:ti_sysbios_hal_Hwi_checkStack)
                  00800a00    00000080                   : BIOS.obj (.text:ti_sysbios_hal_Hwi_initStack)
                  00800a80    00000080     dss_ods_pe674.oe674 (.text:ti_sysbios_heaps_HeapMem_Object__create__S)
                  00800b00    00000080     sysbios.ae674 : BIOS.obj (.text:ti_sysbios_heaps_HeapMem_free__E)
                  00800b80    00000080                   : BIOS.obj (.text:ti_sysbios_heaps_HeapMem_init__I)
                  00800c00    00000080     dss_ods_pe674.oe674 (.text:ti_sysbios_knl_Clock_doTick__I)
                  00800c80    00000080     dss_ods_pe674.oe674 (.text:ti_sysbios_knl_Event_create)
                  00800d00    00000080     sysbios.ae674 : BIOS.obj (.text:ti_sysbios_knl_Idle_run__E)
                  00800d80    00000080     dss_ods_pe674.oe674 (.text:ti_sysbios_knl_Semaphore_create)
                  00800e00    00000080     sysbios.ae674 : BIOS.obj (.text:ti_sysbios_knl_Task_processVitalTaskFlag__I)
                  00800e80    00000080                   : BIOS.obj (.text:ti_sysbios_timers_rti_Timer_setPeriod__E)
                  00800f00    00000080                   : BIOS.obj (.text:ti_sysbios_timers_rti_Timer_stop__E)
                  00800f80    00000080                   : BIOS.obj (.text:ti_sysbios_utils_Load_removeTask__E)
                  00801000    00000080     rts6740_elf.lib : lowlev.obj (.text:unlink)
                  00801080    00000080     ti.targets.rts6000.ae674 : Core-label.oe674 (.text:xdc_runtime_Core_assignLabel__I)
                  00801100    00000080                              : SysStd.oe674 (.text:xdc_runtime_SysStd_abort__E)
                  00801180    00000080                              : System.oe674 (.text:xdc_runtime_System_atexit__E)
                  00801200    00000080                              : System.oe674 (.text:xdc_runtime_System_avprintf__E)
                  00801280    00000080                              : System.oe674 (.text:xdc_runtime_System_processAtExit__E)
                  00801300    00000080                              : System.oe674 (.text:xdc_runtime_System_vprintf__E)
                  00801380    00000060     libadcbuf_xwr16xx.ae674 : ADCBuf.oe674 (.text:ADCBuf_open)
                  008013e0    00000060     libcbuff_xwr16xx.ae674 : cbuff.oe674 (.text:CBUFF_ErrorISR)
                  00801440    00000060     libcrc_xwr16xx.ae674 : crc.oe674 (.text:CRC_getCRCDataSelectBitValue)
                  008014a0    00000060                          : crc.oe674 (.text:CRC_getCRCTypeBitValue)
                  00801500    00000060                          : crc.oe674 (.text:CRC_isTransactionIdValid)
                  00801560    00000060                          : crc.oe674 (.text:CRC_resetSignature)
                  008015c0    00000060     libedma_xwr16xx.ae674 : edma_low_level.oe674 (.text:EDMA3ClrEvt)
                  00801620    00000060                           : edma_low_level.oe674 (.text:EDMA3ClrIntr)
                  00801680    00000060                           : edma_low_level.oe674 (.text:EDMA3ClrMissEvt)
                  008016e0    00000060                           : edma_low_level.oe674 (.text:EDMA3DisableEvtIntr)
                  00801740    00000060                           : edma_low_level.oe674 (.text:EDMA3EnableDmaEvt)
                  008017a0    00000060                           : edma_low_level.oe674 (.text:EDMA3EnableEvtIntr)
                  00801800    00000060                           : edma_low_level.oe674 (.text:EDMA3SetEvt)
                  00801860    00000060                           : edma.oe674 (.text:EDMA_configTransferControllerError)
                  008018c0    00000060                           : edma.oe674 (.text:EDMA_setDestinationAddress)
                  00801920    00000060                           : edma.oe674 (.text:EDMA_setSourceAddress)
                  00801980    00000060                           : edma.oe674 (.text:EDMA_validate_channelIdchannelType)
                  008019e0    00000060     libhsiheader_xwr16xx.ae674 : hsiheader.oe674 (.text:HSIHeader_processCQ)
                  00801a40    00000060     libmmwave_xwr16xx.ae674 : mmwave_listlib.oe674 (.text:MMWave_listCat)
                  00801aa0    00000060                             : mmwave_listlib.oe674 (.text:MMWave_listRemoveNode)
                  00801b00    00000060                             : mmwave_osal.oe674 (.text:MMWave_osalMutexCreate)
                  00801b60    00000060                             : mmwave_osal.oe674 (.text:MMWave_osalSemCreate)
                  00801bc0    00000060     libmailbox_xwr16xx.ae674 : mailbox.oe674 (.text:Mailbox_Config_init)
                  00801c20    00000060     dss_data_path.oe674 (.text:OdsDemo_dataPathObjInit)
                  00801c80    00000060     dss_data_path.oe674 (.text:OdsDemo_dssDataPathStartCQEdma)
                  00801ce0    00000060     dss_main.oe674 (.text:OdsDemo_dssMMWaveCtrlTask)
                  00801d40    00000060     dss_main.oe674 (.text:OdsDemo_dssMmwaveOpenCallbackFxn)
                  00801da0    00000060     dss_main.oe674 (.text:OdsDemo_triggerDss2MssISR)
                  00801e00    00000060     dss_data_path.oe674 (.text:OdsDemo_waitEndOfChirps)
                  00801e60    00000060     libsoc_xwr16xx.ae674 : soc_xwr16xx.oe674 (.text:SOC_setMMWaveDSSLinkState)
                  00801ec0    00000060                          : soc_xwr16xx.oe674 (.text:SOC_setMMWaveMSSLinkState)
                  00801f20    00000060                          : soc.oe674 (.text:SOC_unhaltBSS)
                  00801f80    00000060                          : soc_xwr16xx_dss.oe674 (.text:SOC_waitBSSPowerUp)
                  00801fe0    00000060     rts6740_elf.lib : llshift.obj (.text:__c6xabi_llshru)
                  00802040    00000060                     : imath64.obj (.text:_subcull)
                  008020a0    00000060     sysbios.ae674 : c64p_Hwi_asm_switch.obj (.text:_ti_sysbios_family_c64p_Hwi_switchAndDispatch__I)
                  00802100    00000060     dss_main.oe674 (.text:cache_setMar)
                  00802160    00000060     rts6740_elf.lib : lowlev.obj (.text:lseek)
                  008021c0    00000060     mmwDemo_monitor.oe674 (.text:mmwDemo_cfgRxSaturationMonitor)
                  00802220    00000060     mmwDemo_monitor.oe674 (.text:mmwDemo_cfgRxSigImgMonitor)
                  00802280    00000060     libmmwavelink_xwr16xx.ae674 : rl_device.oe674 (.text:rlDeviceGetMssVersion)
                  008022e0    00000060                                 : rl_driver.oe674 (.text:rlDriverConstructInMsg)
                  00802340    00000060                                 : rl_sensor.oe674 (.text:rlEnableContMode)
                  008023a0    00000060                                 : rl_monitoring.oe674 (.text:rlRfAnaMonConfig)
                  00802400    00000060                                 : rl_sensor.oe674 (.text:rlRfRunTimeCalibConfig)
                  00802460    00000060                                 : rl_monitoring.oe674 (.text:rlRfRxIfSatMonConfig)
                  008024c0    00000060                                 : rl_monitoring.oe674 (.text:rlRfRxSigImgMonConfig)
                  00802520    00000060                                 : rl_sensor.oe674 (.text:rlSensorStart)
                  00802580    00000060     dss_ods_pe674.oe674 (.text:ti_sysbios_BIOS_errorRaiseHook__I)
                  008025e0    00000060     dss_ods_pe674.oe674 (.text:ti_sysbios_BIOS_removeRTSLock__I)
                  00802640    00000060     dss_ods_pe674.oe674 (.text:ti_sysbios_BIOS_startFunc__I)
                  008026a0    00000060     sysbios.ae674 : BIOS.obj (.text:ti_sysbios_family_c62_TaskSupport_start__E)
                  00802700    00000060                   : BIOS.obj (.text:ti_sysbios_family_c64p_Cache_setMar__E)
                  00802760    00000060                   : BIOS.obj (.text:ti_sysbios_family_c64p_Cache_setSize__E)
                  008027c0    00000060                   : BIOS.obj (.text:ti_sysbios_family_c64p_EventCombiner_Module_startup__E)
                  00802820    00000060                   : BIOS.obj (.text:ti_sysbios_family_c64p_EventCombiner_unused__E)
                  00802880    00000060     dss_ods_pe674.oe674 (.text:ti_sysbios_gates_GateMutex_Object__delete__S)
                  008028e0    00000060     sysbios.ae674 : BIOS.obj (.text:ti_sysbios_knl_Clock_Module_startup__E)
                  00802940    00000060                   : BIOS.obj (.text:ti_sysbios_knl_Event_pendTimeout__I)
                  008029a0    00000060     dss_ods_pe674.oe674 (.text:ti_sysbios_knl_Queue_construct)
                  00802a00    00000060     dss_ods_pe674.oe674 (.text:ti_sysbios_knl_Semaphore_Object__delete__S)
                  00802a60    00000060     dss_ods_pe674.oe674 (.text:ti_sysbios_knl_Semaphore_construct)
                  00802ac0    00000060     sysbios.ae674 : BIOS.obj (.text:ti_sysbios_knl_Semaphore_pendTimeout__I)
                  00802b20    00000060                   : BIOS.obj (.text:ti_sysbios_knl_Task_enter__I)
                  00802b80    00000060                   : BIOS.obj (.text:ti_sysbios_knl_Task_getMode__E)
                  00802be0    00000060                   : BIOS.obj (.text:ti_sysbios_knl_Task_restoreHwi__E)
                  00802c40    00000060                   : BIOS.obj (.text:ti_sysbios_knl_Task_restore__E)
                  00802ca0    00000060     dss_ods_pe674.oe674 (.text:ti_sysbios_rts_gnu_MemAlloc_alloc)
                  00802d00    00000060     rts6740_elf.lib : lowlev.obj (.text:write)
                  00802d60    00000060     ti.targets.rts6000.ae674 : Memory.oe674 (.text:xdc_runtime_Memory_valloc__E)
                  00802dc0    00000060                              : Text.oe674 (.text:xdc_runtime_Text_cordText__E)
                  00802e20    00000040     libcbuff_xwr16xx.ae674 : cbuff.oe674 (.text:CBUFF_FrameStartISR)
                  00802e60    00000040                            : cbuff_lvds.oe674 (.text:CBUFF_finalizeLVDSLinkListParams)
                  00802ea0    00000040     libcrc_xwr16xx.ae674 : crc.oe674 (.text:CRC_getSignatureRegister)
                  00802ee0    00000040                          : crc.oe674 (.text:CRC_releaseTransactionId)
                  00802f20    00000040     libadcbuf_xwr16xx.ae674 : adcbuf_mmwave.oe674 (.text:CSL_FEXTR)
                  00802f60    00000040     libcbuff_xwr16xx.ae674 : cbuff.oe674 (.text:CSL_FEXTR)
                  00802fa0    00000040                            : cbuff_lvds.oe674 (.text:CSL_FEXTR)
                  00802fe0    00000040     libhsiheader_xwr16xx.ae674 : hsiheader.oe674 (.text:CSL_FEXTR)
                  00803020    00000040     libmmwave_xwr16xx.ae674 : mmwave.oe674 (.text:CSL_FEXTR)
                  00803060    00000040     libsoc_xwr16xx.ae674 : soc.oe674 (.text:CSL_FEXTR)
                  008030a0    00000040                          : soc_xwr16xx.oe674 (.text:CSL_FEXTR)
                  008030e0    00000040     libadcbuf_xwr16xx.ae674 : adcbuf_mmwave.oe674 (.text:CSL_FINSR)
                  00803120    00000040     libcbuff_xwr16xx.ae674 : cbuff.oe674 (.text:CSL_FINSR)
                  00803160    00000040                            : cbuff_lvds.oe674 (.text:CSL_FINSR)
                  008031a0    00000040                            : cbuff_transfer.oe674 (.text:CSL_FINSR)
                  008031e0    00000040     libcrc_xwr16xx.ae674 : crc.oe674 (.text:CSL_FINSR)
                  00803220    00000040     libmailbox_xwr16xx.ae674 : mailbox.oe674 (.text:CSL_FINSR)
                  00803260    00000040     libsoc_xwr16xx.ae674 : soc.oe674 (.text:CSL_FINSR)
                  008032a0    00000040                          : soc_xwr16xx.oe674 (.text:CSL_FINSR)
                  008032e0    00000040                          : soc_xwr16xx_dss.oe674 (.text:CSL_FINSR)
                  00803320    00000040     libedma_xwr16xx.ae674 : edma_low_level.oe674 (.text:EDMA3DisableDmaEvt)
                  00803360    00000040                           : edma_low_level.oe674 (.text:EDMA3MapQdmaChToPaRAM)
                  008033a0    00000040                           : edma_low_level.oe674 (.text:EDMA3SetPaRAM)
                  008033e0    00000040                           : edma_low_level.oe674 (.text:EDMA3SetQdmaTrigWord)
                  00803420    00000040     libosal_xwr16xx.ae674 : HwiP_tirtos.oe674 (.text:HwiP_create)
                  00803460    00000040                           : HwiP_tirtos.oe674 (.text:HwiP_delete)
                  008034a0    00000040     libmmwave_xwr16xx.ae674 : mmwave_xwr16xx.oe674 (.text:MMWave_deviceSyncFxn)
                  008034e0    00000040                             : mmwave.oe674 (.text:MMWave_encodeError)
                  00803520    00000040                             : mmwave_listlib.oe674 (.text:MMWave_listAdd)
                  00803560    00000040                             : mmwave_listlib.oe674 (.text:MMWave_listRemove)
                  008035a0    00000040                             : mmwave_osal.oe674 (.text:MMWave_osalMutexLock)
                  008035e0    00000040                             : mmwave_osal.oe674 (.text:MMWave_osalSemWait)
                  00803620    00000040     libmailbox_xwr16xx.ae674 : mailbox.oe674 (.text:Mailbox_boxEmptyISRBss)
                  00803660    00000040                              : mailbox.oe674 (.text:Mailbox_boxEmptyISRMssDss)
                  008036a0    00000040                              : mailbox.oe674 (.text:Mailbox_boxFullISRBss)
                  008036e0    00000040     dss_data_path.oe674 (.text:OdsDemo_dataPathInit1Dstate)
                  00803720    00000040     dss_main.oe674 (.text:OdsDemo_dssMmwaveConfigCallbackFxn)
                  00803760    00000040     dss_main.oe674 (.text:OdsDemo_dssMmwaveStartCallbackFxn)
                  008037a0    00000040     dss_data_path.oe674 (.text:OdsDemo_edmaErrorCallbackFxn)
                  008037e0    00000040     dss_data_path.oe674 (.text:OdsDemo_edmaTransferControllerErrorCallbackFxn)
                  00803820    00000040     dss_main.oe674 (.text:OdsDemo_mboxWrite)
                  00803860    00000040     dss_data_path.oe674 (.text:OdsDemo_pow2roundup)
                  008038a0    00000040     libsoc_xwr16xx.ae674 : soc_xwr16xx_dss.oe674 (.text:SOC_getInAddr_LUTType)
                  008038e0    00000040                          : soc_xwr16xx_dss.oe674 (.text:SOC_getOutAddr_LUTType)
                  00803920    00000040                          : soc_xwr16xx.oe674 (.text:SOC_isMMWaveDSSOperational)
                  00803960    00000040                          : soc_xwr16xx.oe674 (.text:SOC_isMMWaveMSSOperational)
                  008039a0    00000040                          : soc_xwr16xx_dss.oe674 (.text:SOC_microDelay)
                  008039e0    00000040     rts6740_elf.lib : frcmpyd_div.obj (.text:__TI_frcmpyd_div)
                  00803a20    00000040                     : strasg.obj (.text:__strasgi_64plus)
                  00803a60    00000040                     : args_main.obj (.text:_args_main)
                  00803aa0    00000040     sysbios.ae674 : c62_TaskSupport_asm.obj (.text:_ti_sysbios_family_c62_TaskSupport_buildTaskStack)
                  00803ae0    00000040     dss_ods_pe674.oe674 (.text:free)
                  00803b20    00000040     rts6740_elf.lib : log10.obj (.text:log10)
                  00803b60    00000040     libmmwavelink_xwr16xx.ae674 : rl_controller.oe674 (.text:rlAppendDummy)
                  00803ba0    00000040                                 : rl_device.oe674 (.text:rlDeviceGetRfVersion)
                  00803be0    00000040                                 : rl_driver.oe674 (.text:rlDriverCalCRC)
                  00803c20    00000040     dss_ods_pe674.oe674 (.text:ti_sysbios_BIOS_exitFunc__I)
                  00803c60    00000040     dss_ods_pe674.oe674 (.text:ti_sysbios_BIOS_rtsLock__I)
                  00803ca0    00000040     dss_ods_pe674.oe674 (.text:ti_sysbios_BIOS_rtsUnlock__I)
                  00803ce0    00000040     sysbios.ae674 : BIOS.obj (.text:ti_sysbios_family_c64p_EventCombiner_disableEvent__E)
                  00803d20    00000040                   : BIOS.obj (.text:ti_sysbios_family_c64p_EventCombiner_enableEvent__E)
                  00803d60    00000040                   : BIOS.obj (.text:ti_sysbios_family_c64p_Exception_externalHandler__I)
                  00803da0    00000040                   : BIOS.obj (.text:ti_sysbios_family_c64p_Exception_nmiHandler__I)
                  00803de0    00000040                   : BIOS.obj (.text:ti_sysbios_family_c64p_Hwi_disableIER__E)
                  00803e20    00000040                   : BIOS.obj (.text:ti_sysbios_family_c64p_Hwi_dispatchC__I)
                  00803e60    00000040                   : BIOS.obj (.text:ti_sysbios_family_c64p_Hwi_enableIER__E)
                  00803ea0    00000040                   : BIOS.obj (.text:ti_sysbios_family_c64p_Hwi_getEventId__E)
                  00803ee0    00000040     dss_ods_pe674.oe674 (.text:ti_sysbios_gates_GateHwi_Handle__label__S)
                  00803f20    00000040     dss_ods_pe674.oe674 (.text:ti_sysbios_gates_GateHwi_Object__delete__S)
                  00803f60    00000040     dss_ods_pe674.oe674 (.text:ti_sysbios_gates_GateMutex_Handle__label__S)
                  00803fa0    00000040     sysbios.ae674 : BIOS.obj (.text:ti_sysbios_gates_GateMutex_Instance_finalize__E)
                  00803fe0    00000040                   : BIOS.obj (.text:ti_sysbios_gates_GateMutex_Instance_init__E)
                  00804020    00000040                   : BIOS.obj (.text:ti_sysbios_gates_GateMutex_leave__E)
                  00804060    00000040     dss_ods_pe674.oe674 (.text:ti_sysbios_heaps_HeapMem_Handle__label__S)
                  008040a0    00000040     dss_ods_pe674.oe674 (.text:ti_sysbios_heaps_HeapMem_Object__delete__S)
                  008040e0    00000040     dss_ods_pe674.oe674 (.text:ti_sysbios_heaps_HeapMem_Object__get__S)
                  00804120    00000040     sysbios.ae674 : BIOS.obj (.text:ti_sysbios_knl_Clock_addI__E)
                  00804160    00000040                   : BIOS.obj (.text:ti_sysbios_knl_Event_Instance_init__E)
                  008041a0    00000040                   : BIOS.obj (.text:ti_sysbios_knl_Event_checkEvents__I)
                  008041e0    00000040                   : BIOS.obj (.text:ti_sysbios_knl_Semaphore_Instance_finalize__E)
                  00804220    00000040     dss_ods_pe674.oe674 (.text:ti_sysbios_knl_Semaphore_destruct)
                  00804260    00000040     dss_ods_pe674.oe674 (.text:ti_sysbios_knl_Task_Object__get__S)
                  008042a0    00000040     sysbios.ae674 : BIOS.obj (.text:ti_sysbios_knl_Task_sleepTimeout__I)
                  008042e0    00000040                   : BIOS.obj (.text:ti_sysbios_knl_Task_unblock__E)
                  00804320    00000040                   : BIOS.obj (.text:ti_sysbios_timers_rti_Timer_ackInterrupt__E)
                  00804360    00000040                   : BIOS.obj (.text:ti_sysbios_timers_rti_Timer_checkOverflow__I)
                  008043a0    00000040                   : BIOS.obj (.text:ti_sysbios_utils_Load_getTaskLoad__E)
                  008043e0    00000040     ti.targets.rts6000.ae674 : Error.oe674 (.text:xdc_runtime_Error_check__E)
                  00804420    00000040                              : Error.oe674 (.text:xdc_runtime_Error_init__E)
                  00804460    00000040                              : Registry.oe674 (.text:xdc_runtime_Registry_findById__E)
                  008044a0    00000040                              : System.oe674 (.text:xdc_runtime_System_abort__E)
                  008044e0    00000040     dss_ods_pe674.oe674 (.text:xdc_runtime_System_aprintf__E)
                  00804520    00000040     ti.targets.rts6000.ae674 : System.oe674 (.text:xdc_runtime_System_exit__E)
                  00804560    00000040     dss_ods_pe674.oe674 (.text:xdc_runtime_System_printf__E)
                  008045a0    00000020     libadcbuf_xwr16xx.ae674 : adcbuf_mmwave.oe674 (.text:ADCBUF_MMWave_init)
                  008045c0    00000020                             : ADCBuf.oe674 (.text:ADCBuf_Params_init)
                  008045e0    00000020                             : ADCBuf.oe674 (.text:ADCBuf_control)
                  00804600    00000020                             : ADCBuf.oe674 (.text:ADCBuf_getChanBufAddr)
                  00804620    00000020     libcbuff_xwr16xx.ae674 : cbuff_lvds.oe674 (.text:CBUFF_deinitLVDS)
                  00804640    00000020     libcrc_xwr16xx.ae674 : crc.oe674 (.text:CRC_initConfigParams)
                  00804660    00000020     libsoc_xwr16xx.ae674 : soc_xwr16xx_dss.oe674 (.text:CSL_FEXTR)
                  00804680    00000020     libedma_xwr16xx.ae674 : edma_low_level.oe674 (.text:EDMA3ChannelToParamMap)
                  008046a0    00000020                           : edma_low_level.oe674 (.text:EDMA3ClrCCErr)
                  008046c0    00000020                           : edma_low_level.oe674 (.text:EDMA3DisableQdmaEvt)
                  008046e0    00000020                           : edma_low_level.oe674 (.text:EDMA3EnableQdmaEvt)
                  00804700    00000020                           : edma_low_level.oe674 (.text:EDMA3ErrIntrHighStatusGet)
                  00804720    00000020                           : edma_low_level.oe674 (.text:EDMA3GetCCErrStatus)
                  00804740    00000020                           : edma_low_level.oe674 (.text:EDMA3GetErrIntrStatus)
                  00804760    00000020                           : edma_low_level.oe674 (.text:EDMA3GetIntrStatus)
                  00804780    00000020                           : edma_low_level.oe674 (.text:EDMA3IntrStatusHighGet)
                  008047a0    00000020                           : edma_low_level.oe674 (.text:EDMA3QdmaClrMissEvt)
                  008047c0    00000020                           : edma_low_level.oe674 (.text:EDMA3QdmaGetErrIntrStatus)
                  008047e0    00000020                           : edma.oe674 (.text:EDMA_getNumInstances)
                  00804800    00000020                           : edma_low_level.oe674 (.text:EDMAsetRegion)
                  00804820    00000020     libosal_xwr16xx.ae674 : HwiP_tirtos.oe674 (.text:HwiP_Params_init)
                  00804840    00000020                           : HwiP_tirtos.oe674 (.text:HwiP_disable)
                  00804860    00000020                           : HwiP_tirtos.oe674 (.text:HwiP_disableInterrupt)
                  00804880    00000020                           : HwiP_tirtos.oe674 (.text:HwiP_enableInterrupt)
                  008048a0    00000020                           : HwiP_tirtos.oe674 (.text:HwiP_restore)
                  008048c0    00000020     libmmwave_xwr16xx.ae674 : mmwave.oe674 (.text:MMWave_decodeErrorLevel)
                  008048e0    00000020                             : mmwave_xwr16xx.oe674 (.text:MMWave_deviceGetDeviceInfo)
                  00804900    00000020                             : mmwave_xwr16xx.oe674 (.text:MMWave_deviceMailboxCallbackFxn)
                  00804920    00000020                             : mmwave_link.oe674 (.text:MMWave_disableDevice)
                  00804940    00000020                             : mmwave_link.oe674 (.text:MMWave_enableDevice)
                  00804960    00000020                             : mmwave_listlib.oe674 (.text:MMWave_listGetHead)
                  00804980    00000020                             : mmwave_listlib.oe674 (.text:MMWave_listGetNext)
                  008049a0    00000020                             : mmwave_link.oe674 (.text:MMWave_maskHostIRQ)
                  008049c0    00000020                             : mmwave_link.oe674 (.text:MMWave_mboxCallbackFxn)
                  008049e0    00000020                             : mmwave_link.oe674 (.text:MMWave_mboxClose)
                  00804a00    00000020                             : mmwave_link.oe674 (.text:MMWave_mboxRead)
                  00804a20    00000020                             : mmwave_osal.oe674 (.text:MMWave_osalMutexDelete)
                  00804a40    00000020                             : mmwave_osal.oe674 (.text:MMWave_osalMutexUnlock)
                  00804a60    00000020                             : mmwave_osal.oe674 (.text:MMWave_osalSemDelete)
                  00804a80    00000020                             : mmwave_osal.oe674 (.text:MMWave_osalSemSignal)
                  00804aa0    00000020                             : mmwave_link.oe674 (.text:MMWave_registerInterruptHandler)
                  00804ac0    00000020                             : mmwave_link.oe674 (.text:MMWave_unmaskHostIRQ)
                  00804ae0    00000020                             : mmwave_link.oe674 (.text:MMWave_waitIRQStatus)
                  00804b00    00000020     libosal_xwr16xx.ae674 : MemoryP_tirtos.oe674 (.text:MemoryP_ctrlAlloc)
                  00804b20    00000020                           : MemoryP_tirtos.oe674 (.text:MemoryP_ctrlFree)
                  00804b40    00000020     dss_main.oe674 (.text:OdsDemo_dssMmwaveCloseCallbackFxn)
                  00804b60    00000020     dss_main.oe674 (.text:OdsDemo_dssMmwaveStopCallbackFxn)
                  00804b80    00000020     dss_main.oe674 (.text:OdsDemo_mboxCallback)
                  00804ba0    00000020     dss_main.oe674 (.text:OdsDemo_sleep)
                  00804bc0    00000020     libosal_xwr16xx.ae674 : SemaphoreP_tirtos.oe674 (.text:SemaphoreP_Params_init)
                  00804be0    00000020                           : SemaphoreP_tirtos.oe674 (.text:SemaphoreP_delete)
                  00804c00    00000020                           : SemaphoreP_tirtos.oe674 (.text:SemaphoreP_pend)
                  00804c20    00000020                           : SemaphoreP_tirtos.oe674 (.text:SemaphoreP_post)
                  00804c40    00000020                           : DebugP_tirtos.oe674 (.text:_DebugP_assert)
                  00804c60    00000020     rts6740_elf.lib : errno.obj (.text:__c6xabi_errno_addr)
                  00804c80    00000020                     : trunc.obj (.text:__c6xabi_trunc)
                  00804ca0    00000020                     : push.obj (.text:__pop_rts)
                  00804cc0    00000020                     : push.obj (.text:__push_rts)
                  00804ce0    00000020     ti.targets.rts6000.ae674 : xdc_noinit.oe674 (.text:__xdc__init)
                  00804d00    00000020     rts6740_elf.lib : _lock.obj (.text:_nop)
                  00804d20    00000020                     : _lock.obj (.text:_register_lock)
                  00804d40    00000020                     : _lock.obj (.text:_register_unlock)
                  00804d60    00000020     sysbios.ae674 : c62_TaskSupport_asm.obj (.text:_ti_sysbios_family_c62_TaskSupport_glue)
                  00804d80    00000020     rts6740_elf.lib : exit.obj (.text:abort)
                  00804da0    00000020                     : fputc.obj (.text:putchar)
                  00804dc0    00000020     libmmwavelink_xwr16xx.ae674 : rl_driver.oe674 (.text:rlDriverGetHandle)
                  00804de0    00000020                                 : rl_driver.oe674 (.text:rlDriverGetPlatformId)
                  00804e00    00000020                                 : rl_driver.oe674 (.text:rlDriverIsDeviceMapValid)
                  00804e20    00000020                                 : rl_controller.oe674 (.text:rlGetSubBlockId)
                  00804e40    00000020                                 : rl_controller.oe674 (.text:rlGetSubBlockLen)
                  00804e60    00000020     dss_ods_pe674.oe674 (.text:ti_sysbios_BIOS_RtsGateProxy_enter__E)
                  00804e80    00000020     dss_ods_pe674.oe674 (.text:ti_sysbios_BIOS_RtsGateProxy_leave__E)
                  00804ea0    00000020     sysbios.ae674 : BIOS.obj (.text:ti_sysbios_BIOS_getCpuFreq__E)
                  00804ec0    00000020                   : BIOS.obj (.text:ti_sysbios_BIOS_linkedWithIncorrectBootLibrary__E)
                  00804ee0    00000020     dss_ods_pe674.oe674 (.text:ti_sysbios_BIOS_nullFunc__I)
                  00804f00    00000020     sysbios.ae674 : BIOS.obj (.text:ti_sysbios_BIOS_setThreadType__E)
                  00804f20    00000020                   : BIOS.obj (.text:ti_sysbios_BIOS_start__E)
                  00804f40    00000020     dss_ods_pe674.oe674 (.text:ti_sysbios_family_c62_TaskSupport_Module__startupDone__S)
                  00804f60    00000020     sysbios.ae674 : BIOS.obj (.text:ti_sysbios_family_c62_TaskSupport_checkStack__E)
                  00804f80    00000020                   : BIOS.obj (.text:ti_sysbios_family_c62_TaskSupport_getStackAlignment__E)
                  00804fa0    00000020     dss_ods_pe674.oe674 (.text:ti_sysbios_family_c64p_Hwi_Module__startupDone__F)
                  00804fc0    00000020     sysbios.ae674 : BIOS.obj (.text:ti_sysbios_family_c64p_Hwi_clearInterrupt__E)
                  00804fe0    00000020                   : BIOS.obj (.text:ti_sysbios_family_c64p_Hwi_disableInterrupt__E)
                  00805000    00000020                   : BIOS.obj (.text:ti_sysbios_family_c64p_Hwi_enableInterrupt__E)
                  00805020    00000020                   : BIOS.obj (.text:ti_sysbios_family_c64p_Hwi_getIsrStackAddress__I)
                  00805040    00000020                   : BIOS.obj (.text:ti_sysbios_family_c64p_Hwi_startup__E)
                  00805060    00000020                   : BIOS.obj (.text:ti_sysbios_family_c64p_Hwi_switchFromBootStack__E)
                  00805080    00000020                   : BIOS.obj (.text:ti_sysbios_family_c64p_TimestampProvider_Module_startup__E)
                  008050a0    00000020                   : BIOS.obj (.text:ti_sysbios_family_c64p_TimestampProvider_get32__E)
                  008050c0    00000020                   : BIOS.obj (.text:ti_sysbios_gates_GateHwi_Instance_init__E)
                  008050e0    00000020                   : BIOS.obj (.text:ti_sysbios_gates_GateHwi_enter__E)
                  00805100    00000020                   : BIOS.obj (.text:ti_sysbios_gates_GateHwi_leave__E)
                  00805120    00000020                   : BIOS.obj (.text:ti_sysbios_gates_GateHwi_query__E)
                  00805140    00000020                   : BIOS.obj (.text:ti_sysbios_gates_GateMutex_query__E)
                  00805160    00000020                   : BIOS.obj (.text:ti_sysbios_hal_Hwi_Module_startup__E)
                  00805180    00000020     dss_ods_pe674.oe674 (.text:ti_sysbios_heaps_HeapMem_Module_GateProxy_enter__E)
                  008051a0    00000020     dss_ods_pe674.oe674 (.text:ti_sysbios_heaps_HeapMem_Module_GateProxy_leave__E)
                  008051c0    00000020     sysbios.ae674 : BIOS.obj (.text:ti_sysbios_heaps_HeapMem_isBlocking__E)
                  008051e0    00000020                   : BIOS.obj (.text:ti_sysbios_heaps_HeapMem_restore__E)
                  00805200    00000020     dss_ods_pe674.oe674 (.text:ti_sysbios_knl_Clock_TimerProxy_getMaxTicks__E)
                  00805220    00000020     sysbios.ae674 : BIOS.obj (.text:ti_sysbios_knl_Clock_removeI__E)
                  00805240    00000020                   : BIOS.obj (.text:ti_sysbios_knl_Clock_startI__E)
                  00805260    00000020                   : BIOS.obj (.text:ti_sysbios_knl_Idle_loop__E)
                  00805280    00000020                   : BIOS.obj (.text:ti_sysbios_knl_Queue_Instance_init__E)
                  008052a0    00000020     dss_ods_pe674.oe674 (.text:ti_sysbios_knl_Queue_Object__get__S)
                  008052c0    00000020     sysbios.ae674 : BIOS.obj (.text:ti_sysbios_knl_Queue_dequeue__E)
                  008052e0    00000020     dss_ods_pe674.oe674 (.text:ti_sysbios_knl_Queue_destruct)
                  00805300    00000020     sysbios.ae674 : BIOS.obj (.text:ti_sysbios_knl_Queue_empty__E)
                  00805320    00000020                   : BIOS.obj (.text:ti_sysbios_knl_Queue_enqueue__E)
                  00805340    00000020                   : BIOS.obj (.text:ti_sysbios_knl_Queue_put__E)
                  00805360    00000020     dss_ods_pe674.oe674 (.text:ti_sysbios_knl_Semaphore_Params__init__S)
                  00805380    00000020     dss_ods_pe674.oe674 (.text:ti_sysbios_knl_Semaphore_delete)
                  008053a0    00000020     dss_ods_pe674.oe674 (.text:ti_sysbios_knl_Task_Params__init__S)
                  008053c0    00000020     sysbios.ae674 : BIOS.obj (.text:ti_sysbios_knl_Task_disable__E)
                  008053e0    00000020                   : BIOS.obj (.text:ti_sysbios_knl_Task_enabled__E)
                  00805400    00000020                   : BIOS.obj (.text:ti_sysbios_knl_Task_startup__E)
                  00805420    00000020     dss_ods_pe674.oe674 (.text:ti_sysbios_timers_rti_Timer_Module__startupDone__F)
                  00805440    00000020     sysbios.ae674 : BIOS.obj (.text:ti_sysbios_timers_rti_Timer_getMaxTicks__E)
                  00805460    00000020                   : BIOS.obj (.text:ti_sysbios_timers_rti_Timer_periodicStub__E)
                  00805480    00000020                   : BIOS.obj (.text:ti_sysbios_utils_Load_getCPULoad__E)
                  008054a0    00000020                   : BIOS.obj (.text:ti_sysbios_utils_Load_taskRegHook__E)
                  008054c0    00000020     ti.targets.rts6000.ae674 : Error.oe674 (.text:xdc_runtime_Error_getSite__E)
                  008054e0    00000020                              : Error.oe674 (.text:xdc_runtime_Error_raiseX__E)
                  00805500    00000020                              : Gate.oe674 (.text:xdc_runtime_Gate_enterSystem__E)
                  00805520    00000020                              : Gate.oe674 (.text:xdc_runtime_Gate_leaveSystem__E)
                  00805540    00000020     dss_ods_pe674.oe674 (.text:xdc_runtime_IHeap_alloc)
                  00805560    00000020     dss_ods_pe674.oe674 (.text:xdc_runtime_IHeap_free)
                  00805580    00000020     ti.targets.rts6000.ae674 : Memory.oe674 (.text:xdc_runtime_Memory_calloc__E)
                  008055a0    00000020                              : Memory.oe674 (.text:xdc_runtime_Memory_free__E)
                  008055c0    00000020                              : Memory.oe674 (.text:xdc_runtime_Memory_getMaxDefaultTypeAlign__E)
                  008055e0    00000020     dss_ods_pe674.oe674 (.text:xdc_runtime_Startup_exec__I)
                  00805600    00000020     dss_ods_pe674.oe674 (.text:xdc_runtime_Startup_reset__I)
                  00805620    00000020     ti.targets.rts6000.ae674 : Startup.oe674 (.text:xdc_runtime_Startup_rtsDone__E)
                  00805640    00000020                              : SysStd.oe674 (.text:xdc_runtime_SysStd_exit__E)
                  00805660    00000020                              : SysStd.oe674 (.text:xdc_runtime_SysStd_putch__E)
                  00805680    00000020                              : SysStd.oe674 (.text:xdc_runtime_SysStd_ready__E)
                  008056a0    00000020     dss_ods_pe674.oe674 (.text:xdc_runtime_System_Module_GateProxy_enter__E)
                  008056c0    00000020     dss_ods_pe674.oe674 (.text:xdc_runtime_System_Module_GateProxy_leave__E)
                  008056e0    00000020     ti.targets.rts6000.ae674 : System.oe674 (.text:xdc_runtime_System_Module_startup__E)
                  00805700    00000020                              : System.oe674 (.text:xdc_runtime_System_vsnprintf__E)
                  00805720    00000020                              : Text.oe674 (.text:xdc_runtime_Text_ropeText__E)
                  00805740    00000020     dss_ods_pe674.oe674 (.text:xdc_runtime_Text_visitRope__I)

.l2data    0    00805760    00006c00     UNINITIALIZED
                  00805760    00006000     dss_data_path.oe674 (.l2data)
                  0080b760    00000c00     dss_main.oe674 (.l2data)

systemHeap 
*          0    0080c360    00005000     UNINITIALIZED
                  0080c360    00005000     dss_ods_pe674.oe674 (systemHeap)

.const     0    00811360    00002b71     
                  00811360    00000c28     dss_main.oe674 (.const:.string)
                  00811f88    00000800     dss_data_path.oe674 (.const:twiddleTableCommon)
                  00812788    00000518     sysbios.ae674 : BIOS.obj (.const:.string)
                  00812ca0    00000398     dss_lvds_stream.oe674 (.const:.string)
                  00813038    00000164     dss_config_edma_util.oe674 (.const:.string)
                  0081319c    00000108     libcbuff_xwr16xx.ae674 : cbuff_transfer.oe674 (.const:.string)
                  008132a4    000000ec     dss_data_path.oe674 (.const:.string)
                  00813390    00000070     libmmwavelink_xwr16xx.ae674 : rl_driver.oe674 (.const)
                  00813400    0000006c                                 : rl_driver.oe674 (.const:.string)
                  0081346c    00000004     ti.targets.rts6000.ae674 : Assert.oe674 (.const:.string)
                  00813470    00000068     libedma_xwr16xx.ae674 : edma_xwr1xxx.oe674 (.const:gEdmaHwAttrs)
                  008134d8    00000064     dss_ods_pe674.oe674 (.const:.string)
                  0081353c    00000058     libedma_xwr16xx.ae674 : edma.oe674 (.const:.string)
                  00813594    00000058     ti.targets.rts6000.ae674 : Error.oe674 (.const:.string)
                  008135ec    0000004c     libmailbox_xwr16xx.ae674 : mailbox.oe674 (.const:.string)
[...]
00813cc8  ti_sysbios_knl_Clock_Module__loggerFxn2__C                   
00813ccc  ti_sysbios_knl_Clock_Module__loggerObj__C                    
00813cd0  ti_sysbios_knl_Event_A_badContext__C                         
00813cd4  ti_sysbios_knl_Event_A_eventInUse__C                         
00813cd8  ti_sysbios_knl_Event_A_nullEventId__C                        
00813cdc  ti_sysbios_knl_Event_A_nullEventMasks__C                     
00813ce0  ti_sysbios_knl_Event_A_pendTaskDisabled__C                   
00813ce4  ti_sysbios_knl_Event_Instance_State_pendQ__O                 
00813ce8  ti_sysbios_knl_Event_LM_pend__C                              
00813cec  ti_sysbios_knl_Event_LM_post__C                              
00813cf0  ti_sysbios_knl_Event_Module__diagsEnabled__C                 
00813cf4  ti_sysbios_knl_Event_Module__diagsIncluded__C                
00813cf8  ti_sysbios_knl_Event_Module__diagsMask__C                    
00813cfc  ti_sysbios_knl_Event_Module__loggerFxn4__C                   
00813d00  ti_sysbios_knl_Event_Module__loggerFxn8__C                   
00813d04  ti_sysbios_knl_Event_Module__loggerObj__C                    
00813d08  ti_sysbios_knl_Semaphore_A_badContext__C                     
00813d0c  ti_sysbios_knl_Semaphore_A_noEvents__C                       
00813d10  ti_sysbios_knl_Semaphore_A_overflow__C                       
00813d14  ti_sysbios_knl_Semaphore_A_pendTaskDisabled__C               
00813d18  ti_sysbios_knl_Semaphore_Instance_State_pendQ__O             
00813d1c  ti_sysbios_knl_Semaphore_LM_pend__C                          
00813d20  ti_sysbios_knl_Semaphore_LM_post__C                          
00813d24  ti_sysbios_knl_Semaphore_Module__diagsEnabled__C             
00813d28  ti_sysbios_knl_Semaphore_Module__diagsIncluded__C            
00813d2c  ti_sysbios_knl_Semaphore_Module__diagsMask__C                
00813d30  ti_sysbios_knl_Semaphore_Module__loggerFxn2__C               
00813d34  ti_sysbios_knl_Semaphore_Module__loggerFxn4__C               
00813d38  ti_sysbios_knl_Semaphore_Module__loggerObj__C                
00813d3c  ti_sysbios_knl_Task_A_badPriority__C                         
00813d40  ti_sysbios_knl_Task_A_badTaskState__C                        
00813d44  ti_sysbios_knl_Task_A_badThreadType__C                       
00813d48  ti_sysbios_knl_Task_A_badTimeout__C                          
00813d4c  ti_sysbios_knl_Task_A_noPendElem__C                          
00813d50  ti_sysbios_knl_Task_A_sleepTaskDisabled__C                   
00813d54  ti_sysbios_knl_Task_E_spOutOfBounds__C                       
00813d58  ti_sysbios_knl_Task_E_stackOverflow__C                       
00813d5c  ti_sysbios_knl_Task_LD_block__C                              
00813d60  ti_sysbios_knl_Task_LD_exit__C                               
00813d64  ti_sysbios_knl_Task_LD_ready__C                              
00813d68  ti_sysbios_knl_Task_LM_sleep__C                              
00813d6c  ti_sysbios_knl_Task_LM_switch__C                             
00813d70  ti_sysbios_knl_Task_Module_State_inactiveQ__O                
00813d74  ti_sysbios_knl_Task_Module__diagsEnabled__C                  
00813d78  ti_sysbios_knl_Task_Module__diagsIncluded__C                 
00813d7c  ti_sysbios_knl_Task_Module__diagsMask__C                     
00813d80  ti_sysbios_knl_Task_Module__loggerFxn2__C                    
00813d84  ti_sysbios_knl_Task_Module__loggerFxn4__C                    
00813d88  ti_sysbios_knl_Task_Module__loggerObj__C                     
00813d8c  ti_sysbios_knl_Task_Object__count__C                         
00813d90  ti_sysbios_knl_Task_Object__heap__C                          
00813d94  ti_sysbios_knl_Task_allBlockedFunc__C                        
00813d98  ti_sysbios_knl_Task_defaultStackHeap__C                      
00813d9c  ti_sysbios_knl_Task_defaultStackSize__C                      
00813da0  ti_sysbios_knl_Task_numConstructedTasks__C                   
00813da4  ti_sysbios_timers_rti_Timer_E_cannotSupport__C               
00813da8  ti_sysbios_timers_rti_Timer_Module__diagsEnabled__C          
00813dac  ti_sysbios_timers_rti_Timer_Module__diagsIncluded__C         
00813db0  ti_sysbios_timers_rti_Timer_Module__diagsMask__C             
00813db4  ti_sysbios_timers_rti_Timer_numTimerDevices__C               
00813db8  ti_sysbios_timers_rti_Timer_startupNeeded__C                 
00813dbc  ti_sysbios_utils_Load_LS_cpuLoad__C                          
00813dc0  ti_sysbios_utils_Load_LS_taskLoad__C                         
00813dc4  ti_sysbios_utils_Load_Module_State_taskList__O               
00813dc8  ti_sysbios_utils_Load_Module__diagsEnabled__C                
00813dcc  ti_sysbios_utils_Load_Module__diagsIncluded__C               
00813dd0  ti_sysbios_utils_Load_Module__diagsMask__C                   
00813dd4  ti_sysbios_utils_Load_Module__loggerFxn1__C                  
00813dd8  ti_sysbios_utils_Load_Module__loggerFxn4__C                  
00813ddc  ti_sysbios_utils_Load_Module__loggerObj__C                   
00813de0  ti_sysbios_utils_Load_postUpdate__C                          
00813de4  ti_sysbios_utils_Load_windowInMs__C                          
00813de8  xdc_runtime_Assert_E_assertFailed__C                         
00813dec  xdc_runtime_Core_A_initializedParams__C                      
00813df0  xdc_runtime_Core_Module__diagsEnabled__C                     
00813df4  xdc_runtime_Core_Module__diagsIncluded__C                    
00813df8  xdc_runtime_Core_Module__diagsMask__C                        
00813dfc  xdc_runtime_Error_E_memory__C                                
00813e00  xdc_runtime_Error_Module__diagsEnabled__C                    
00813e04  xdc_runtime_Error_Module__diagsIncluded__C                   
00813e08  xdc_runtime_Error_Module__diagsMask__C                       
00813e0c  xdc_runtime_Error_Module__loggerFxn8__C                      
00813e10  xdc_runtime_Error_Module__loggerObj__C                       
00813e14  xdc_runtime_Error_policyFxn__C                               
00813e18  xdc_runtime_Error_policy__C                                  
00813e1c  xdc_runtime_Error_raiseHook__C                               
00813e20  xdc_runtime_IGateProvider_Interface__BASE__C                 
00813e24  xdc_runtime_IHeap_Interface__BASE__C                         
00813e28  xdc_runtime_IModule_Interface__BASE__C                       
00813e2c  xdc_runtime_Log_L_error__C                                   
00813e30  xdc_runtime_Main_Module__diagsEnabled__C                     
00813e34  xdc_runtime_Main_Module__diagsIncluded__C                    
00813e38  xdc_runtime_Main_Module__diagsMask__C                        
00813e3c  xdc_runtime_Main_Module__loggerFxn1__C                       
00813e40  xdc_runtime_Main_Module__loggerFxn2__C                       
00813e44  xdc_runtime_Main_Module__loggerFxn4__C                       
00813e48  xdc_runtime_Main_Module__loggerObj__C                        
00813e4c  xdc_runtime_Memory_defaultHeapInstance__C                    
00813e50  xdc_runtime_Startup_execImpl__C                              
00813e54  xdc_runtime_Startup_maxPasses__C                             
00813e58  xdc_runtime_Startup_sfxnRts__C                               
00813e5c  xdc_runtime_Startup_sfxnTab__C                               
00813e60  xdc_runtime_System_Module__gateObj__C                        
00813e64  xdc_runtime_System_abortFxn__C                               
00813e68  xdc_runtime_System_exitFxn__C                                
00813e6c  xdc_runtime_System_extendFxn__C                              
00813e70  xdc_runtime_System_maxAtexitHandlers__C                      
00813e74  xdc_runtime_Text_charTab__C                                  
00813e78  xdc_runtime_Text_nameEmpty__C                                
00813e7c  xdc_runtime_Text_nameStatic__C                               
00813e80  xdc_runtime_Text_nameUnknown__C                              
00813e84  xdc_runtime_Text_visitRopeFxn__C                             
00813e88  xdc_runtime_Text_nodeTab__A                                  
00813e8c  ti_sysbios_family_c64p_Cache_Module__id__C                   
00813e8e  ti_sysbios_family_c64p_EventCombiner_Module__id__C           
00813e90  ti_sysbios_family_c64p_Exception_Module__id__C               
00813e92  ti_sysbios_family_c64p_Exception_useInternalBuffer__C        
00813e94  ti_sysbios_family_c64p_Hwi_Module__id__C                     
00813e96  ti_sysbios_family_c64p_Hwi_Module__loggerDefined__C          
00813e98  ti_sysbios_gates_GateMutex_Module__id__C                     
00813e9a  ti_sysbios_hal_Hwi_Module__id__C                             
00813e9c  ti_sysbios_heaps_HeapMem_Module__id__C                       
00813e9e  ti_sysbios_knl_Clock_Module__id__C                           
00813ea0  ti_sysbios_knl_Clock_Module__loggerDefined__C                
00813ea2  ti_sysbios_knl_Event_Module__id__C                           
00813ea4  ti_sysbios_knl_Event_Module__loggerDefined__C                
00813ea6  ti_sysbios_knl_Semaphore_Module__id__C                       
00813ea8  ti_sysbios_knl_Semaphore_Module__loggerDefined__C            
00813eaa  ti_sysbios_knl_Task_Module__id__C                            
00813eac  ti_sysbios_knl_Task_Module__loggerDefined__C                 
00813eae  ti_sysbios_timers_rti_Timer_Module__id__C                    
00813eb0  ti_sysbios_timers_rti_Timer_continueOnSuspend__C             
00813eb2  ti_sysbios_utils_Load_Module__id__C                          
00813eb4  ti_sysbios_utils_Load_Module__loggerDefined__C               
00813eb6  ti_sysbios_utils_Load_autoAddTasks__C                        
00813eb8  ti_sysbios_utils_Load_updateInIdle__C                        
00813eba  xdc_runtime_Core_Module__id__C                               
00813ebc  xdc_runtime_Error_Module__loggerDefined__C                   
00813ebe  xdc_runtime_Error_maxDepth__C                                
00813ec0  xdc_runtime_Main_Module__id__C                               
00813ec2  xdc_runtime_Main_Module__loggerDefined__C                    
00813ec4  xdc_runtime_Memory_Module__id__C                             
00813ec6  xdc_runtime_Text_charCnt__C                                  
00813ec8  xdc_runtime_Text_isLoaded__C                                 
00813eca  xdc_runtime_Text_registryModsLastId__C                       
00813ecc  xdc_runtime_Text_unnamedModsLastId__C                        
00813ed0  xdc_runtime_Text_charTab__A                                  
00813ed8  gOdsDssMCB                                                   
00814f08  ti_sysbios_knl_Task_Instance_State_0_stack__A                
00815228  __TI_tmpnams                                                 
00815368  gMMWave_MCB                                                  
00815460  gHSIHeaderMCB                                                
008154f0  edmaDbg                                                      
00815500  gCycleLog                                                    
00815510  gMMWave_XWR16xxMCB                                           
00815520  ti_sysbios_knl_Task_Instance_State_0_hookEnv__A              
00815528  xdc_runtime_Error_IgnoreBlock                                
00815548  ti_sysbios_BIOS_Module__state__V                             
0081556c  ti_sysbios_family_c64p_Cache_Module__state__V                
00815570  ti_sysbios_family_c64p_EventCombiner_Module__state__V        
00815970  ti_sysbios_family_c64p_Exception_Module__state__V            
008159a0  ti_sysbios_family_c64p_Hwi_Module__root__V                   
008159a8  ti_sysbios_family_c64p_Hwi_Module__state__V                  
00815a14  ti_sysbios_gates_GateHwi_Module__root__V                     
00815a1c  ti_sysbios_gates_GateMutex_Module__root__V                   
00815a24  ti_sysbios_hal_Hwi_Module__root__V                           
00815a2c  ti_sysbios_heaps_HeapMem_Module__root__V                     
00815a34  ti_sysbios_knl_Clock_Module__root__V                         
00815a3c  ti_sysbios_knl_Clock_Module__state__V                        
00815a68  ti_sysbios_knl_Event_Module__root__V                         
00815a70  ti_sysbios_knl_Queue_Module__root__V                         
00815a78  ti_sysbios_knl_Semaphore_Module__root__V                     
00815a80  ti_sysbios_knl_Task_Module__root__V                          
00815a88  ti_sysbios_knl_Task_Module__state__V                         
00815acc  ti_sysbios_rts_ti_ThreadLocalStorage_Module__state__V        
00815ad8  ti_sysbios_timers_rti_Timer_Module__root__V                  
00815ae0  ti_sysbios_timers_rti_Timer_Module__state__V                 
00815af0  ti_sysbios_utils_Load_Module__state__V                       
00815b88  xdc_runtime_Error_Module__state__V                           
00815b8c  xdc_runtime_Memory_Module__state__V                          
00815b90  xdc_runtime_Registry_Module__state__V                        
00815b98  xdc_runtime_Startup_Module__state__V                         
00815ba0  xdc_runtime_System_Module__state__V                          
00815ba8  xdc_runtime_Text_Module__state__V                            
00815bb0  __xdc__init__addr                                            
00815bb4  D2H_SYNC_PATTERN                                             
00815bb8  H2D_SYNC_PATTERN                                             
00815bbc  H2D_CNYS_PATTERN                                             
00815da4  rl_txMsg                                                     
00815ea4  rl_rxMsg                                                     
00815fa4  _lock                                                        
00815fa8  _ftable                                                      
00816228  ti_sysbios_knl_Task_Module_State_0_readyQ__A                 
00816320  gCBUFFHwAttribute                                            
00816398  ti_sysbios_family_c64p_Hwi_Object__table__V                  
00816470  gMailboxMCB                                                  
008164c0  ti_sysbios_knl_Task_Object__table__V                         
0081650c  _unlock                                                      
00816590  SOC_TranslateAddr_LUT                                        
008165d0  ti_sysbios_gates_GateMutex_Object__table__V                  
00816610  ti_sysbios_timers_rti_Timer_Object__table__V                 
0081664c  __TI_ft_end                                                  
00816650  gCBUFFInterfaceFxn                                           
00816688  gMailboxDssMssHwCfg                                          
008166a0  gMailboxDssBssHwCfg                                          
008166b8  ti_sysbios_utils_Load_Module_State_0_taskEnv__A              
008166d4  __errno                                                      
008166d4  errno                                                        
008166f0  ADCBuf_config                                                
00816720  gInterleavedTransferFxn                                      
00816738  gMultipleChirpNonInterleavedTransferFxn                      
00816750  gNonInterleavedTransferFxn                                   
00816768  gSOCHwAttrib                                                 
00816780  ti_sysbios_heaps_HeapMem_Object__table__V                    
00816798  ti_sysbios_timers_rti_Timer_Module_State_0_device__A         
008167b0  ti_sysbios_timers_rti_Timer_Module_State_0_intFreqs__A       
008167c0  __TI_cleanup_ptr                                             
008167c4  __TI_dtors_ptr                                               
008167c8  __TI_enable_exit_profile_output                              
008167d0  ti_sysbios_hal_Hwi_Object__table__V                          
008167d8  ti_sysbios_timers_rti_Timer_Module_State_0_handles__A        
008167e0  ti_sysbios_gates_GateHwi_Object__table__V                    
008167e8  ti_sysbios_knl_Task_Module_State_0_idleTask__A               
008167f0  ti_sysbios_utils_Load_Module_State_0_runningTask__A          
008167f8  ti_sysbios_utils_Load_Module_State_0_taskStartTime__A        
00816800  _stack                                                       
00816c18  __TI_STACK_END                                               
00816df0  __CIOBUF_                                                    
00816f10  __TI_STATIC_BASE                                             
00816f14  gCRCRegister                                                 
00816f18  regionId                                                     
00816f20  _OdsDemo_fastCode_L1PSRAM_copy_table                         
00816f20  __TI_table__OdsDemo_fastCode_L1PSRAM_copy_table              
00e00000  DSP_fft32x32                                                 
00e00380  DSP_fft16x16                                                 
00e00680  mmwavelib_cfarCadB_SOGO                                      
00e00c60  mmwavelib_cfarCadBwrap                                       
00e01060  mmwavelib_log2Abs32                                          
00e01260  mmwavelib_windowing16x16_evenlen                             
00e01440  mmwavelib_dftSingleBinWithWindow                             
00e015e0  mmwavelib_vecsum                                             
00e01680  mmwavelib_windowing16x32                                     
00e01720  mmwavelib_accum16                                            
00e01780  mmwavelib_vecsubc                                            
00e017e0  cossp                                                        
00e01914  sinsp                                                        
00e01a20  sqrtsp                                                       
00e01ac0  OdsDemo_interFrameProcessing                                 
00e02ea0  OdsDemo_interChirpProcessing                                 
00e030c0  OdsDemo_angleEstimationAzimElev                              
00e038e0  OdsDemo_cfarPeakGrouping                                     
00f00000  gMmwL1                                                       
20000000  _L3data_start                                                
20000000  gOdsL3                                                       
20003d00  SOC_init                                                     
20004180  main                                                         
200042c0  OdsDemo_dataPathInitEdma                                     
200b8000  DOA_2D_storage                                               
21080000  gHSRAM                                                       
ffffffff  __TI_pprof_out_hndl                                          
ffffffff  __TI_prof_data_size                                          
ffffffff  __TI_prof_data_start                                         
ffffffff  __binit__                                                    
ffffffff  __c_args__                                                   
ffffffff  binit                                                        
UNDEFED   __TI_CINIT_Base                                              
UNDEFED   __TI_CINIT_Limit                                             
UNDEFED   __TI_Handler_Table_Base                                      
UNDEFED   __TI_Handler_Table_Limit                                     
UNDEFED   __TI_INITARRAY_Base                                          
UNDEFED   __TI_INITARRAY_Limit                                         
UNDEFED   __TI_TLS_INIT_Base                                           
UNDEFED   __TI_TLS_INIT_Limit                                          

[1020 symbols]
